warn: Setting the full_system parameter via the Simulator constructor is deprecated and will be removed in future releases of gem5. The board determines if the simulation is full system or not via it's `is_fullsystem` method.
Global frequency set at 1000000000000 ticks per second
warn: No dot file generated. Please install pydot to generate the dot file and pdf.
src/mem/dram_interface.cc:690: warn: DRAM device capacity (8192 Mbytes) does not match the address range assigned (1024 Mbytes)
src/base/statistics.hh:279: warn: One of the stats is a legacy stat. Legacy stat is a stat that does not belong to any statistics::Group. Legacy stat is deprecated.
src/base/stats/storage.hh:278: warn: Bucket size (4) does not divide range [1:32] into equal-sized buckets. Rounding up.
src/base/stats/storage.hh:278: warn: Bucket size (4) does not divide range [1:8] into equal-sized buckets. Rounding up.
src/base/remote_gdb.cc:418: warn: Sockets disabled, not accepting gdb connections
gem5 Simulator System.  https://www.gem5.org
gem5 is copyrighted software; use the --copyright option for details.

gem5 version 25.1.0.1
gem5 compiled Sep 29 2026 15:34:47
gem5 started Sep 29 2026 15:40:08
gem5 executing on localhost0101, pid 34025
command line: build/ARM/gem5.opt --outdir=/tmp/p1_smoke_hello configs/se/lsu_proxy.py --cmd workloads/directed/hello --cpu O3

info: Standard input is not a terminal, disabling listeners.
[lsu_proxy] B0 params applied (variant=B0): LQ/SQ=16, DepShift=0, DTLB=32, L2TLB=1280/5, ROB=40, PRF 128/192/48, IQ=32(1L+1S FU opLat=2), width 3/6/8
[lsu_proxy] B0 caches applied (variant=B0): L1D 32KiB/2-way lat222 MSHR6/t8/wb16 + L1I 32KiB/2 lat111 MSHR2 + L2 1MiB/16 lat12 MSHR16 + StridePrefetcher(8,1,on)@L2
src/sim/syscall_emul.cc:86: warn: ignoring syscall set_robust_list(...)
src/sim/syscall_emul.cc:97: warn: ignoring syscall rseq(...)
      (further warnings will be suppressed)
src/sim/mem_state.cc:443: info: Increasing stack size by one page.
src/sim/syscall_emul.hh:1127: warn: readlink() called on '/proc/self/exe' may yield unexpected results in various settings.
      Returning '/home/sdc/gem5-fi-ding/workloads/directed/hello'
src/sim/syscall_emul.cc:86: warn: ignoring syscall mprotect(...)
Hello, AArch64 CHAOS!
SPAWNED pid=34025 pgid=34025 log=runs/lsu/guard/smoke_hello_rsrc.log
{"action": "run-finish", "cmd": ["build/ARM/gem5.opt", "--outdir=/tmp/p1_smoke_hello", "configs/se/lsu_proxy.py", "--cmd", "workloads/directed/hello", "--cpu", "O3"], "pgid": 34025, "exit_code": 0, "monitor_reason": "target-exited", "time": "2026-09-29 15:41:07"}
