
crash 8.0.4-17.oe2403sp4
Copyright (C) 2002-2022  Red Hat, Inc.
Copyright (C) 2004, 2005, 2006, 2010  IBM Corporation
Copyright (C) 1999-2006  Hewlett-Packard Co
Copyright (C) 2005, 2006, 2011, 2012  Fujitsu Limited
Copyright (C) 2006, 2007  VA Linux Systems Japan K.K.
Copyright (C) 2005, 2011, 2020-2022  NEC Corporation
Copyright (C) 1999, 2002, 2007  Silicon Graphics, Inc.
Copyright (C) 1999, 2000, 2001, 2002  Mission Critical Linux, Inc.
Copyright (C) 2015, 2021  VMware, Inc.
This program is free software, covered by the GNU General Public License,
and you are welcome to change it and/or distribute copies of it under
certain conditions.  Enter "help copying" to see the conditions.
This program has absolutely no warranty.  Enter "help warranty" for details.
 
NOTE: stdin: not a tty

GNU gdb (GDB) 10.2
Copyright (C) 2021 Free Software Foundation, Inc.
License GPLv3+: GNU GPL version 3 or later <http://gnu.org/licenses/gpl.html>
This is free software: you are free to change and redistribute it.
There is NO WARRANTY, to the extent permitted by law.
Type "show copying" and "show warranty" for details.
This GDB was configured as "aarch64-unknown-linux-gnu".
Type "show configuration" for configuration details.
Find the GDB manual and other documentation resources online at:
    <http://www.gnu.org/software/gdb/documentation/>.

For help, type "help".
Type "apropos word" to search for commands related to "word"...

    DUMPFILE: /home/sdc/wangxu/vmcore0102/127.0.0.1-2026-09-04-21:53:28/vmcore  [PARTIAL DUMP]
        CPUS: 192
        DATE: Fri Sep  4 21:52:44 CST 2026
      UPTIME: 09:14:32
LOAD AVERAGE: 42.73, 9.68, 3.24
       TASKS: 2212
    NODENAME: localhost0102
     RELEASE: 6.6.0-145.3.23.154.oe2403sp3.aarch64
     VERSION: #1 SMP Mon Jul 27 19:00:34 CST 2026
     MACHINE: aarch64  (unknown Mhz)
      MEMORY: 767.8 GB
       PANIC: "Unable to handle kernel paging request at virtual address 73b8474cc98297a5"
         PID: 581185
     COMMAND: "mi-scavenger"
        TASK: ffff60201da03f00  [THREAD_INFO: ffff60201da03f00]
         CPU: 179
       STATE: TASK_INTERRUPTIBLE (PANIC)

crash> dis ffff80008013ae10 24
WARNING: ffff80008013ae10: no associated kernel symbol found
   0xffff80008013ae10:	udf	#0
   0xffff80008013ae14:	udf	#0
   0xffff80008013ae18:	udf	#0
   0xffff80008013ae1c:	udf	#0
   0xffff80008013ae20:	udf	#0
   0xffff80008013ae24:	udf	#0
   0xffff80008013ae28:	udf	#0
   0xffff80008013ae2c:	udf	#0
   0xffff80008013ae30:	udf	#0
   0xffff80008013ae34:	udf	#0
   0xffff80008013ae38:	udf	#0
   0xffff80008013ae3c:	udf	#0
   0xffff80008013ae40:	udf	#0
   0xffff80008013ae44:	udf	#0
   0xffff80008013ae48:	udf	#0
   0xffff80008013ae4c:	udf	#0
   0xffff80008013ae50:	udf	#0
   0xffff80008013ae54:	udf	#0
   0xffff80008013ae58:	udf	#0
   0xffff80008013ae5c:	udf	#0
   0xffff80008013ae60:	udf	#0
   0xffff80008013ae64:	udf	#0
   0xffff80008013ae68:	udf	#0
   0xffff80008013ae6c:	udf	#0
