
crash 8.0.4-17.oe2403sp4
Copyright (C) 2002-2022  Red Hat, Inc.
Copyright (C) 2004, 2005, 2006, 2010  IBM Corporation
Copyright (C) 1999-2006  Hewlett-Packard Co
Copyright (C) 2005, 2006, 2011, 2012  Fujitsu Limited
Copyright (C) 2006, 2007  VA Linux Systems Japan K.K.
Copyright (C) 2005, 2011, 2020-2022  NEC Corporation
Copyright (C) 1999, 2002, 2007  Silicon Graphics, Inc.
Copyright (C) 1999, 2000, 2001, 2002  Mission Critical Linux, Inc.
Copyright (C) 2015, 2021  VMware, Inc.
This program is free software, covered by the GNU General Public License,
and you are welcome to change it and/or distribute copies of it under
certain conditions.  Enter "help copying" to see the conditions.
This program has absolutely no warranty.  Enter "help warranty" for details.
 
NOTE: stdin: not a tty

GNU gdb (GDB) 10.2
Copyright (C) 2021 Free Software Foundation, Inc.
License GPLv3+: GNU GPL version 3 or later <http://gnu.org/licenses/gpl.html>
This is free software: you are free to change and redistribute it.
There is NO WARRANTY, to the extent permitted by law.
Type "show copying" and "show warranty" for details.
This GDB was configured as "aarch64-unknown-linux-gnu".
Type "show configuration" for configuration details.
Find the GDB manual and other documentation resources online at:
    <http://www.gnu.org/software/gdb/documentation/>.

For help, type "help".
Type "apropos word" to search for commands related to "word"...

    DUMPFILE: /home/sdc/wangxu/vmcore0102/127.0.0.1-2026-09-04-21:53:28/vmcore  [PARTIAL DUMP]
        CPUS: 192
        DATE: Fri Sep  4 21:52:44 CST 2026
      UPTIME: 09:14:32
LOAD AVERAGE: 42.73, 9.68, 3.24
       TASKS: 2212
    NODENAME: localhost0102
     RELEASE: 6.6.0-145.3.23.154.oe2403sp3.aarch64
     VERSION: #1 SMP Mon Jul 27 19:00:34 CST 2026
     MACHINE: aarch64  (unknown Mhz)
      MEMORY: 767.8 GB
       PANIC: "Unable to handle kernel paging request at virtual address 73b8474cc98297a5"
         PID: 581185
     COMMAND: "mi-scavenger"
        TASK: ffff60201da03f00  [THREAD_INFO: ffff60201da03f00]
         CPU: 179
       STATE: TASK_INTERRUPTIBLE (PANIC)

crash> set 581185
    PID: 581185
COMMAND: "mi-scavenger"
   TASK: ffff60201da03f00  [THREAD_INFO: ffff60201da03f00]
    CPU: 179
  STATE: TASK_INTERRUPTIBLE (PANIC)
crash> bt -r
PID: 581185   TASK: ffff60201da03f00  CPU: 179  COMMAND: "mi-scavenger"
ffff8000cb188000:  0000000057ac6e9d 0000000000000000 
ffff8000cb188010:  0000000000000000 0000000000000000 
ffff8000cb188020:  0000000000000000 0000000000000000 
ffff8000cb188030:  0000000000000000 0000000000000000 
ffff8000cb188040:  0000000000000000 0000000000000000 
ffff8000cb188050:  0000000000000000 0000000000000000 
ffff8000cb188060:  0000000000000000 0000000000000000 
ffff8000cb188070:  0000000000000000 0000000000000000 
ffff8000cb188080:  0000000000000000 0000000000000000 
ffff8000cb188090:  0000000000000000 0000000000000000 
ffff8000cb1880a0:  0000000000000000 0000000000000000 
ffff8000cb1880b0:  0000000000000000 0000000000000000 
ffff8000cb1880c0:  0000000000000000 0000000000000000 
ffff8000cb1880d0:  0000000000000000 0000000000000000 
ffff8000cb1880e0:  0000000000000000 0000000000000000 
ffff8000cb1880f0:  0000000000000000 0000000000000000 
ffff8000cb188100:  0000000000000000 0000000000000000 
ffff8000cb188110:  0000000000000000 0000000000000000 
ffff8000cb188120:  0000000000000000 0000000000000000 
ffff8000cb188130:  0000000000000000 0000000000000000 
ffff8000cb188140:  0000000000000000 0000000000000000 
ffff8000cb188150:  0000000000000000 0000000000000000 
ffff8000cb188160:  0000000000000000 0000000000000000 
ffff8000cb188170:  0000000000000000 0000000000000000 
ffff8000cb188180:  0000000000000000 0000000000000000 
ffff8000cb188190:  0000000000000000 0000000000000000 
ffff8000cb1881a0:  0000000000000000 0000000000000000 
ffff8000cb1881b0:  0000000000000000 0000000000000000 
ffff8000cb1881c0:  0000000000000000 0000000000000000 
ffff8000cb1881d0:  0000000000000000 0000000000000000 
ffff8000cb1881e0:  0000000000000000 0000000000000000 
ffff8000cb1881f0:  0000000000000000 0000000000000000 
ffff8000cb188200:  0000000000000000 0000000000000000 
ffff8000cb188210:  0000000000000000 0000000000000000 
ffff8000cb188220:  0000000000000000 0000000000000000 
ffff8000cb188230:  0000000000000000 0000000000000000 
ffff8000cb188240:  0000000000000000 0000000000000000 
ffff8000cb188250:  0000000000000000 0000000000000000 
ffff8000cb188260:  0000000000000000 0000000000000000 
ffff8000cb188270:  0000000000000000 0000000000000000 
ffff8000cb188280:  0000000000000000 0000000000000000 
ffff8000cb188290:  0000000000000000 0000000000000000 
ffff8000cb1882a0:  0000000000000000 0000000000000000 
ffff8000cb1882b0:  0000000000000000 0000000000000000 
ffff8000cb1882c0:  0000000000000000 0000000000000000 
ffff8000cb1882d0:  0000000000000000 0000000000000000 
ffff8000cb1882e0:  0000000000000000 0000000000000000 
ffff8000cb1882f0:  0000000000000000 0000000000000000 
ffff8000cb188300:  0000000000000000 0000000000000000 
ffff8000cb188310:  0000000000000000 0000000000000000 
ffff8000cb188320:  0000000000000000 0000000000000000 
ffff8000cb188330:  0000000000000000 0000000000000000 
ffff8000cb188340:  0000000000000000 0000000000000000 
ffff8000cb188350:  0000000000000000 0000000000000000 
ffff8000cb188360:  0000000000000000 0000000000000000 
ffff8000cb188370:  0000000000000000 0000000000000000 
ffff8000cb188380:  0000000000000000 0000000000000000 
ffff8000cb188390:  0000000000000000 0000000000000000 
ffff8000cb1883a0:  0000000000000000 0000000000000000 
ffff8000cb1883b0:  0000000000000000 0000000000000000 
ffff8000cb1883c0:  0000000000000000 0000000000000000 
ffff8000cb1883d0:  0000000000000000 0000000000000000 
ffff8000cb1883e0:  0000000000000000 0000000000000000 
ffff8000cb1883f0:  0000000000000000 0000000000000000 
ffff8000cb188400:  0000000000000000 0000000000000000 
ffff8000cb188410:  0000000000000000 0000000000000000 
ffff8000cb188420:  0000000000000000 0000000000000000 
ffff8000cb188430:  0000000000000000 0000000000000000 
ffff8000cb188440:  0000000000000000 0000000000000000 
ffff8000cb188450:  0000000000000000 0000000000000000 
ffff8000cb188460:  0000000000000000 0000000000000000 
ffff8000cb188470:  0000000000000000 0000000000000000 
ffff8000cb188480:  0000000000000000 0000000000000000 
ffff8000cb188490:  0000000000000000 0000000000000000 
ffff8000cb1884a0:  0000000000000000 0000000000000000 
ffff8000cb1884b0:  0000000000000000 0000000000000000 
ffff8000cb1884c0:  0000000000000000 0000000000000000 
ffff8000cb1884d0:  0000000000000000 0000000000000000 
ffff8000cb1884e0:  0000000000000000 0000000000000000 
ffff8000cb1884f0:  0000000000000000 0000000000000000 
ffff8000cb188500:  0000000000000000 0000000000000000 
ffff8000cb188510:  0000000000000000 0000000000000000 
ffff8000cb188520:  0000000000000000 0000000000000000 
ffff8000cb188530:  0000000000000000 0000000000000000 
ffff8000cb188540:  0000000000000000 0000000000000000 
ffff8000cb188550:  0000000000000000 0000000000000000 
ffff8000cb188560:  0000000000000000 0000000000000000 
ffff8000cb188570:  0000000000000000 0000000000000000 
ffff8000cb188580:  0000000000000000 0000000000000000 
ffff8000cb188590:  0000000000000000 0000000000000000 
ffff8000cb1885a0:  0000000000000000 0000000000000000 
ffff8000cb1885b0:  0000000000000000 0000000000000000 
ffff8000cb1885c0:  0000000000000000 0000000000000000 
ffff8000cb1885d0:  0000000000000000 0000000000000000 
ffff8000cb1885e0:  0000000000000000 0000000000000000 
ffff8000cb1885f0:  0000000000000000 0000000000000000 
ffff8000cb188600:  0000000000000000 0000000000000000 
ffff8000cb188610:  0000000000000000 0000000000000000 
ffff8000cb188620:  0000000000000000 0000000000000000 
ffff8000cb188630:  0000000000000000 0000000000000000 
ffff8000cb188640:  0000000000000000 0000000000000000 
ffff8000cb188650:  0000000000000000 0000000000000000 
ffff8000cb188660:  0000000000000000 0000000000000000 
ffff8000cb188670:  0000000000000000 0000000000000000 
ffff8000cb188680:  0000000000000000 0000000000000000 
ffff8000cb188690:  0000000000000000 0000000000000000 
ffff8000cb1886a0:  0000000000000000 0000000000000000 
ffff8000cb1886b0:  0000000000000000 0000000000000000 
ffff8000cb1886c0:  0000000000000000 0000000000000000 
ffff8000cb1886d0:  0000000000000000 0000000000000000 
ffff8000cb1886e0:  0000000000000000 0000000000000000 
ffff8000cb1886f0:  0000000000000000 0000000000000000 
ffff8000cb188700:  0000000000000000 0000000000000000 
ffff8000cb188710:  0000000000000000 0000000000000000 
ffff8000cb188720:  0000000000000000 0000000000000000 
ffff8000cb188730:  0000000000000000 0000000000000000 
ffff8000cb188740:  0000000000000000 0000000000000000 
ffff8000cb188750:  0000000000000000 0000000000000000 
ffff8000cb188760:  0000000000000000 0000000000000000 
ffff8000cb188770:  0000000000000000 0000000000000000 
ffff8000cb188780:  0000000000000000 0000000000000000 
ffff8000cb188790:  0000000000000000 0000000000000000 
ffff8000cb1887a0:  0000000000000000 0000000000000000 
ffff8000cb1887b0:  0000000000000000 0000000000000000 
ffff8000cb1887c0:  0000000000000000 0000000000000000 
ffff8000cb1887d0:  0000000000000000 0000000000000000 
ffff8000cb1887e0:  0000000000000000 0000000000000000 
ffff8000cb1887f0:  0000000000000000 0000000000000000 
ffff8000cb188800:  0000000000000000 0000000000000000 
ffff8000cb188810:  0000000000000000 0000000000000000 
ffff8000cb188820:  0000000000000000 0000000000000000 
ffff8000cb188830:  0000000000000000 0000000000000000 
ffff8000cb188840:  0000000000000000 0000000000000000 
ffff8000cb188850:  0000000000000000 0000000000000000 
ffff8000cb188860:  0000000000000000 0000000000000000 
ffff8000cb188870:  0000000000000000 0000000000000000 
ffff8000cb188880:  0000000000000000 0000000000000000 
ffff8000cb188890:  0000000000000000 0000000000000000 
ffff8000cb1888a0:  0000000000000000 0000000000000000 
ffff8000cb1888b0:  0000000000000000 0000000000000000 
ffff8000cb1888c0:  0000000000000000 0000000000000000 
ffff8000cb1888d0:  0000000000000000 0000000000000000 
ffff8000cb1888e0:  0000000000000000 0000000000000000 
ffff8000cb1888f0:  0000000000000000 0000000000000000 
ffff8000cb188900:  0000000000000000 0000000000000000 
ffff8000cb188910:  0000000000000000 0000000000000000 
ffff8000cb188920:  0000000000000000 0000000000000000 
ffff8000cb188930:  0000000000000000 0000000000000000 
ffff8000cb188940:  0000000000000000 0000000000000000 
ffff8000cb188950:  0000000000000000 0000000000000000 
ffff8000cb188960:  0000000000000000 0000000000000000 
ffff8000cb188970:  0000000000000000 0000000000000000 
ffff8000cb188980:  0000000000000000 0000000000000000 
ffff8000cb188990:  0000000000000000 0000000000000000 
ffff8000cb1889a0:  0000000000000000 0000000000000000 
ffff8000cb1889b0:  0000000000000000 0000000000000000 
ffff8000cb1889c0:  0000000000000000 0000000000000000 
ffff8000cb1889d0:  0000000000000000 0000000000000000 
ffff8000cb1889e0:  0000000000000000 0000000000000000 
ffff8000cb1889f0:  0000000000000000 0000000000000000 
ffff8000cb188a00:  0000000000000000 0000000000000000 
ffff8000cb188a10:  0000000000000000 0000000000000000 
ffff8000cb188a20:  0000000000000000 0000000000000000 
ffff8000cb188a30:  0000000000000000 0000000000000000 
ffff8000cb188a40:  0000000000000000 0000000000000000 
ffff8000cb188a50:  0000000000000000 0000000000000000 
ffff8000cb188a60:  0000000000000000 0000000000000000 
ffff8000cb188a70:  0000000000000000 0000000000000000 
ffff8000cb188a80:  0000000000000000 0000000000000000 
ffff8000cb188a90:  0000000000000000 0000000000000000 
ffff8000cb188aa0:  0000000000000000 0000000000000000 
ffff8000cb188ab0:  0000000000000000 0000000000000000 
ffff8000cb188ac0:  0000000000000000 0000000000000000 
ffff8000cb188ad0:  0000000000000000 0000000000000000 
ffff8000cb188ae0:  0000000000000000 0000000000000000 
ffff8000cb188af0:  0000000000000000 0000000000000000 
ffff8000cb188b00:  0000000000000000 0000000000000000 
ffff8000cb188b10:  0000000000000000 0000000000000000 
ffff8000cb188b20:  0000000000000000 0000000000000000 
ffff8000cb188b30:  0000000000000000 0000000000000000 
ffff8000cb188b40:  0000000000000000 0000000000000000 
ffff8000cb188b50:  0000000000000000 0000000000000000 
ffff8000cb188b60:  0000000000000000 0000000000000000 
ffff8000cb188b70:  0000000000000000 0000000000000000 
ffff8000cb188b80:  0000000000000000 0000000000000000 
ffff8000cb188b90:  0000000000000000 0000000000000000 
ffff8000cb188ba0:  0000000000000000 0000000000000000 
ffff8000cb188bb0:  0000000000000000 0000000000000000 
ffff8000cb188bc0:  0000000000000000 0000000000000000 
ffff8000cb188bd0:  0000000000000000 0000000000000000 
ffff8000cb188be0:  0000000000000000 0000000000000000 
ffff8000cb188bf0:  0000000000000000 0000000000000000 
ffff8000cb188c00:  0000000000000000 0000000000000000 
ffff8000cb188c10:  0000000000000000 0000000000000000 
ffff8000cb188c20:  0000000000000000 0000000000000000 
ffff8000cb188c30:  0000000000000000 0000000000000000 
ffff8000cb188c40:  0000000000000000 0000000000000000 
ffff8000cb188c50:  0000000000000000 0000000000000000 
ffff8000cb188c60:  0000000000000000 0000000000000000 
ffff8000cb188c70:  0000000000000000 0000000000000000 
ffff8000cb188c80:  0000000000000000 0000000000000000 
ffff8000cb188c90:  0000000000000000 0000000000000000 
ffff8000cb188ca0:  0000000000000000 0000000000000000 
ffff8000cb188cb0:  0000000000000000 0000000000000000 
ffff8000cb188cc0:  0000000000000000 0000000000000000 
ffff8000cb188cd0:  0000000000000000 0000000000000000 
ffff8000cb188ce0:  0000000000000000 0000000000000000 
ffff8000cb188cf0:  0000000000000000 0000000000000000 
ffff8000cb188d00:  0000000000000000 0000000000000000 
ffff8000cb188d10:  0000000000000000 0000000000000000 
ffff8000cb188d20:  0000000000000000 0000000000000000 
ffff8000cb188d30:  0000000000000000 0000000000000000 
ffff8000cb188d40:  0000000000000000 0000000000000000 
ffff8000cb188d50:  0000000000000000 0000000000000000 
ffff8000cb188d60:  0000000000000000 0000000000000000 
ffff8000cb188d70:  0000000000000000 0000000000000000 
ffff8000cb188d80:  0000000000000000 0000000000000000 
ffff8000cb188d90:  0000000000000000 0000000000000000 
ffff8000cb188da0:  0000000000000000 0000000000000000 
ffff8000cb188db0:  0000000000000000 0000000000000000 
ffff8000cb188dc0:  0000000000000000 0000000000000000 
ffff8000cb188dd0:  0000000000000000 0000000000000000 
ffff8000cb188de0:  0000000000000000 0000000000000000 
ffff8000cb188df0:  0000000000000000 0000000000000000 
ffff8000cb188e00:  0000000000000000 0000000000000000 
ffff8000cb188e10:  0000000000000000 0000000000000000 
