crash: seek error: kernel virtual address: ffff800080000058  type: "IRQ stack pointer"
crash: seek error: kernel virtual address: ffff800080022058  type: "IRQ stack pointer"
crash: seek error: kernel virtual address: ffff800080044058  type: "IRQ stack pointer"
crash: seek error: kernel virtual address: ffff800080066058  type: "IRQ stack pointer"
crash: seek error: kernel virtual address: ffff800080088058  type: "IRQ stack pointer"
crash: seek error: kernel virtual address: ffff8000800aa058  type: "IRQ stack pointer"
crash: seek error: kernel virtual address: ffff8000800cc058  type: "IRQ stack pointer"
crash: seek error: kernel virtual address: ffff8000800ee058  type: "IRQ stack pointer"
crash: seek error: kernel virtual address: ffff800080110058  type: "IRQ stack pointer"
crash: seek error: kernel virtual address: ffff800080132058  type: "IRQ stack pointer"
crash: seek error: kernel virtual address: ffff800080154058  type: "IRQ stack pointer"
crash: seek error: kernel virtual address: ffff800080176058  type: "IRQ stack pointer"
crash: seek error: kernel virtual address: ffff800080198058  type: "IRQ stack pointer"
crash: seek error: kernel virtual address: ffff8000801ba058  type: "IRQ stack pointer"
crash: seek error: kernel virtual address: ffff8000801dc058  type: "IRQ stack pointer"
crash: seek error: kernel virtual address: ffff8000801fe058  type: "IRQ stack pointer"
crash: seek error: kernel virtual address: ffff800080220058  type: "IRQ stack pointer"
crash: seek error: kernel virtual address: ffff800080242058  type: "IRQ stack pointer"
crash: seek error: kernel virtual address: ffff800080264058  type: "IRQ stack pointer"
crash: seek error: kernel virtual address: ffff800080286058  type: "IRQ stack pointer"
crash: seek error: kernel virtual address: ffff8000802a8058  type: "IRQ stack pointer"
crash: seek error: kernel virtual address: ffff8000802ca058  type: "IRQ stack pointer"
crash: seek error: kernel virtual address: ffff8000802ec058  type: "IRQ stack pointer"
crash: seek error: kernel virtual address: ffff80008030e058  type: "IRQ stack pointer"
crash: seek error: kernel virtual address: ffff800080330058  type: "IRQ stack pointer"
crash: seek error: kernel virtual address: ffff800080352058  type: "IRQ stack pointer"
crash: seek error: kernel virtual address: ffff800080374058  type: "IRQ stack pointer"
crash: seek error: kernel virtual address: ffff800080396058  type: "IRQ stack pointer"
crash: seek error: kernel virtual address: ffff8000803b8058  type: "IRQ stack pointer"
crash: seek error: kernel virtual address: ffff8000803da058  type: "IRQ stack pointer"
crash: seek error: kernel virtual address: ffff8000803fc058  type: "IRQ stack pointer"
crash: seek error: kernel virtual address: ffff80008041e058  type: "IRQ stack pointer"
crash: seek error: kernel virtual address: ffff800080440058  type: "IRQ stack pointer"
crash: seek error: kernel virtual address: ffff800080462058  type: "IRQ stack pointer"
crash: seek error: kernel virtual address: ffff800080484058  type: "IRQ stack pointer"
crash: seek error: kernel virtual address: ffff8000804a6058  type: "IRQ stack pointer"
crash: seek error: kernel virtual address: ffff8000804c8058  type: "IRQ stack pointer"
crash: seek error: kernel virtual address: ffff8000804ea058  type: "IRQ stack pointer"
crash: seek error: kernel virtual address: ffff80008050c058  type: "IRQ stack pointer"
crash: seek error: kernel virtual address: ffff80008052e058  type: "IRQ stack pointer"
crash: seek error: kernel virtual address: ffff800080550058  type: "IRQ stack pointer"
crash: seek error: kernel virtual address: ffff800080572058  type: "IRQ stack pointer"
crash: seek error: kernel virtual address: ffff800080594058  type: "IRQ stack pointer"
crash: seek error: kernel virtual address: ffff8000805b6058  type: "IRQ stack pointer"
crash: seek error: kernel virtual address: ffff8000805d8058  type: "IRQ stack pointer"
crash: seek error: kernel virtual address: ffff8000805fa058  type: "IRQ stack pointer"
crash: seek error: kernel virtual address: ffff80008061c058  type: "IRQ stack pointer"
crash: seek error: kernel virtual address: ffff80008063e058  type: "IRQ stack pointer"
crash: seek error: kernel virtual address: ffff800080660058  type: "IRQ stack pointer"
crash: seek error: kernel virtual address: ffff800080682058  type: "IRQ stack pointer"
crash: seek error: kernel virtual address: ffff8000806a4058  type: "IRQ stack pointer"
crash: seek error: kernel virtual address: ffff8000806c6058  type: "IRQ stack pointer"
crash: seek error: kernel virtual address: ffff8000806e8058  type: "IRQ stack pointer"
crash: seek error: kernel virtual address: ffff80008070a058  type: "IRQ stack pointer"
crash: seek error: kernel virtual address: ffff80008072c058  type: "IRQ stack pointer"
crash: seek error: kernel virtual address: ffff80008074e058  type: "IRQ stack pointer"
crash: seek error: kernel virtual address: ffff800080770058  type: "IRQ stack pointer"
crash: seek error: kernel virtual address: ffff800080792058  type: "IRQ stack pointer"
crash: seek error: kernel virtual address: ffff8000807b4058  type: "IRQ stack pointer"
crash: seek error: kernel virtual address: ffff8000807d6058  type: "IRQ stack pointer"
crash: seek error: kernel virtual address: ffff8000807f8058  type: "IRQ stack pointer"
crash: seek error: kernel virtual address: ffff80008081a058  type: "IRQ stack pointer"
crash: seek error: kernel virtual address: ffff80008083c058  type: "IRQ stack pointer"
crash: seek error: kernel virtual address: ffff80008085e058  type: "IRQ stack pointer"
crash: seek error: kernel virtual address: ffff800080880058  type: "IRQ stack pointer"
crash: seek error: kernel virtual address: ffff8000808a2058  type: "IRQ stack pointer"
crash: seek error: kernel virtual address: ffff8000808c4058  type: "IRQ stack pointer"
crash: seek error: kernel virtual address: ffff8000808e6058  type: "IRQ stack pointer"
crash: seek error: kernel virtual address: ffff800080908058  type: "IRQ stack pointer"
crash: seek error: kernel virtual address: ffff80008092a058  type: "IRQ stack pointer"
crash: seek error: kernel virtual address: ffff80008094c058  type: "IRQ stack pointer"
crash: seek error: kernel virtual address: ffff80008096e058  type: "IRQ stack pointer"
crash: seek error: kernel virtual address: ffff800080990058  type: "IRQ stack pointer"
crash: seek error: kernel virtual address: ffff8000809b2058  type: "IRQ stack pointer"
crash: seek error: kernel virtual address: ffff8000809d4058  type: "IRQ stack pointer"
crash: seek error: kernel virtual address: ffff8000809f6058  type: "IRQ stack pointer"
crash: seek error: kernel virtual address: ffff800080a18058  type: "IRQ stack pointer"
crash: seek error: kernel virtual address: ffff800080a3a058  type: "IRQ stack pointer"
crash: seek error: kernel virtual address: ffff800080a5c058  type: "IRQ stack pointer"
crash: seek error: kernel virtual address: ffff800080a7e058  type: "IRQ stack pointer"
crash: seek error: kernel virtual address: ffff800080aa0058  type: "IRQ stack pointer"
crash: seek error: kernel virtual address: ffff800080ac2058  type: "IRQ stack pointer"
crash: seek error: kernel virtual address: ffff800080ae4058  type: "IRQ stack pointer"
crash: seek error: kernel virtual address: ffff800080b06058  type: "IRQ stack pointer"
crash: seek error: kernel virtual address: ffff800080b28058  type: "IRQ stack pointer"
crash: seek error: kernel virtual address: ffff800080b4a058  type: "IRQ stack pointer"
crash: seek error: kernel virtual address: ffff800080b6c058  type: "IRQ stack pointer"
crash: seek error: kernel virtual address: ffff800080b8e058  type: "IRQ stack pointer"
crash: seek error: kernel virtual address: ffff800080bb0058  type: "IRQ stack pointer"
crash: seek error: kernel virtual address: ffff800080bd2058  type: "IRQ stack pointer"
crash: seek error: kernel virtual address: ffff800080bf4058  type: "IRQ stack pointer"
crash: seek error: kernel virtual address: ffff800080c16058  type: "IRQ stack pointer"
crash: seek error: kernel virtual address: ffff800080c38058  type: "IRQ stack pointer"
crash: seek error: kernel virtual address: ffff800080c5a058  type: "IRQ stack pointer"
crash: seek error: kernel virtual address: ffff800080c7c058  type: "IRQ stack pointer"
crash: seek error: kernel virtual address: ffff800080c9e058  type: "IRQ stack pointer"
crash: seek error: kernel virtual address: ffff800080cc0058  type: "IRQ stack pointer"
crash: seek error: kernel virtual address: ffff800080ce2058  type: "IRQ stack pointer"
crash: seek error: kernel virtual address: ffff800080d04058  type: "IRQ stack pointer"
crash: seek error: kernel virtual address: ffff800080d26058  type: "IRQ stack pointer"
crash: seek error: kernel virtual address: ffff800080d48058  type: "IRQ stack pointer"
crash: seek error: kernel virtual address: ffff800080d6a058  type: "IRQ stack pointer"
crash: seek error: kernel virtual address: ffff800080d8c058  type: "IRQ stack pointer"
crash: seek error: kernel virtual address: ffff800080dae058  type: "IRQ stack pointer"
crash: seek error: kernel virtual address: ffff800080dd0058  type: "IRQ stack pointer"
crash: seek error: kernel virtual address: ffff800080df2058  type: "IRQ stack pointer"
crash: seek error: kernel virtual address: ffff800080e14058  type: "IRQ stack pointer"
crash: seek error: kernel virtual address: ffff800080e36058  type: "IRQ stack pointer"
crash: seek error: kernel virtual address: ffff800080e58058  type: "IRQ stack pointer"
crash: seek error: kernel virtual address: ffff800080e7a058  type: "IRQ stack pointer"
crash: seek error: kernel virtual address: ffff800080e9c058  type: "IRQ stack pointer"
crash: seek error: kernel virtual address: ffff800080ebe058  type: "IRQ stack pointer"
crash: seek error: kernel virtual address: ffff800080ee0058  type: "IRQ stack pointer"
crash: seek error: kernel virtual address: ffff800080f02058  type: "IRQ stack pointer"
crash: seek error: kernel virtual address: ffff800080f24058  type: "IRQ stack pointer"
crash: seek error: kernel virtual address: ffff800080f46058  type: "IRQ stack pointer"
crash: seek error: kernel virtual address: ffff800080f68058  type: "IRQ stack pointer"
crash: seek error: kernel virtual address: ffff800080f8a058  type: "IRQ stack pointer"
crash: seek error: kernel virtual address: ffff800080fac058  type: "IRQ stack pointer"
crash: seek error: kernel virtual address: ffff800080fce058  type: "IRQ stack pointer"
crash: seek error: kernel virtual address: ffff800080ff0058  type: "IRQ stack pointer"
crash: seek error: kernel virtual address: ffff800081012058  type: "IRQ stack pointer"
crash: seek error: kernel virtual address: ffff800081034058  type: "IRQ stack pointer"
crash: seek error: kernel virtual address: ffff800081056058  type: "IRQ stack pointer"
crash: seek error: kernel virtual address: ffff800081078058  type: "IRQ stack pointer"
crash: seek error: kernel virtual address: ffff80008109a058  type: "IRQ stack pointer"
crash: seek error: kernel virtual address: ffff8000810bc058  type: "IRQ stack pointer"
crash: seek error: kernel virtual address: ffff8000810de058  type: "IRQ stack pointer"
crash: seek error: kernel virtual address: ffff800081100058  type: "IRQ stack pointer"
crash: seek error: kernel virtual address: ffff800081122058  type: "IRQ stack pointer"
crash: seek error: kernel virtual address: ffff800081144058  type: "IRQ stack pointer"
crash: seek error: kernel virtual address: ffff800081166058  type: "IRQ stack pointer"
crash: seek error: kernel virtual address: ffff800081188058  type: "IRQ stack pointer"
crash: seek error: kernel virtual address: ffff8000811aa058  type: "IRQ stack pointer"
crash: seek error: kernel virtual address: ffff8000811cc058  type: "IRQ stack pointer"
crash: seek error: kernel virtual address: ffff8000811ee058  type: "IRQ stack pointer"
crash: seek error: kernel virtual address: ffff800081210058  type: "IRQ stack pointer"
crash: seek error: kernel virtual address: ffff800081232058  type: "IRQ stack pointer"
crash: seek error: kernel virtual address: ffff800081254058  type: "IRQ stack pointer"
crash: seek error: kernel virtual address: ffff800081276058  type: "IRQ stack pointer"
crash: seek error: kernel virtual address: ffff800081298058  type: "IRQ stack pointer"
crash: seek error: kernel virtual address: ffff8000812ba058  type: "IRQ stack pointer"
crash: seek error: kernel virtual address: ffff8000812dc058  type: "IRQ stack pointer"
crash: seek error: kernel virtual address: ffff8000812fe058  type: "IRQ stack pointer"
crash: seek error: kernel virtual address: ffff800081320058  type: "IRQ stack pointer"
crash: seek error: kernel virtual address: ffff800081342058  type: "IRQ stack pointer"
crash: seek error: kernel virtual address: ffff800081364058  type: "IRQ stack pointer"
crash: seek error: kernel virtual address: ffff800081386058  type: "IRQ stack pointer"
crash: seek error: kernel virtual address: ffff8000813a8058  type: "IRQ stack pointer"
crash: seek error: kernel virtual address: ffff8000813ca058  type: "IRQ stack pointer"
crash: seek error: kernel virtual address: ffff8000813ec058  type: "IRQ stack pointer"
crash: seek error: kernel virtual address: ffff80008140e058  type: "IRQ stack pointer"
crash: seek error: kernel virtual address: ffff800081430058  type: "IRQ stack pointer"
crash: seek error: kernel virtual address: ffff800081452058  type: "IRQ stack pointer"
crash: seek error: kernel virtual address: ffff800081474058  type: "IRQ stack pointer"
crash: seek error: kernel virtual address: ffff800081496058  type: "IRQ stack pointer"
crash: seek error: kernel virtual address: ffff8000814b8058  type: "IRQ stack pointer"
crash: seek error: kernel virtual address: ffff8000814da058  type: "IRQ stack pointer"
crash: seek error: kernel virtual address: ffff8000814fc058  type: "IRQ stack pointer"
crash: seek error: kernel virtual address: ffff80008151e058  type: "IRQ stack pointer"
crash: seek error: kernel virtual address: ffff800081540058  type: "IRQ stack pointer"
crash: seek error: kernel virtual address: ffff800081562058  type: "IRQ stack pointer"
crash: seek error: kernel virtual address: ffff800081584058  type: "IRQ stack pointer"
crash: seek error: kernel virtual address: ffff8000815a6058  type: "IRQ stack pointer"
crash: seek error: kernel virtual address: ffff8000815c8058  type: "IRQ stack pointer"
crash: seek error: kernel virtual address: ffff8000815ea058  type: "IRQ stack pointer"
crash: seek error: kernel virtual address: ffff80008160c058  type: "IRQ stack pointer"
crash: seek error: kernel virtual address: ffff80008162e058  type: "IRQ stack pointer"
crash: seek error: kernel virtual address: ffff800081650058  type: "IRQ stack pointer"
crash: seek error: kernel virtual address: ffff800081672058  type: "IRQ stack pointer"
crash: seek error: kernel virtual address: ffff800081694058  type: "IRQ stack pointer"
crash: seek error: kernel virtual address: ffff8000816b6058  type: "IRQ stack pointer"
crash: seek error: kernel virtual address: ffff8000816d8058  type: "IRQ stack pointer"
crash: seek error: kernel virtual address: ffff8000816fa058  type: "IRQ stack pointer"
crash: seek error: kernel virtual address: ffff80008171c058  type: "IRQ stack pointer"
crash: seek error: kernel virtual address: ffff80008173e058  type: "IRQ stack pointer"
crash: seek error: kernel virtual address: ffff800081760058  type: "IRQ stack pointer"
crash: seek error: kernel virtual address: ffff800081782058  type: "IRQ stack pointer"
crash: seek error: kernel virtual address: ffff8000817a4058  type: "IRQ stack pointer"
crash: seek error: kernel virtual address: ffff8000817c6058  type: "IRQ stack pointer"
crash: seek error: kernel virtual address: ffff8000817e8058  type: "IRQ stack pointer"
crash: seek error: kernel virtual address: ffff80008180a058  type: "IRQ stack pointer"
crash: seek error: kernel virtual address: ffff80008182c058  type: "IRQ stack pointer"
crash: seek error: kernel virtual address: ffff80008184e058  type: "IRQ stack pointer"
crash: seek error: kernel virtual address: ffff800081870058  type: "IRQ stack pointer"
crash: seek error: kernel virtual address: ffff800081892058  type: "IRQ stack pointer"
crash: seek error: kernel virtual address: ffff8000818b4058  type: "IRQ stack pointer"
crash: seek error: kernel virtual address: ffff8000818d6058  type: "IRQ stack pointer"
crash: seek error: kernel virtual address: ffff8000818f8058  type: "IRQ stack pointer"
crash: seek error: kernel virtual address: ffff80008191a058  type: "IRQ stack pointer"
crash: seek error: kernel virtual address: ffff80008193c058  type: "IRQ stack pointer"
crash: seek error: kernel virtual address: ffff80008195e058  type: "IRQ stack pointer"
crash: seek error: kernel virtual address: ffff800080001600  type: "SDEI stack pointer"
crash: seek error: kernel virtual address: ffff800080023600  type: "SDEI stack pointer"
crash: seek error: kernel virtual address: ffff800080045600  type: "SDEI stack pointer"
crash: seek error: kernel virtual address: ffff800080067600  type: "SDEI stack pointer"
crash: seek error: kernel virtual address: ffff800080089600  type: "SDEI stack pointer"
crash: seek error: kernel virtual address: ffff8000800ab600  type: "SDEI stack pointer"
crash: seek error: kernel virtual address: ffff8000800cd600  type: "SDEI stack pointer"
crash: seek error: kernel virtual address: ffff8000800ef600  type: "SDEI stack pointer"
crash: seek error: kernel virtual address: ffff800080111600  type: "SDEI stack pointer"
crash: seek error: kernel virtual address: ffff800080133600  type: "SDEI stack pointer"
crash: seek error: kernel virtual address: ffff800080155600  type: "SDEI stack pointer"
crash: seek error: kernel virtual address: ffff800080177600  type: "SDEI stack pointer"
crash: seek error: kernel virtual address: ffff800080199600  type: "SDEI stack pointer"
crash: seek error: kernel virtual address: ffff8000801bb600  type: "SDEI stack pointer"
crash: seek error: kernel virtual address: ffff8000801dd600  type: "SDEI stack pointer"
crash: seek error: kernel virtual address: ffff8000801ff600  type: "SDEI stack pointer"
crash: seek error: kernel virtual address: ffff800080221600  type: "SDEI stack pointer"
crash: seek error: kernel virtual address: ffff800080243600  type: "SDEI stack pointer"
crash: seek error: kernel virtual address: ffff800080265600  type: "SDEI stack pointer"
crash: seek error: kernel virtual address: ffff800080287600  type: "SDEI stack pointer"
crash: seek error: kernel virtual address: ffff8000802a9600  type: "SDEI stack pointer"
crash: seek error: kernel virtual address: ffff8000802cb600  type: "SDEI stack pointer"
crash: seek error: kernel virtual address: ffff8000802ed600  type: "SDEI stack pointer"
crash: seek error: kernel virtual address: ffff80008030f600  type: "SDEI stack pointer"
crash: seek error: kernel virtual address: ffff800080331600  type: "SDEI stack pointer"
crash: seek error: kernel virtual address: ffff800080353600  type: "SDEI stack pointer"
crash: seek error: kernel virtual address: ffff800080375600  type: "SDEI stack pointer"
crash: seek error: kernel virtual address: ffff800080397600  type: "SDEI stack pointer"
crash: seek error: kernel virtual address: ffff8000803b9600  type: "SDEI stack pointer"
crash: seek error: kernel virtual address: ffff8000803db600  type: "SDEI stack pointer"
crash: seek error: kernel virtual address: ffff8000803fd600  type: "SDEI stack pointer"
crash: seek error: kernel virtual address: ffff80008041f600  type: "SDEI stack pointer"
crash: seek error: kernel virtual address: ffff800080441600  type: "SDEI stack pointer"
crash: seek error: kernel virtual address: ffff800080463600  type: "SDEI stack pointer"
crash: seek error: kernel virtual address: ffff800080485600  type: "SDEI stack pointer"
crash: seek error: kernel virtual address: ffff8000804a7600  type: "SDEI stack pointer"
crash: seek error: kernel virtual address: ffff8000804c9600  type: "SDEI stack pointer"
crash: seek error: kernel virtual address: ffff8000804eb600  type: "SDEI stack pointer"
crash: seek error: kernel virtual address: ffff80008050d600  type: "SDEI stack pointer"
crash: seek error: kernel virtual address: ffff80008052f600  type: "SDEI stack pointer"
crash: seek error: kernel virtual address: ffff800080551600  type: "SDEI stack pointer"
crash: seek error: kernel virtual address: ffff800080573600  type: "SDEI stack pointer"
crash: seek error: kernel virtual address: ffff800080595600  type: "SDEI stack pointer"
crash: seek error: kernel virtual address: ffff8000805b7600  type: "SDEI stack pointer"
crash: seek error: kernel virtual address: ffff8000805d9600  type: "SDEI stack pointer"
crash: seek error: kernel virtual address: ffff8000805fb600  type: "SDEI stack pointer"
crash: seek error: kernel virtual address: ffff80008061d600  type: "SDEI stack pointer"
crash: seek error: kernel virtual address: ffff80008063f600  type: "SDEI stack pointer"
crash: seek error: kernel virtual address: ffff800080661600  type: "SDEI stack pointer"
crash: seek error: kernel virtual address: ffff800080683600  type: "SDEI stack pointer"
crash: seek error: kernel virtual address: ffff8000806a5600  type: "SDEI stack pointer"
crash: seek error: kernel virtual address: ffff8000806c7600  type: "SDEI stack pointer"
crash: seek error: kernel virtual address: ffff8000806e9600  type: "SDEI stack pointer"
crash: seek error: kernel virtual address: ffff80008070b600  type: "SDEI stack pointer"
crash: seek error: kernel virtual address: ffff80008072d600  type: "SDEI stack pointer"
crash: seek error: kernel virtual address: ffff80008074f600  type: "SDEI stack pointer"
crash: seek error: kernel virtual address: ffff800080771600  type: "SDEI stack pointer"
crash: seek error: kernel virtual address: ffff800080793600  type: "SDEI stack pointer"
crash: seek error: kernel virtual address: ffff8000807b5600  type: "SDEI stack pointer"
crash: seek error: kernel virtual address: ffff8000807d7600  type: "SDEI stack pointer"
crash: seek error: kernel virtual address: ffff8000807f9600  type: "SDEI stack pointer"
crash: seek error: kernel virtual address: ffff80008081b600  type: "SDEI stack pointer"
crash: seek error: kernel virtual address: ffff80008083d600  type: "SDEI stack pointer"
crash: seek error: kernel virtual address: ffff80008085f600  type: "SDEI stack pointer"
crash: seek error: kernel virtual address: ffff800080881600  type: "SDEI stack pointer"
crash: seek error: kernel virtual address: ffff8000808a3600  type: "SDEI stack pointer"
crash: seek error: kernel virtual address: ffff8000808c5600  type: "SDEI stack pointer"
crash: seek error: kernel virtual address: ffff8000808e7600  type: "SDEI stack pointer"
crash: seek error: kernel virtual address: ffff800080909600  type: "SDEI stack pointer"
crash: seek error: kernel virtual address: ffff80008092b600  type: "SDEI stack pointer"
crash: seek error: kernel virtual address: ffff80008094d600  type: "SDEI stack pointer"
crash: seek error: kernel virtual address: ffff80008096f600  type: "SDEI stack pointer"
crash: seek error: kernel virtual address: ffff800080991600  type: "SDEI stack pointer"
crash: seek error: kernel virtual address: ffff8000809b3600  type: "SDEI stack pointer"
crash: seek error: kernel virtual address: ffff8000809d5600  type: "SDEI stack pointer"
crash: seek error: kernel virtual address: ffff8000809f7600  type: "SDEI stack pointer"
crash: seek error: kernel virtual address: ffff800080a19600  type: "SDEI stack pointer"
crash: seek error: kernel virtual address: ffff800080a3b600  type: "SDEI stack pointer"
crash: seek error: kernel virtual address: ffff800080a5d600  type: "SDEI stack pointer"
crash: seek error: kernel virtual address: ffff800080a7f600  type: "SDEI stack pointer"
crash: seek error: kernel virtual address: ffff800080aa1600  type: "SDEI stack pointer"
crash: seek error: kernel virtual address: ffff800080ac3600  type: "SDEI stack pointer"
crash: seek error: kernel virtual address: ffff800080ae5600  type: "SDEI stack pointer"
crash: seek error: kernel virtual address: ffff800080b07600  type: "SDEI stack pointer"
crash: seek error: kernel virtual address: ffff800080b29600  type: "SDEI stack pointer"
crash: seek error: kernel virtual address: ffff800080b4b600  type: "SDEI stack pointer"
crash: seek error: kernel virtual address: ffff800080b6d600  type: "SDEI stack pointer"
crash: seek error: kernel virtual address: ffff800080b8f600  type: "SDEI stack pointer"
crash: seek error: kernel virtual address: ffff800080bb1600  type: "SDEI stack pointer"
crash: seek error: kernel virtual address: ffff800080bd3600  type: "SDEI stack pointer"
crash: seek error: kernel virtual address: ffff800080bf5600  type: "SDEI stack pointer"
crash: seek error: kernel virtual address: ffff800080c17600  type: "SDEI stack pointer"
crash: seek error: kernel virtual address: ffff800080c39600  type: "SDEI stack pointer"
crash: seek error: kernel virtual address: ffff800080c5b600  type: "SDEI stack pointer"
crash: seek error: kernel virtual address: ffff800080c7d600  type: "SDEI stack pointer"
crash: seek error: kernel virtual address: ffff800080c9f600  type: "SDEI stack pointer"
crash: seek error: kernel virtual address: ffff800080cc1600  type: "SDEI stack pointer"
crash: seek error: kernel virtual address: ffff800080ce3600  type: "SDEI stack pointer"
crash: seek error: kernel virtual address: ffff800080d05600  type: "SDEI stack pointer"
crash: seek error: kernel virtual address: ffff800080d27600  type: "SDEI stack pointer"
crash: seek error: kernel virtual address: ffff800080d49600  type: "SDEI stack pointer"
crash: seek error: kernel virtual address: ffff800080d6b600  type: "SDEI stack pointer"
crash: seek error: kernel virtual address: ffff800080d8d600  type: "SDEI stack pointer"
crash: seek error: kernel virtual address: ffff800080daf600  type: "SDEI stack pointer"
crash: seek error: kernel virtual address: ffff800080dd1600  type: "SDEI stack pointer"
crash: seek error: kernel virtual address: ffff800080df3600  type: "SDEI stack pointer"
crash: seek error: kernel virtual address: ffff800080e15600  type: "SDEI stack pointer"
crash: seek error: kernel virtual address: ffff800080e37600  type: "SDEI stack pointer"
crash: seek error: kernel virtual address: ffff800080e59600  type: "SDEI stack pointer"
crash: seek error: kernel virtual address: ffff800080e7b600  type: "SDEI stack pointer"
crash: seek error: kernel virtual address: ffff800080e9d600  type: "SDEI stack pointer"
crash: seek error: kernel virtual address: ffff800080ebf600  type: "SDEI stack pointer"
crash: seek error: kernel virtual address: ffff800080ee1600  type: "SDEI stack pointer"
crash: seek error: kernel virtual address: ffff800080f03600  type: "SDEI stack pointer"
crash: seek error: kernel virtual address: ffff800080f25600  type: "SDEI stack pointer"
crash: seek error: kernel virtual address: ffff800080f47600  type: "SDEI stack pointer"
crash: seek error: kernel virtual address: ffff800080f69600  type: "SDEI stack pointer"
crash: seek error: kernel virtual address: ffff800080f8b600  type: "SDEI stack pointer"
crash: seek error: kernel virtual address: ffff800080fad600  type: "SDEI stack pointer"
crash: seek error: kernel virtual address: ffff800080fcf600  type: "SDEI stack pointer"
crash: seek error: kernel virtual address: ffff800080ff1600  type: "SDEI stack pointer"
crash: seek error: kernel virtual address: ffff800081013600  type: "SDEI stack pointer"
crash: seek error: kernel virtual address: ffff800081035600  type: "SDEI stack pointer"
crash: seek error: kernel virtual address: ffff800081057600  type: "SDEI stack pointer"
crash: seek error: kernel virtual address: ffff800081079600  type: "SDEI stack pointer"
crash: seek error: kernel virtual address: ffff80008109b600  type: "SDEI stack pointer"
crash: seek error: kernel virtual address: ffff8000810bd600  type: "SDEI stack pointer"
crash: seek error: kernel virtual address: ffff8000810df600  type: "SDEI stack pointer"
crash: seek error: kernel virtual address: ffff800081101600  type: "SDEI stack pointer"
crash: seek error: kernel virtual address: ffff800081123600  type: "SDEI stack pointer"
crash: seek error: kernel virtual address: ffff800081145600  type: "SDEI stack pointer"
crash: seek error: kernel virtual address: ffff800081167600  type: "SDEI stack pointer"
crash: seek error: kernel virtual address: ffff800081189600  type: "SDEI stack pointer"
crash: seek error: kernel virtual address: ffff8000811ab600  type: "SDEI stack pointer"
crash: seek error: kernel virtual address: ffff8000811cd600  type: "SDEI stack pointer"
crash: seek error: kernel virtual address: ffff8000811ef600  type: "SDEI stack pointer"
crash: seek error: kernel virtual address: ffff800081211600  type: "SDEI stack pointer"
crash: seek error: kernel virtual address: ffff800081233600  type: "SDEI stack pointer"
crash: seek error: kernel virtual address: ffff800081255600  type: "SDEI stack pointer"
crash: seek error: kernel virtual address: ffff800081277600  type: "SDEI stack pointer"
crash: seek error: kernel virtual address: ffff800081299600  type: "SDEI stack pointer"
crash: seek error: kernel virtual address: ffff8000812bb600  type: "SDEI stack pointer"
crash: seek error: kernel virtual address: ffff8000812dd600  type: "SDEI stack pointer"
crash: seek error: kernel virtual address: ffff8000812ff600  type: "SDEI stack pointer"
crash: seek error: kernel virtual address: ffff800081321600  type: "SDEI stack pointer"
crash: seek error: kernel virtual address: ffff800081343600  type: "SDEI stack pointer"
crash: seek error: kernel virtual address: ffff800081365600  type: "SDEI stack pointer"
crash: seek error: kernel virtual address: ffff800081387600  type: "SDEI stack pointer"
crash: seek error: kernel virtual address: ffff8000813a9600  type: "SDEI stack pointer"
crash: seek error: kernel virtual address: ffff8000813cb600  type: "SDEI stack pointer"
crash: seek error: kernel virtual address: ffff8000813ed600  type: "SDEI stack pointer"
crash: seek error: kernel virtual address: ffff80008140f600  type: "SDEI stack pointer"
crash: seek error: kernel virtual address: ffff800081431600  type: "SDEI stack pointer"
crash: seek error: kernel virtual address: ffff800081453600  type: "SDEI stack pointer"
crash: seek error: kernel virtual address: ffff800081475600  type: "SDEI stack pointer"
crash: seek error: kernel virtual address: ffff800081497600  type: "SDEI stack pointer"
crash: seek error: kernel virtual address: ffff8000814b9600  type: "SDEI stack pointer"
crash: seek error: kernel virtual address: ffff8000814db600  type: "SDEI stack pointer"
crash: seek error: kernel virtual address: ffff8000814fd600  type: "SDEI stack pointer"
crash: seek error: kernel virtual address: ffff80008151f600  type: "SDEI stack pointer"
crash: seek error: kernel virtual address: ffff800081541600  type: "SDEI stack pointer"
crash: seek error: kernel virtual address: ffff800081563600  type: "SDEI stack pointer"
crash: seek error: kernel virtual address: ffff800081585600  type: "SDEI stack pointer"
crash: seek error: kernel virtual address: ffff8000815a7600  type: "SDEI stack pointer"
crash: seek error: kernel virtual address: ffff8000815c9600  type: "SDEI stack pointer"
crash: seek error: kernel virtual address: ffff8000815eb600  type: "SDEI stack pointer"
crash: seek error: kernel virtual address: ffff80008160d600  type: "SDEI stack pointer"
crash: seek error: kernel virtual address: ffff80008162f600  type: "SDEI stack pointer"
crash: seek error: kernel virtual address: ffff800081651600  type: "SDEI stack pointer"
crash: seek error: kernel virtual address: ffff800081673600  type: "SDEI stack pointer"
crash: seek error: kernel virtual address: ffff800081695600  type: "SDEI stack pointer"
crash: seek error: kernel virtual address: ffff8000816b7600  type: "SDEI stack pointer"
crash: seek error: kernel virtual address: ffff8000816d9600  type: "SDEI stack pointer"
crash: seek error: kernel virtual address: ffff8000816fb600  type: "SDEI stack pointer"
crash: seek error: kernel virtual address: ffff80008171d600  type: "SDEI stack pointer"
crash: seek error: kernel virtual address: ffff80008173f600  type: "SDEI stack pointer"
crash: seek error: kernel virtual address: ffff800081761600  type: "SDEI stack pointer"
crash: seek error: kernel virtual address: ffff800081783600  type: "SDEI stack pointer"
crash: seek error: kernel virtual address: ffff8000817a5600  type: "SDEI stack pointer"
crash: seek error: kernel virtual address: ffff8000817c7600  type: "SDEI stack pointer"
crash: seek error: kernel virtual address: ffff8000817e9600  type: "SDEI stack pointer"
crash: seek error: kernel virtual address: ffff80008180b600  type: "SDEI stack pointer"
crash: seek error: kernel virtual address: ffff80008182d600  type: "SDEI stack pointer"
crash: seek error: kernel virtual address: ffff80008184f600  type: "SDEI stack pointer"
crash: seek error: kernel virtual address: ffff800081871600  type: "SDEI stack pointer"
crash: seek error: kernel virtual address: ffff800081893600  type: "SDEI stack pointer"
crash: seek error: kernel virtual address: ffff8000818b5600  type: "SDEI stack pointer"
crash: seek error: kernel virtual address: ffff8000818d7600  type: "SDEI stack pointer"
crash: seek error: kernel virtual address: ffff8000818f9600  type: "SDEI stack pointer"
crash: seek error: kernel virtual address: ffff80008191b600  type: "SDEI stack pointer"
crash: seek error: kernel virtual address: ffff80008193d600  type: "SDEI stack pointer"
crash: seek error: kernel virtual address: ffff80008195f600  type: "SDEI stack pointer"
scroll: off (none)
=== SESSION 27: kernel config + KASAN exclusion ===n
                  offset_table:
                list_head_next: 0
                list_head_prev: 8
               task_struct_pid: 2080
             task_struct_state: 48
        task_struct_exit_state: 1976
              task_struct_comm: 2640
                task_struct_mm: 1960
               task_struct_tss: -1
            task_struct_thread: 3984
         task_struct_active_mm: 1968
           task_struct_tss_eip: -1
           task_struct_tss_esp: -1
           task_struct_tss_ksp: -1
        task_struct_thread_eip: -1
        inactive_task_frame_bp: -1
  inactive_task_frame_ret_addr: -1
        task_struct_thread_esp: -1
        task_struct_thread_ksp: -1
      task_struct_thread_reg29: -1
      task_struct_thread_reg31: -1
 task_struct_thread_context_fp: 4064
 task_struct_thread_context_sp: 4072
 task_struct_thread_context_pc: 4080
         task_struct_processor: -1
            task_struct_p_pptr: -1
            task_struct_parent: 2104
           task_struct_has_cpu: -1
     task_struct_cpus_runnable: -1
         task_struct_next_task: -1
             task_struct_files: 2712
                task_struct_fs: 2704
      task_struct_pidhash_next: -1
          task_struct_next_run: -1
             task_struct_flags: 68
               task_struct_sig: -1
            task_struct_signal: 2736
           task_struct_blocked: 2752
        task_struct_sigpending: -1
           task_struct_pending: 2776
          task_struct_sigqueue: -1
           task_struct_sighand: 2744
          task_struct_run_list: -1
              task_struct_pgrp: -1
              task_struct_tgid: 2084
         task_struct_namespace: -1
          task_struct_rss_stat: -1
           task_rss_stat_count: -1
              task_struct_pids: -1
         task_struct_pid_links: 2192
          task_struct_last_run: -1
         task_struct_timestamp: -1
        task_struct_sched_info: 1832
                task_struct_rt: -1
      sched_rt_entity_run_list: -1
       sched_info_last_arrival: 16
       task_struct_thread_info: 0
             task_struct_stack: 56
           task_struct_nsproxy: 2728
              task_struct_rlim: -1
              task_struct_prio: -1
             task_struct_on_rq: -1
            task_struct_policy: 1228
              thread_info_task: -1
               thread_info_cpu: 24
             thread_info_flags: 0
      thread_info_previous_esp: -1
                nsproxy_mnt_ns: 24
            mnt_namespace_root: 24
            mnt_namespace_list: 32
             pid_namespace_idr: 0
                    idr_idr_rt: 0
                  pid_link_pid: -1
                pid_hash_chain: -1
                   pid_numbers: 96
                       upid_nr: 0
                       upid_ns: 8
                upid_pid_chain: -1
                     pid_tasks: 16
               hlist_node_next: 0
              hlist_node_pprev: 8
                 pid_pid_chain: -1
             thread_struct_eip: -1
             thread_struct_esp: -1
             thread_struct_ksp: -1
             thread_struct_rip: -1
             thread_struct_rsp: -1
            thread_struct_rsp0: -1
           signal_struct_count: -1
      signal_struct_nr_threads: 8
          signal_struct_action: -1
  signal_struct_shared_pending: 64
            signal_struct_rlim: -1
        task_struct_start_time: 2440
             task_struct_times: -1
               task_struct_cpu: -1
             task_struct_utime: 2320
             task_struct_stime: 2328
                 tms_tms_utime: 0
                 tms_tms_stime: 8
              timekeeper_xtime: -1
          timekeeper_xtime_sec: 112
                k_sigaction_sa: 0
          sigaction_sa_handler: 0
            sigaction_sa_flags: 8
             sigaction_sa_mask: 24
               sigpending_head: -1
             sigpending_signal: 16
               sigpending_list: 0
             signal_queue_next: -1
             signal_queue_info: -1
                 sigqueue_next: -1
                 sigqueue_info: -1
                 sigqueue_list: -1
         sighand_struct_action: 32
              siginfo_si_signo: 0
             thread_struct_fph: -1
             thread_struct_cr3: -1
            thread_struct_ptbr: -1
       thread_struct_pg_tables: -1
              switch_stack_r26: -1
               switch_stack_b0: -1
      switch_stack_ar_bspstore: -1
           switch_stack_ar_pfs: -1
          switch_stack_ar_rnat: -1
               switch_stack_pr: -1
        cpuinfo_ia64_proc_freq: -1
   cpuinfo_ia64_unimpl_va_mask: -1
   cpuinfo_ia64_unimpl_pa_mask: -1
              device_node_type: -1
           device_node_allnext: -1
        device_node_properties: -1
                 property_name: -1
                property_value: -1
                 property_next: -1
  machdep_calls_setup_residual: -1
     RESIDUAL_VitalProductData: -1
               VPD_ProcessorHz: -1
            bd_info_bi_intfreq: -1
       hwrpb_struct_cycle_freq: -1
 hwrpb_struct_processor_offset: -1
   hwrpb_struct_processor_size: -1
         percpu_struct_halt_PC: -1
         percpu_struct_halt_ra: -1
         percpu_struct_halt_pv: -1
                mm_struct_mmap: -1
                 mm_struct_pgd: 112
            mm_struct_mm_count: 0
                 mm_struct_rss: -1
            mm_struct_anon_rss: -1
            mm_struct_file_rss: -1
            mm_struct_total_vm: 240
          mm_struct_start_code: 304
           mm_struct_arg_start: -1
             mm_struct_arg_end: -1
           mm_struct_env_start: -1
             mm_struct_env_end: -1
            mm_struct_rss_stat: 792
             mm_rss_stat_count: -1
          vm_area_struct_vm_mm: 16
        vm_area_struct_vm_next: -1
       vm_area_struct_vm_start: 0
         vm_area_struct_vm_end: 8
       vm_area_struct_vm_flags: 32
        vm_area_struct_vm_file: 136
      vm_area_struct_vm_offset: -1
       vm_area_struct_vm_pgoff: 128
                vm_struct_addr: 8
                vm_struct_size: 16
                vm_struct_next: 0
            vmap_area_va_start: 0
              vmap_area_va_end: 8
                vmap_area_list: 40
                  vmap_area_vm: 56
               vmap_area_flags: 64
          vmap_area_purge_list: -1
         module_size_of_struct: -1
                   module_next: -1
                   module_name: 24
                   module_syms: 224
                  module_nsyms: -1
                   module_size: -1
                  module_flags: -1
               module_num_syms: 240
               module_gpl_syms: 296
           module_num_gpl_syms: 292
                   module_list: 8
            module_module_core: -1
              module_core_size: -1
         module_core_text_size: -1
              module_init_size: -1
         module_init_text_size: -1
            module_module_init: -1
         module_module_core_rx: -1
         module_module_core_rw: -1
           module_core_size_rx: -1
           module_core_size_rw: -1
         module_module_init_rx: -1
         module_module_init_rw: -1
           module_init_size_rx: -1
           module_init_size_rw: -1
             module_num_symtab: 976
                 module_symtab: 968
                 module_strtab: 984
                 module_percpu: 1024
                    module_mem: 384
            module_memory_base: 0
            module_memory_size: 8
             module_sect_attrs: -1
       module_sect_attrs_attrs: -1
   module_sect_attrs_nsections: -1
        module_sect_attr_mattr: -1
         module_sect_attr_name: -1
      module_sect_attr_address: -1
               attribute_owner: -1
         module_sect_attr_attr: -1
         module_sections_attrs: -1
         module_attribute_attr: -1
         module_kallsyms_start: -1
      kallsyms_header_sections: -1
   kallsyms_header_section_off: -1
       kallsyms_header_symbols: -1
    kallsyms_header_symbol_off: -1
    kallsyms_header_string_off: -1
   kallsyms_symbol_section_off: -1
   kallsyms_symbol_symbol_addr: -1
      kallsyms_symbol_name_off: -1
        kallsyms_section_start: -1
         kallsyms_section_size: -1
     kallsyms_section_name_off: -1
           kernel_symbol_value: -1
                 module_taints: -1
          module_license_gplok: -1
              module_gpgsig_ok: -1
                       tnt_bit: -1
                      tnt_true: -1
                     tnt_false: -1
                       tnt_mod: -1
                     page_next: 16
                     page_prev: -1
                page_next_hash: -1
                     page_list: -1
                page_list_next: -1
                page_list_prev: -1
                    page_inode: -1
                   page_offset: -1
                    page_count: 52
                    page_flags: 0
                  page_mapping: 24
                    page_index: 32
                  page_buffers: -1
                      page_lru: 8
                      page_pte: -1
                    page_inuse: 40
                  page_objects: 40
                     page_slab: 8
                page_slab_page: -1
               page_first_page: -1
                 page_freelist: 32
                    page_s_mem: -1
                   page_active: -1
            page_compound_head: 8
        trace_print_flags_mask: 0
        trace_print_flags_name: 8
    swap_info_struct_swap_file: 176
  swap_info_struct_swap_vfsmnt: -1
        swap_info_struct_flags: 16
     swap_info_struct_swap_map: 80
  swap_info_struct_swap_device: -1
         swap_info_struct_prio: 24
          swap_info_struct_max: 76
        swap_info_struct_pages: 120
  swap_info_struct_inuse_pages: 124
swap_info_struct_old_block_size: 184
         block_device_bd_inode: 64
          block_device_bd_list: -1
          block_device_bd_disk: 16
        block_device_bd_device: -1
         block_device_bd_stats: -1
         address_space_nrpages: 96
       address_space_page_tree: 8
                 gendisk_major: 0
                  gendisk_fops: 72
             gendisk_disk_name: 12
             irq_desc_t_status: -1
            irq_desc_t_handler: -1
               irq_desc_t_chip: -1
             irq_desc_t_action: 1144
              irq_desc_t_depth: 1160
                irqdesc_action: -1
                   irqdesc_ctl: -1
                 irqdesc_level: -1
           irq_desc_t_irq_data: 1072
         irq_desc_t_kstat_irqs: 1128
           irq_desc_t_affinity: -1
                  irq_data_irq: 4
                 irq_data_chip: 24
             irq_data_affinity: -1
      irq_common_data_affinity: 24
             irq_desc_irq_data: 1072
      irq_desc_irq_common_data: 0
              kernel_stat_irqs: -1
             irqaction_handler: 0
               irqaction_flags: 60
                irqaction_mask: -1
                irqaction_name: 80
              irqaction_dev_id: 8
                irqaction_next: 24
    hw_interrupt_type_typename: -1
     hw_interrupt_type_startup: -1
    hw_interrupt_type_shutdown: -1
      hw_interrupt_type_handle: -1
      hw_interrupt_type_enable: -1
     hw_interrupt_type_disable: -1
         hw_interrupt_type_ack: -1
         hw_interrupt_type_end: -1
hw_interrupt_type_set_affinity: -1
             irq_chip_typename: 0
              irq_chip_startup: -1
             irq_chip_shutdown: -1
               irq_chip_enable: -1
              irq_chip_disable: -1
                  irq_chip_ack: -1
                 irq_chip_mask: -1
             irq_chip_mask_ack: -1
               irq_chip_unmask: -1
                  irq_chip_eoi: -1
                  irq_chip_end: -1
         irq_chip_set_affinity: -1
            irq_chip_retrigger: -1
             irq_chip_set_type: -1
             irq_chip_set_wake: -1
irq_cpustat_t___softirq_active: -1
  irq_cpustat_t___softirq_mask: -1
              files_struct_fdt: 32
               fdtable_max_fds: 0
             fdtable_max_fdset: -1
              fdtable_open_fds: 24
                    fdtable_fd: 8
          files_struct_max_fds: -1
        files_struct_max_fdset: -1
         files_struct_open_fds: -1
               files_struct_fd: -1
    files_struct_open_fds_init: 144
                 file_f_dentry: 160
                 file_f_vfsmnt: 152
                  file_f_count: 24
                   file_f_path: 152
                      path_mnt: 0
                   path_dentry: 8
                fs_struct_root: 24
                 fs_struct_pwd: 40
             fs_struct_rootmnt: -1
              fs_struct_pwdmnt: -1
                dentry_d_inode: 48
               dentry_d_parent: 24
                 dentry_d_name: 32
                dentry_d_iname: 56
               dentry_d_covers: -1
                   dentry_d_sb: 104
                      qstr_len: 4
                     qstr_name: 8
                  inode_i_mode: 0
                    inode_i_op: 32
                    inode_i_sb: 40
                       inode_u: -1
                 inode_i_flock: -1
                   inode_i_fop: 360
               inode_i_mapping: 48
               inode_i_sb_list: 280
             vfsmount_mnt_next: -1
          vfsmount_mnt_devname: -1
          vfsmount_mnt_dirname: -1
               vfsmount_mnt_sb: 8
             vfsmount_mnt_list: -1
       vfsmount_mnt_mountpoint: -1
           vfsmount_mnt_parent: -1
              mount_mnt_parent: 16
          mount_mnt_mountpoint: 24
                mount_mnt_list: 144
             mount_mnt_devname: 136
                     mount_mnt: 32
                namespace_root: -1
                namespace_list: -1
           super_block_s_dirty: -1
            super_block_s_type: 40
           super_block_s_files: -1
          super_block_s_inodes: 1416
               nlm_file_f_file: -1
         file_system_type_name: 0
            file_lock_fl_owner: 72
          nlm_host_h_exportent: -1
           svc_client_cl_ident: -1
          kmem_cache_s_c_nextp: -1
           kmem_cache_s_c_name: -1
            kmem_cache_s_c_num: -1
       kmem_cache_s_c_org_size: -1
          kmem_cache_s_c_flags: -1
         kmem_cache_s_c_offset: -1
         kmem_cache_s_c_firstp: -1
       kmem_cache_s_c_gfporder: -1
          kmem_cache_s_c_magic: -1
          kmem_cache_s_c_align: -1
              kmem_cache_s_num: -1
             kmem_cache_s_next: -1
             kmem_cache_s_name: -1
          kmem_cache_s_objsize: -1
            kmem_cache_s_flags: -1
         kmem_cache_s_gfporder: -1
            kmem_cache_s_slabs: -1
       kmem_cache_s_slabs_full: -1
    kmem_cache_s_slabs_partial: -1
       kmem_cache_s_slabs_free: -1
          kmem_cache_s_cpudata: -1
       kmem_cache_s_colour_off: -1
              cpucache_s_avail: -1
              cpucache_s_limit: -1
             array_cache_avail: -1
             array_cache_limit: -1
            kmem_cache_s_array: -1
            kmem_cache_s_lists: -1
      kmem_list3_slabs_partial: -1
         kmem_list3_slabs_full: -1
         kmem_list3_slabs_free: -1
       kmem_list3_free_objects: -1
             kmem_list3_shared: -1
           kmem_slab_s_s_nextp: -1
           kmem_slab_s_s_freep: -1
           kmem_slab_s_s_inuse: -1
             kmem_slab_s_s_mem: -1
           kmem_slab_s_s_index: -1
          kmem_slab_s_s_offset: -1
           kmem_slab_s_s_magic: -1
                   slab_s_list: -1
                  slab_s_s_mem: -1
                  slab_s_inuse: -1
                   slab_s_free: -1
                     slab_list: -1
                    slab_s_mem: -1
                    slab_inuse: -1
                     slab_free: -1
                slab_slab_list: 16
               kmem_cache_size: 24
            kmem_cache_objsize: 28
             kmem_cache_offset: 40
              kmem_cache_order: -1
         kmem_cache_local_node: -1
            kmem_cache_objects: -1
              kmem_cache_inuse: 80
              kmem_cache_align: 84
               kmem_cache_name: 96
               kmem_cache_list: 104
       kmem_cache_red_left_pad: 88
               kmem_cache_node: 224
           kmem_cache_cpu_slab: 0
        kmem_cache_cpu_partial: 24
          kmem_cache_cpu_cache: -1
                 kmem_cache_oo: 52
             kmem_cache_random: -1
    kmem_cache_node_nr_partial: 8
      kmem_cache_node_nr_slabs: 32
       kmem_cache_node_partial: 16
          kmem_cache_node_full: 48
          kmem_cache_node_total_objects: 40
       kmem_cache_cpu_freelist: 0
           kmem_cache_cpu_page: 16
           kmem_cache_cpu_node: -1
              kmem_cache_flags: 8
       kmem_cache_memcg_params: -1
memcg_cache_params___root_caches_node: -1
          memcg_cache_params_children: -1
     memcg_cache_params_children_node: -1
               net_device_next: -1
               net_device_name: 0
               net_device_type: 304
           net_device_addr_len: 597
             net_device_ip_ptr: 736
            net_device_ip6_ptr: 744
           net_device_dev_list: 64
             net_dev_base_head: 144
                   device_next: -1
                   device_name: -1
                   device_type: -1
                 device_ip_ptr: -1
               device_addr_len: -1
                     socket_sk: 24
                    sock_daddr: -1
                sock_rcv_saddr: -1
                    sock_dport: -1
                    sock_sport: -1
                      sock_num: -1
                   sock_family: -1
                     sock_type: -1
                  sock_sk_type: 530
                sock_sk_common: 0
        sock_common_skc_family: 16
      sock_common_skc_v6_daddr: 56
  sock_common_skc_v6_rcv_saddr: 72
        socket_alloc_vfs_inode: 128
                inet_sock_inet: 0
                inet_opt_daddr: 0
            inet_opt_rcv_saddr: 4
                inet_opt_dport: 12
                inet_opt_sport: 886
                  inet_opt_num: 14
           inet6_dev_addr_list: 8
             inet6_ifaddr_addr: 0
          inet6_ifaddr_if_list: 256
          inet6_ifaddr_if_next: -1
                in6_addr_in6_u: 0
          ipv6_pinfo_rcv_saddr: -1
              ipv6_pinfo_daddr: -1
               timer_list_list: -1
               timer_list_next: -1
              timer_list_entry: 0
            timer_list_expires: 16
           timer_list_function: 24
            timer_vec_root_vec: -1
                 timer_vec_vec: -1
               tvec_root_s_vec: -1
                    tvec_s_vec: -1
             tvec_t_base_s_tv1: -1
            timer_base_vectors: 112
               wait_queue_task: -1
               wait_queue_next: -1
             __wait_queue_task: -1
   __wait_queue_head_task_list: -1
        __wait_queue_task_list: -1
      wait_queue_entry_private: 8
          wait_queue_head_head: 8
        wait_queue_entry_entry: 24
        pglist_data_node_zones: 0
      pglist_data_node_mem_map: -1
  pglist_data_node_start_paddr: -1
  pglist_data_node_start_mapnr: -1
         pglist_data_node_size: -1
           pglist_data_node_id: 59584
         pglist_data_node_next: -1
             pglist_data_bdata: -1
          pglist_data_nr_zones: 59552
    pglist_data_node_start_pfn: 59560
        pglist_data_pgdat_next: -1
pglist_data_node_present_pages: 59568
pglist_data_node_spanned_pages: 59576
       page_cache_bucket_chain: -1
        zone_struct_free_pages: -1
         zone_struct_free_area: -1
        zone_struct_zone_pgdat: -1
              zone_struct_name: -1
              zone_struct_size: -1
           zone_struct_memsize: -1
    zone_struct_zone_start_pfn: -1
  zone_struct_zone_start_paddr: -1
  zone_struct_zone_start_mapnr: -1
      zone_struct_zone_mem_map: -1
zone_struct_inactive_clean_pages: -1
zone_struct_inactive_clean_list: -1
zone_struct_inactive_dirty_pages: -1
      zone_struct_active_pages: -1
         zone_struct_pages_min: -1
         zone_struct_pages_low: -1
        zone_struct_pages_high: -1
               zone_free_pages: 1568
                zone_watermark: 0
                zone_free_area: 256
               zone_zone_pgdat: 104
             zone_zone_mem_map: -1
                     zone_name: 192
            zone_spanned_pages: 160
            zone_present_pages: 168
           zone_zone_start_pfn: 144
                zone_pages_min: -1
                zone_pages_low: -1
               zone_pages_high: -1
                  zone_vm_stat: 1568
                zone_nr_active: -1
              zone_nr_inactive: -1
        zone_all_unreclaimable: -1
                    zone_flags: 1400
            zone_pages_scanned: -1
                neighbour_next: 0
         neighbour_primary_key: 400
                  neighbour_ha: 168
                 neighbour_dev: 376
           neighbour_nud_state: 148
      neigh_table_hash_buckets: 0
         neigh_table_hash_mask: -1
        neigh_table_hash_shift: 8
           neigh_table_nht_ptr: 728
           neigh_table_key_len: 8
            in_device_ifa_list: 16
            in_ifaddr_ifa_next: 16
         in_ifaddr_ifa_address: 52
           pci_dev_global_list: -1
                  pci_dev_next: -1
                   pci_dev_bus: 16
                 pci_dev_devfn: 56
                 pci_dev_class: 68
                pci_dev_device: 62
                pci_dev_vendor: 60
                pci_bus_number: 224
                   pci_dev_dev: 192
              pci_dev_hdr_type: 73
        pci_dev_pcie_flags_reg: 114
                  pci_bus_node: 0
               pci_bus_devices: 40
                   pci_bus_dev: 296
              pci_bus_children: 24
                pci_bus_parent: 16
                  pci_bus_self: 56
                   device_kobj: 0
                  kobject_name: 0
         resource_entry_t_from: -1
          resource_entry_t_num: -1
         resource_entry_t_name: -1
         resource_entry_t_next: -1
                 resource_name: 16
                resource_start: 0
                  resource_end: 8
              resource_sibling: 48
                resource_child: 56
                 runqueue_curr: 2576
                 runqueue_idle: 2584
               runqueue_active: -1
              runqueue_expired: -1
               runqueue_arrays: -1
                  runqueue_cpu: -1
                    cpu_s_idle: -1
                    cpu_s_curr: -1
              prio_array_queue: -1
           rt_prio_array_queue: -1
          prio_array_nr_active: -1
                  pt_regs_regs: -1
          pt_regs_cp0_badvaddr: -1
          user_regs_struct_ebp: -1
          user_regs_struct_eip: -1
          user_regs_struct_esp: -1
          user_regs_struct_rip: -1
          user_regs_struct_rsp: -1
       user_regs_struct_eflags: -1
           user_regs_struct_cs: -1
           user_regs_struct_ss: -1
          user_regs_struct_eip: -1
          user_regs_struct_rax: -1
          user_regs_struct_eax: -1
          user_regs_struct_rbx: -1
          user_regs_struct_ebx: -1
          user_regs_struct_rcx: -1
          user_regs_struct_ecx: -1
          user_regs_struct_rdx: -1
          user_regs_struct_edx: -1
          user_regs_struct_rsi: -1
          user_regs_struct_esi: -1
          user_regs_struct_rdi: -1
          user_regs_struct_edi: -1
           user_regs_struct_ds: -1
           user_regs_struct_es: -1
           user_regs_struct_fs: -1
           user_regs_struct_gs: -1
          user_regs_struct_rbp: -1
           user_regs_struct_r8: -1
           user_regs_struct_r9: -1
          user_regs_struct_r10: -1
          user_regs_struct_r11: -1
          user_regs_struct_r12: -1
          user_regs_struct_r13: -1
          user_regs_struct_r14: -1
          user_regs_struct_r15: -1
                e820map_nr_map: -1
                e820entry_addr: -1
                e820entry_size: -1
                e820entry_type: -1
       char_device_struct_name: 20
       char_device_struct_next: 0
       char_device_struct_fops: -1
      char_device_struct_major: 8
  char_device_struct_baseminor: 12
       char_device_struct_cdev: 88
                      cdev_ops: 88
                    probe_next: 0
                     probe_dev: 8
                    probe_data: 48
               kobj_map_probes: 0
           blk_major_name_next: 0
          blk_major_name_major: 8
           blk_major_name_name: 12
        radix_tree_root_height: -1
         radix_tree_root_rnode: -1
         radix_tree_node_slots: -1
        radix_tree_node_height: -1
        radix_tree_node_shift: -1
               rb_root_rb_node: 0
               rb_node_rb_left: 16
              rb_node_rb_right: 8
    rb_root_cached_rb_leftmost: 8
            x8664_pda_pcurrent: -1
         x8664_pda_data_offset: -1
         x8664_pda_kernelstack: -1
              x8664_pda_irqrsp: -1
           x8664_pda_cpunumber: -1
         x8664_pda_irqstackptr: -1
          x8664_pda_level4_pgt: -1
                  x8664_pda_me: -1
                tss_struct_ist: -1
   mem_section_section_mem_map: 0
   mem_section_pageblock_flags: -1
              memory_block_dev: -1
              memory_block_nid: -1
 memory_block_start_section_nr: -1
   memory_block_end_section_nr: -1
            memory_block_state: -1
  vcpu_guest_context_user_regs: -1
             cpu_user_regs_eip: -1
             cpu_user_regs_esp: -1
             cpu_user_regs_rip: -1
             cpu_user_regs_rsp: -1
             unwind_table_core: -1
             unwind_table_init: -1
          unwind_table_address: -1
             unwind_table_size: -1
             unwind_table_link: -1
             unwind_table_name: -1
                        rq_cfs: 128
                         rq_rt: -1
                   cfs_rq_curr: -1
                 rq_nr_running: -1
                  rq_timestamp: 2624
                task_struct_se: -1
         sched_entity_run_node: -1
           sched_entity_cfs_rq: -1
             sched_entity_my_q: -1
            sched_entity_on_rq: -1
             cfs_rq_nr_running: -1
            cfs_rq_rb_leftmost: -1
         cfs_rq_tasks_timeline: -1
                  rt_rq_active: -1
                pcpu_info_vcpu: -1
                pcpu_info_idle: -1
                vcpu_struct_rq: -1
    s390_lowcore_psw_save_area: -1
   s390_stack_frame_back_chain: -1
          s390_stack_frame_r14: -1
           cpu_context_save_r7: -1
           cpu_context_save_fp: -1
           cpu_context_save_sp: -1
           cpu_context_save_pc: -1
           elf_prstatus_pr_pid: -1
           elf_prstatus_pr_reg: 112
               irq_desc_t_name: 1440
       thread_info_cpu_context: -1
             unwind_table_list: -1
            unwind_table_start: -1
             unwind_table_stop: -1
       unwind_table_begin_addr: -1
         unwind_table_end_addr: -1
               unwind_idx_addr: -1
               unwind_idx_insn: -1
                    bus_type_p: -1
                 class_devices: -1
                       class_p: -1
         class_private_devices: -1
            device_knode_class: -1
                   device_node: -1
         device_private_device: -1
      device_private_knode_bus: -1
    device_private_knode_class: -1
                   gendisk_dev: -1
                  gendisk_kobj: -1
                 gendisk_part0: -1
                 gendisk_queue: -1
                 hd_struct_dev: -1
             hd_struct_dkstats: -1
          disk_stats_in_flight: -1
                  klist_k_list: -1
            klist_node_n_klist: -1
             klist_node_n_node: -1
                 kobject_entry: -1
                     kset_list: -1
                     kset_kobj: -1
            request_list_count: -1
             request_cmd_flags: -1
                     request_q: -1
                 request_state: -1
       request_queue_in_flight: -1
              request_queue_rq: -1
          request_queue_mq_ops: -1
       request_queue_queue_ctx: -1
    request_queue_queue_hw_ctx: -1
    request_queue_nr_hw_queues: -1
      request_queue_hctx_table: -1
      blk_mq_ctx_rq_dispatched: -1
       blk_mq_ctx_rq_completed: -1
            blk_mq_hw_ctx_tags: -1
       blk_mq_tags_bitmap_tags: -1
    blk_mq_tags_breserved_tags: -1
  blk_mq_tags_nr_reserved_tags: -1
               blk_mq_tags_rqs: -1
         subsys_private_subsys: -1
  subsys_private_klist_devices: -1
                subsystem_kset: -1
                     file_f_op: -1
             file_private_data: -1
                  hstate_order: 40
          hstate_nr_huge_pages: 64
        hstate_free_huge_pages: 72
                   hstate_name: 12632
      hugetlbfs_sb_info_hstate: -1
                 idr_layer_ary: -1
               idr_layer_layer: -1
                    idr_layers: -1
                       idr_top: -1
                       idr_cur: -1
                  ipc_id_ary_p: -1
               ipc_ids_entries: -1
                ipc_ids_max_id: -1
              ipc_ids_ipcs_idr: -1
                ipc_ids_in_use: -1
             ipc_namespace_ids: -1
         kern_ipc_perm_deleted: -1
             kern_ipc_perm_key: -1
            kern_ipc_perm_mode: -1
             kern_ipc_perm_uid: -1
              kern_ipc_perm_id: -1
             kern_ipc_perm_seq: -1
                nsproxy_ipc_ns: -1
                nsproxy_net_ns: 40
      shmem_inode_info_swapped: -1
    shmem_inode_info_vfs_inode: -1
            shm_file_data_file: -1
         shmid_kernel_shm_file: -1
       shmid_kernel_shm_nattch: -1
         shmid_kernel_shm_perm: -1
        shmid_kernel_shm_segsz: -1
               shmid_kernel_id: -1
            sem_array_sem_perm: -1
              sem_array_sem_id: -1
           sem_array_sem_nsems: -1
              msg_queue_q_perm: -1
                msg_queue_q_id: -1
            msg_queue_q_cbytes: -1
              msg_queue_q_qnum: -1
         super_block_s_fs_info: -1
                   log_ts_nsec: -1
                       log_len: -1
                  log_text_len: -1
                  log_dict_len: -1
                     log_level: -1
               log_flags_level: -1
               printk_info_seq: -1
           printk_info_ts_nseq: -1
          printk_info_text_len: -1
             printk_info_level: -1
         printk_info_caller_id: -1
          printk_info_dev_info: -1
     dev_printk_info_subsystem: -1
        dev_printk_info_device: -1
                 prb_desc_ring: -1
            prb_text_data_ring: -1
      prb_desc_ring_count_bits: -1
           prb_desc_ring_descs: -1
           prb_desc_ring_infos: -1
         prb_desc_ring_head_id: -1
         prb_desc_ring_tail_id: -1
            prb_desc_state_var: -1
        prb_desc_text_blk_lpos: -1
       prb_data_blk_lpos_begin: -1
        prb_data_blk_lpos_next: -1
       prb_data_ring_size_bits: -1
            prb_data_ring_data: -1
         atomit_long_t_counter: -1
       printk_safe_seq_buf_len: -1
printk_safe_seq_buf_message_lost: -1
    printk_safe_seq_buf_buffer: -1
          sched_rt_entity_my_q: -1
             task_group_parent: 504
                task_group_css: -1
    cgroup_subsys_state_cgroup: -1
                 cgroup_dentry: -1
                     cgroup_kn: -1
              kernfs_node_name: -1
            kernfs_node_parent: -1
              task_group_rt_rq: 336
                      rt_rq_tg: -1
             task_group_cfs_rq: 272
                     cfs_rq_tg: -1
           task_group_siblings: -1
           task_group_children: -1
      task_group_cfs_bandwidth: -1
              cfs_rq_throttled: -1
       task_group_rt_bandwidth: -1
            rt_rq_rt_throttled: -1
            rt_rq_highest_prio: -1
           rt_rq_rt_nr_running: -1
   hrtimer_cpu_base_clock_base: 64
     hrtimer_clock_base_offset: 56
     hrtimer_clock_base_active: 32
      hrtimer_clock_base_first: -1
   hrtimer_clock_base_get_time: 48
            hrtimer_base_first: -1
          hrtimer_base_pending: -1
         hrtimer_base_get_time: -1
                  hrtimer_node: 0
                  hrtimer_list: -1
           hrtimer_softexpires: 32
               hrtimer_expires: -1
              hrtimer_function: 40
          timerqueue_head_next: -1
       timerqueue_head_rb_root: 0
       timerqueue_node_expires: 24
          timerqueue_node_node: 0
                  ktime_t_tv64: -1
                   ktime_t_sec: -1
                  ktime_t_nsec: -1
              atomic_t_counter: 0
          percpu_counter_count: 8
       percpu_counter_counters: 32
             sk_buff_head_next: -1
             sk_buff_head_qlen: -1
                  sk_buff_next: -1
                   sk_buff_len: -1
                  sk_buff_data: -1
           nlmsghdr_nlmsg_type: -1
                   module_arch: -1
    mod_arch_specific_num_orcs: -1
mod_arch_specific_orc_unwind_ip: -1
  mod_arch_specific_orc_unwind: -1
                  bpf_prog_aux: -1
                 bpf_prog_type: -1
                  bpf_prog_tag: -1
            bpf_prog_jited_len: -1
             bpf_prog_bpf_func: -1
                  bpf_prog_len: -1
                bpf_prog_pages: -1
               bpf_prog_insnsi: -1
             bpf_map_map_flags: -1
              bpf_map_map_type: -1
                 bpf_map_pages: -1
              bpf_map_key_size: -1
            bpf_map_value_size: -1
           bpf_map_max_entries: -1
                  bpf_map_name: -1
                  bpf_map_user: -1
                bpf_map_memory: -1
          bpf_map_memory_pages: -1
           bpf_map_memory_user: -1
     bpf_prog_aux_used_map_cnt: -1
        bpf_prog_aux_used_maps: -1
        bpf_prog_aux_load_time: -1
             bpf_prog_aux_user: -1
             bpf_prog_aux_name: -1
               user_struct_uid: -1
                xarray_xa_head: 8
                 xa_node_slots: 40
                 xa_node_shift: 0
            uts_namespace_name: 0
            sbitmap_word_depth: -1
             sbitmap_word_word: -1
          sbitmap_word_cleared: -1
                 sbitmap_depth: -1
                 sbitmap_shift: -1
                sbitmap_map_nr: -1
                   sbitmap_map: -1
            sbitmap_alloc_hint: -1
           sbitmap_round_robin: -1
              sbitmap_queue_sb: -1
      sbitmap_queue_alloc_hint: -1
      sbitmap_queue_wake_batch: -1
      sbitmap_queue_wake_index: -1
              sbitmap_queue_ws: -1
       sbitmap_queue_ws_active: -1
     sbitmap_queue_round_robin: -1
sbitmap_queue_min_shallow_depth: -1
       sbq_wait_state_wait_cnt: -1
           sbq_wait_state_wait: -1
               mm_struct_mm_mt: 64
            maple_tree_ma_root: 8
           maple_tree_ma_flags: 4
             maple_node_parent: 0
               maple_node_ma64: 0
               maple_node_mr64: 0
               maple_node_slot: 8
         maple_arange_64_pivot: 8
          maple_arange_64_slot: 80
           maple_arange_64_gap: 160
          maple_arange_64_meta: 240
          maple_range_64_pivot: 8
           maple_range_64_slot: 128
            maple_metadata_end: 0
            maple_metadata_gap: 1

                    size_table:
                          page: 64
                    page_flags: 8
             trace_print_flags: 16
              free_area_struct: -1
                     free_area: 104
                   zone_struct: -1
                         zone: 1728
                   kmem_slab_s: -1
                        slab_s: -1
                          slab: 64
                  kmem_cache_s: -1
                    cpucache_s: -1
                   array_cache: -1
                 kmem_bufctl_t: -1
                    kmem_cache: 288
               kmem_cache_node: 64
                kmem_cache_cpu: 32
              swap_info_struct: 320
                vm_area_struct: 216
                     mm_struct: 1344
                   pglist_data: 62720
             page_cache_bucket: -1
                       pt_regs: 336
                   task_struct: 5376
             task_struct_state: 4
             task_struct_flags: 4
            task_struct_policy: 4
                   thread_info: 48
                 softirq_state: -1
                softirq_action: 8
                   desc_struct: -1
                       umode_t: 2
                        dentry: 216
                     fs_struct: 56
                  files_struct: 704
                       fdtable: 56
                          file: 256
                         inode: 712
                      vfsmount: 32
                         mount: 320
                   super_block: 1472
                       irqdesc: -1
                        module: 1344
                 module_memory: 72
              module_sect_attr: -1
                     list_head: 16
                    hlist_head: 8
                    hlist_node: 16
                 irq_cpustat_t: 64
                   cpuinfo_x86: -1
                  cpuinfo_ia64: -1
                    timer_list: 56
                timer_vec_root: -1
                     timer_vec: -1
                   tvec_root_s: -1
                        tvec_s: -1
                 tvec_t_base_s: -1
                    wait_queue: -1
                  __wait_queue: -1
              wait_queue_entry: 40
                        device: -1
                    net_device: 2624
                          sock: 864
                     inet_sock: 1112
                        socket: 128
                      in6_addr: 16
                 signal_struct: 1160
             sigpending_signal: 8
                  signal_queue: -1
                      sigqueue: 80
                   k_sigaction: 32
                sighand_struct: 2080
              resource_entry_t: -1
                      resource: 64
                      runqueue: 7232
                    irq_desc_t: 1536
                      irq_data: 56
               irq_common_data: 1072
                    task_union: -1
                  thread_union: 16384
                    prio_array: -1
              user_regs_struct: -1
                  switch_stack: -1
       vm_area_struct_vm_flags: 8
                       e820map: -1
                     e820entry: -1
                         cpu_s: -1
                         pgd_t: 8
               kallsyms_header: -1
               kallsyms_symbol: -1
              kallsyms_section: -1
                  block_device: 1168
                blk_major_name: 40
                 address_space: 256
                       gendisk: 992
                       irq_ctx: -1
            char_device_struct: 96
                    spinlock_t: 4
               radix_tree_root: -1
               radix_tree_node: -1
                     x8664_pda: -1
                    ppc64_paca: -1
                   gate_struct: -1
                    tss_struct: -1
        task_struct_start_time: 8
             task_struct_utime: 8
             task_struct_stime: 8
                     cputime_t: -1
                   mem_section: 16
                      pid_link: -1
                          upid: 16
                           pid: 96
                  unwind_table: -1
                        rlimit: -1
                        cfs_rq: -1
                     pcpu_info: -1
                   vcpu_struct: -1
                          cdev: 120
                         probe: 56
                      kobj_map: 2048
              cpu_context_save: -1
                  elf_prstatus: 392
                      note_buf: 424
                    unwind_idx: -1
              s390_stack_frame: -1
                   percpu_data: -1
                  sched_entity: -1
                   kernel_stat: 48
                     subsystem: -1
                 class_private: -1
                  rq_in_flight: -1
         class_private_devices: -1
                        hstate: 12664
                       ipc_ids: -1
                  shmid_kernel: -1
                     sem_array: -1
                     msg_queue: -1
                           log: -1
                     log_level: -1
                         rt_rq: -1
                    task_group: -1
                     vmap_area: 72
            hrtimer_clock_base: 128
                  hrtimer_base: -1
                    timer_base: 4736
                           tnt: -1
                    taint_flag: -1
                      nlmsghdr: -1
           nlmsghdr_nlmsg_type: -1
             sk_buff_head_qlen: -1
                   sk_buff_len: -1
                     orc_entry: -1
                      bpf_prog: -1
                  bpf_prog_aux: -1
                       bpf_map: -1
                      bpf_insn: -1
                        xarray: 16
                       xa_node: 576
                   printk_info: -1
             printk_ringbuffer: -1
                      prb_desc: -1
    printk_safe_seq_buf_buffer: -1
                  sbitmap_word: -1
                       sbitmap: -1
                 sbitmap_queue: -1
                sbq_wait_state: -1
                   blk_mq_tags: -1
                    maple_tree: 16
                    maple_node: 256
                percpu_counter: 40

                   array_table:
             kmem_cache_s_name: 0
           kmem_cache_s_c_name: 0
            kmem_cache_s_array: 0
          kmem_cache_s_cpudata: 0
                       log_buf: 0
                      irq_desc: 0
                    irq_action: 0
                 timer_vec_vec: 0
            timer_vec_root_vec: 0
               tvec_root_s_vec: 0
                    tvec_s_vec: 0
               page_hash_table: 0
               net_device_name: 16
      neigh_table_hash_buckets: 0
                  neighbour_ha: 32
                     swap_info: 23
        pglist_data_node_zones: 6
         zone_struct_free_area: 0
                zone_free_area: 11
                     free_area: 0
           free_area_DIMENSION: 0
              prio_array_queue: 0
            height_to_maxindex: 0
            height_to_maxnodes: 0
                      pid_hash: 0
               kmem_cache_node: 256
           kmem_cache_cpu_slab: 0
           rt_prio_array_queue: 0
              task_struct_rlim: 0
            signal_struct_rlim: 0
                  vm_numa_stat: 0
                   pid_numbers: 0
