crash: seek error: kernel virtual address: ffff800080000058  type: "IRQ stack pointer"
crash: seek error: kernel virtual address: ffff800080022058  type: "IRQ stack pointer"
crash: seek error: kernel virtual address: ffff800080044058  type: "IRQ stack pointer"
crash: seek error: kernel virtual address: ffff800080066058  type: "IRQ stack pointer"
crash: seek error: kernel virtual address: ffff800080088058  type: "IRQ stack pointer"
crash: seek error: kernel virtual address: ffff8000800aa058  type: "IRQ stack pointer"
crash: seek error: kernel virtual address: ffff8000800cc058  type: "IRQ stack pointer"
crash: seek error: kernel virtual address: ffff8000800ee058  type: "IRQ stack pointer"
crash: seek error: kernel virtual address: ffff800080110058  type: "IRQ stack pointer"
crash: seek error: kernel virtual address: ffff800080132058  type: "IRQ stack pointer"
crash: seek error: kernel virtual address: ffff800080154058  type: "IRQ stack pointer"
crash: seek error: kernel virtual address: ffff800080176058  type: "IRQ stack pointer"
crash: seek error: kernel virtual address: ffff800080198058  type: "IRQ stack pointer"
crash: seek error: kernel virtual address: ffff8000801ba058  type: "IRQ stack pointer"
crash: seek error: kernel virtual address: ffff8000801dc058  type: "IRQ stack pointer"
crash: seek error: kernel virtual address: ffff8000801fe058  type: "IRQ stack pointer"
crash: seek error: kernel virtual address: ffff800080220058  type: "IRQ stack pointer"
crash: seek error: kernel virtual address: ffff800080242058  type: "IRQ stack pointer"
crash: seek error: kernel virtual address: ffff800080264058  type: "IRQ stack pointer"
crash: seek error: kernel virtual address: ffff800080286058  type: "IRQ stack pointer"
crash: seek error: kernel virtual address: ffff8000802a8058  type: "IRQ stack pointer"
crash: seek error: kernel virtual address: ffff8000802ca058  type: "IRQ stack pointer"
crash: seek error: kernel virtual address: ffff8000802ec058  type: "IRQ stack pointer"
crash: seek error: kernel virtual address: ffff80008030e058  type: "IRQ stack pointer"
crash: seek error: kernel virtual address: ffff800080330058  type: "IRQ stack pointer"
crash: seek error: kernel virtual address: ffff800080352058  type: "IRQ stack pointer"
crash: seek error: kernel virtual address: ffff800080374058  type: "IRQ stack pointer"
crash: seek error: kernel virtual address: ffff800080396058  type: "IRQ stack pointer"
crash: seek error: kernel virtual address: ffff8000803b8058  type: "IRQ stack pointer"
crash: seek error: kernel virtual address: ffff8000803da058  type: "IRQ stack pointer"
crash: seek error: kernel virtual address: ffff8000803fc058  type: "IRQ stack pointer"
crash: seek error: kernel virtual address: ffff80008041e058  type: "IRQ stack pointer"
crash: seek error: kernel virtual address: ffff800080440058  type: "IRQ stack pointer"
crash: seek error: kernel virtual address: ffff800080462058  type: "IRQ stack pointer"
crash: seek error: kernel virtual address: ffff800080484058  type: "IRQ stack pointer"
crash: seek error: kernel virtual address: ffff8000804a6058  type: "IRQ stack pointer"
crash: seek error: kernel virtual address: ffff8000804c8058  type: "IRQ stack pointer"
crash: seek error: kernel virtual address: ffff8000804ea058  type: "IRQ stack pointer"
crash: seek error: kernel virtual address: ffff80008050c058  type: "IRQ stack pointer"
crash: seek error: kernel virtual address: ffff80008052e058  type: "IRQ stack pointer"
crash: seek error: kernel virtual address: ffff800080550058  type: "IRQ stack pointer"
crash: seek error: kernel virtual address: ffff800080572058  type: "IRQ stack pointer"
crash: seek error: kernel virtual address: ffff800080594058  type: "IRQ stack pointer"
crash: seek error: kernel virtual address: ffff8000805b6058  type: "IRQ stack pointer"
crash: seek error: kernel virtual address: ffff8000805d8058  type: "IRQ stack pointer"
crash: seek error: kernel virtual address: ffff8000805fa058  type: "IRQ stack pointer"
crash: seek error: kernel virtual address: ffff80008061c058  type: "IRQ stack pointer"
crash: seek error: kernel virtual address: ffff80008063e058  type: "IRQ stack pointer"
crash: seek error: kernel virtual address: ffff800080660058  type: "IRQ stack pointer"
crash: seek error: kernel virtual address: ffff800080682058  type: "IRQ stack pointer"
crash: seek error: kernel virtual address: ffff8000806a4058  type: "IRQ stack pointer"
crash: seek error: kernel virtual address: ffff8000806c6058  type: "IRQ stack pointer"
crash: seek error: kernel virtual address: ffff8000806e8058  type: "IRQ stack pointer"
crash: seek error: kernel virtual address: ffff80008070a058  type: "IRQ stack pointer"
crash: seek error: kernel virtual address: ffff80008072c058  type: "IRQ stack pointer"
crash: seek error: kernel virtual address: ffff80008074e058  type: "IRQ stack pointer"
crash: seek error: kernel virtual address: ffff800080770058  type: "IRQ stack pointer"
crash: seek error: kernel virtual address: ffff800080792058  type: "IRQ stack pointer"
crash: seek error: kernel virtual address: ffff8000807b4058  type: "IRQ stack pointer"
crash: seek error: kernel virtual address: ffff8000807d6058  type: "IRQ stack pointer"
crash: seek error: kernel virtual address: ffff8000807f8058  type: "IRQ stack pointer"
crash: seek error: kernel virtual address: ffff80008081a058  type: "IRQ stack pointer"
crash: seek error: kernel virtual address: ffff80008083c058  type: "IRQ stack pointer"
crash: seek error: kernel virtual address: ffff80008085e058  type: "IRQ stack pointer"
crash: seek error: kernel virtual address: ffff800080880058  type: "IRQ stack pointer"
crash: seek error: kernel virtual address: ffff8000808a2058  type: "IRQ stack pointer"
crash: seek error: kernel virtual address: ffff8000808c4058  type: "IRQ stack pointer"
crash: seek error: kernel virtual address: ffff8000808e6058  type: "IRQ stack pointer"
crash: seek error: kernel virtual address: ffff800080908058  type: "IRQ stack pointer"
crash: seek error: kernel virtual address: ffff80008092a058  type: "IRQ stack pointer"
crash: seek error: kernel virtual address: ffff80008094c058  type: "IRQ stack pointer"
crash: seek error: kernel virtual address: ffff80008096e058  type: "IRQ stack pointer"
crash: seek error: kernel virtual address: ffff800080990058  type: "IRQ stack pointer"
crash: seek error: kernel virtual address: ffff8000809b2058  type: "IRQ stack pointer"
crash: seek error: kernel virtual address: ffff8000809d4058  type: "IRQ stack pointer"
crash: seek error: kernel virtual address: ffff8000809f6058  type: "IRQ stack pointer"
crash: seek error: kernel virtual address: ffff800080a18058  type: "IRQ stack pointer"
crash: seek error: kernel virtual address: ffff800080a3a058  type: "IRQ stack pointer"
crash: seek error: kernel virtual address: ffff800080a5c058  type: "IRQ stack pointer"
crash: seek error: kernel virtual address: ffff800080a7e058  type: "IRQ stack pointer"
crash: seek error: kernel virtual address: ffff800080aa0058  type: "IRQ stack pointer"
crash: seek error: kernel virtual address: ffff800080ac2058  type: "IRQ stack pointer"
crash: seek error: kernel virtual address: ffff800080ae4058  type: "IRQ stack pointer"
crash: seek error: kernel virtual address: ffff800080b06058  type: "IRQ stack pointer"
crash: seek error: kernel virtual address: ffff800080b28058  type: "IRQ stack pointer"
crash: seek error: kernel virtual address: ffff800080b4a058  type: "IRQ stack pointer"
crash: seek error: kernel virtual address: ffff800080b6c058  type: "IRQ stack pointer"
crash: seek error: kernel virtual address: ffff800080b8e058  type: "IRQ stack pointer"
crash: seek error: kernel virtual address: ffff800080bb0058  type: "IRQ stack pointer"
crash: seek error: kernel virtual address: ffff800080bd2058  type: "IRQ stack pointer"
crash: seek error: kernel virtual address: ffff800080bf4058  type: "IRQ stack pointer"
crash: seek error: kernel virtual address: ffff800080c16058  type: "IRQ stack pointer"
crash: seek error: kernel virtual address: ffff800080c38058  type: "IRQ stack pointer"
crash: seek error: kernel virtual address: ffff800080c5a058  type: "IRQ stack pointer"
crash: seek error: kernel virtual address: ffff800080c7c058  type: "IRQ stack pointer"
crash: seek error: kernel virtual address: ffff800080c9e058  type: "IRQ stack pointer"
crash: seek error: kernel virtual address: ffff800080cc0058  type: "IRQ stack pointer"
crash: seek error: kernel virtual address: ffff800080ce2058  type: "IRQ stack pointer"
crash: seek error: kernel virtual address: ffff800080d04058  type: "IRQ stack pointer"
crash: seek error: kernel virtual address: ffff800080d26058  type: "IRQ stack pointer"
crash: seek error: kernel virtual address: ffff800080d48058  type: "IRQ stack pointer"
crash: seek error: kernel virtual address: ffff800080d6a058  type: "IRQ stack pointer"
crash: seek error: kernel virtual address: ffff800080d8c058  type: "IRQ stack pointer"
crash: seek error: kernel virtual address: ffff800080dae058  type: "IRQ stack pointer"
crash: seek error: kernel virtual address: ffff800080dd0058  type: "IRQ stack pointer"
crash: seek error: kernel virtual address: ffff800080df2058  type: "IRQ stack pointer"
crash: seek error: kernel virtual address: ffff800080e14058  type: "IRQ stack pointer"
crash: seek error: kernel virtual address: ffff800080e36058  type: "IRQ stack pointer"
crash: seek error: kernel virtual address: ffff800080e58058  type: "IRQ stack pointer"
crash: seek error: kernel virtual address: ffff800080e7a058  type: "IRQ stack pointer"
crash: seek error: kernel virtual address: ffff800080e9c058  type: "IRQ stack pointer"
crash: seek error: kernel virtual address: ffff800080ebe058  type: "IRQ stack pointer"
crash: seek error: kernel virtual address: ffff800080ee0058  type: "IRQ stack pointer"
crash: seek error: kernel virtual address: ffff800080f02058  type: "IRQ stack pointer"
crash: seek error: kernel virtual address: ffff800080f24058  type: "IRQ stack pointer"
crash: seek error: kernel virtual address: ffff800080f46058  type: "IRQ stack pointer"
crash: seek error: kernel virtual address: ffff800080f68058  type: "IRQ stack pointer"
crash: seek error: kernel virtual address: ffff800080f8a058  type: "IRQ stack pointer"
crash: seek error: kernel virtual address: ffff800080fac058  type: "IRQ stack pointer"
crash: seek error: kernel virtual address: ffff800080fce058  type: "IRQ stack pointer"
crash: seek error: kernel virtual address: ffff800080ff0058  type: "IRQ stack pointer"
crash: seek error: kernel virtual address: ffff800081012058  type: "IRQ stack pointer"
crash: seek error: kernel virtual address: ffff800081034058  type: "IRQ stack pointer"
crash: seek error: kernel virtual address: ffff800081056058  type: "IRQ stack pointer"
crash: seek error: kernel virtual address: ffff800081078058  type: "IRQ stack pointer"
crash: seek error: kernel virtual address: ffff80008109a058  type: "IRQ stack pointer"
crash: seek error: kernel virtual address: ffff8000810bc058  type: "IRQ stack pointer"
crash: seek error: kernel virtual address: ffff8000810de058  type: "IRQ stack pointer"
crash: seek error: kernel virtual address: ffff800081100058  type: "IRQ stack pointer"
crash: seek error: kernel virtual address: ffff800081122058  type: "IRQ stack pointer"
crash: seek error: kernel virtual address: ffff800081144058  type: "IRQ stack pointer"
crash: seek error: kernel virtual address: ffff800081166058  type: "IRQ stack pointer"
crash: seek error: kernel virtual address: ffff800081188058  type: "IRQ stack pointer"
crash: seek error: kernel virtual address: ffff8000811aa058  type: "IRQ stack pointer"
crash: seek error: kernel virtual address: ffff8000811cc058  type: "IRQ stack pointer"
crash: seek error: kernel virtual address: ffff8000811ee058  type: "IRQ stack pointer"
crash: seek error: kernel virtual address: ffff800081210058  type: "IRQ stack pointer"
crash: seek error: kernel virtual address: ffff800081232058  type: "IRQ stack pointer"
crash: seek error: kernel virtual address: ffff800081254058  type: "IRQ stack pointer"
crash: seek error: kernel virtual address: ffff800081276058  type: "IRQ stack pointer"
crash: seek error: kernel virtual address: ffff800081298058  type: "IRQ stack pointer"
crash: seek error: kernel virtual address: ffff8000812ba058  type: "IRQ stack pointer"
crash: seek error: kernel virtual address: ffff8000812dc058  type: "IRQ stack pointer"
crash: seek error: kernel virtual address: ffff8000812fe058  type: "IRQ stack pointer"
crash: seek error: kernel virtual address: ffff800081320058  type: "IRQ stack pointer"
crash: seek error: kernel virtual address: ffff800081342058  type: "IRQ stack pointer"
crash: seek error: kernel virtual address: ffff800081364058  type: "IRQ stack pointer"
crash: seek error: kernel virtual address: ffff800081386058  type: "IRQ stack pointer"
crash: seek error: kernel virtual address: ffff8000813a8058  type: "IRQ stack pointer"
crash: seek error: kernel virtual address: ffff8000813ca058  type: "IRQ stack pointer"
crash: seek error: kernel virtual address: ffff8000813ec058  type: "IRQ stack pointer"
crash: seek error: kernel virtual address: ffff80008140e058  type: "IRQ stack pointer"
crash: seek error: kernel virtual address: ffff800081430058  type: "IRQ stack pointer"
crash: seek error: kernel virtual address: ffff800081452058  type: "IRQ stack pointer"
crash: seek error: kernel virtual address: ffff800081474058  type: "IRQ stack pointer"
crash: seek error: kernel virtual address: ffff800081496058  type: "IRQ stack pointer"
crash: seek error: kernel virtual address: ffff8000814b8058  type: "IRQ stack pointer"
crash: seek error: kernel virtual address: ffff8000814da058  type: "IRQ stack pointer"
crash: seek error: kernel virtual address: ffff8000814fc058  type: "IRQ stack pointer"
crash: seek error: kernel virtual address: ffff80008151e058  type: "IRQ stack pointer"
crash: seek error: kernel virtual address: ffff800081540058  type: "IRQ stack pointer"
crash: seek error: kernel virtual address: ffff800081562058  type: "IRQ stack pointer"
crash: seek error: kernel virtual address: ffff800081584058  type: "IRQ stack pointer"
crash: seek error: kernel virtual address: ffff8000815a6058  type: "IRQ stack pointer"
crash: seek error: kernel virtual address: ffff8000815c8058  type: "IRQ stack pointer"
crash: seek error: kernel virtual address: ffff8000815ea058  type: "IRQ stack pointer"
crash: seek error: kernel virtual address: ffff80008160c058  type: "IRQ stack pointer"
crash: seek error: kernel virtual address: ffff80008162e058  type: "IRQ stack pointer"
crash: seek error: kernel virtual address: ffff800081650058  type: "IRQ stack pointer"
crash: seek error: kernel virtual address: ffff800081672058  type: "IRQ stack pointer"
crash: seek error: kernel virtual address: ffff800081694058  type: "IRQ stack pointer"
crash: seek error: kernel virtual address: ffff8000816b6058  type: "IRQ stack pointer"
crash: seek error: kernel virtual address: ffff8000816d8058  type: "IRQ stack pointer"
crash: seek error: kernel virtual address: ffff8000816fa058  type: "IRQ stack pointer"
crash: seek error: kernel virtual address: ffff80008171c058  type: "IRQ stack pointer"
crash: seek error: kernel virtual address: ffff80008173e058  type: "IRQ stack pointer"
crash: seek error: kernel virtual address: ffff800081760058  type: "IRQ stack pointer"
crash: seek error: kernel virtual address: ffff800081782058  type: "IRQ stack pointer"
crash: seek error: kernel virtual address: ffff8000817a4058  type: "IRQ stack pointer"
crash: seek error: kernel virtual address: ffff8000817c6058  type: "IRQ stack pointer"
crash: seek error: kernel virtual address: ffff8000817e8058  type: "IRQ stack pointer"
crash: seek error: kernel virtual address: ffff80008180a058  type: "IRQ stack pointer"
crash: seek error: kernel virtual address: ffff80008182c058  type: "IRQ stack pointer"
crash: seek error: kernel virtual address: ffff80008184e058  type: "IRQ stack pointer"
crash: seek error: kernel virtual address: ffff800081870058  type: "IRQ stack pointer"
crash: seek error: kernel virtual address: ffff800081892058  type: "IRQ stack pointer"
crash: seek error: kernel virtual address: ffff8000818b4058  type: "IRQ stack pointer"
crash: seek error: kernel virtual address: ffff8000818d6058  type: "IRQ stack pointer"
crash: seek error: kernel virtual address: ffff8000818f8058  type: "IRQ stack pointer"
crash: seek error: kernel virtual address: ffff80008191a058  type: "IRQ stack pointer"
crash: seek error: kernel virtual address: ffff80008193c058  type: "IRQ stack pointer"
crash: seek error: kernel virtual address: ffff80008195e058  type: "IRQ stack pointer"
crash: seek error: kernel virtual address: ffff800080001600  type: "SDEI stack pointer"
crash: seek error: kernel virtual address: ffff800080023600  type: "SDEI stack pointer"
crash: seek error: kernel virtual address: ffff800080045600  type: "SDEI stack pointer"
crash: seek error: kernel virtual address: ffff800080067600  type: "SDEI stack pointer"
crash: seek error: kernel virtual address: ffff800080089600  type: "SDEI stack pointer"
crash: seek error: kernel virtual address: ffff8000800ab600  type: "SDEI stack pointer"
crash: seek error: kernel virtual address: ffff8000800cd600  type: "SDEI stack pointer"
crash: seek error: kernel virtual address: ffff8000800ef600  type: "SDEI stack pointer"
crash: seek error: kernel virtual address: ffff800080111600  type: "SDEI stack pointer"
crash: seek error: kernel virtual address: ffff800080133600  type: "SDEI stack pointer"
crash: seek error: kernel virtual address: ffff800080155600  type: "SDEI stack pointer"
crash: seek error: kernel virtual address: ffff800080177600  type: "SDEI stack pointer"
crash: seek error: kernel virtual address: ffff800080199600  type: "SDEI stack pointer"
crash: seek error: kernel virtual address: ffff8000801bb600  type: "SDEI stack pointer"
crash: seek error: kernel virtual address: ffff8000801dd600  type: "SDEI stack pointer"
crash: seek error: kernel virtual address: ffff8000801ff600  type: "SDEI stack pointer"
crash: seek error: kernel virtual address: ffff800080221600  type: "SDEI stack pointer"
crash: seek error: kernel virtual address: ffff800080243600  type: "SDEI stack pointer"
crash: seek error: kernel virtual address: ffff800080265600  type: "SDEI stack pointer"
crash: seek error: kernel virtual address: ffff800080287600  type: "SDEI stack pointer"
crash: seek error: kernel virtual address: ffff8000802a9600  type: "SDEI stack pointer"
crash: seek error: kernel virtual address: ffff8000802cb600  type: "SDEI stack pointer"
crash: seek error: kernel virtual address: ffff8000802ed600  type: "SDEI stack pointer"
crash: seek error: kernel virtual address: ffff80008030f600  type: "SDEI stack pointer"
crash: seek error: kernel virtual address: ffff800080331600  type: "SDEI stack pointer"
crash: seek error: kernel virtual address: ffff800080353600  type: "SDEI stack pointer"
crash: seek error: kernel virtual address: ffff800080375600  type: "SDEI stack pointer"
crash: seek error: kernel virtual address: ffff800080397600  type: "SDEI stack pointer"
crash: seek error: kernel virtual address: ffff8000803b9600  type: "SDEI stack pointer"
crash: seek error: kernel virtual address: ffff8000803db600  type: "SDEI stack pointer"
crash: seek error: kernel virtual address: ffff8000803fd600  type: "SDEI stack pointer"
crash: seek error: kernel virtual address: ffff80008041f600  type: "SDEI stack pointer"
crash: seek error: kernel virtual address: ffff800080441600  type: "SDEI stack pointer"
crash: seek error: kernel virtual address: ffff800080463600  type: "SDEI stack pointer"
crash: seek error: kernel virtual address: ffff800080485600  type: "SDEI stack pointer"
crash: seek error: kernel virtual address: ffff8000804a7600  type: "SDEI stack pointer"
crash: seek error: kernel virtual address: ffff8000804c9600  type: "SDEI stack pointer"
crash: seek error: kernel virtual address: ffff8000804eb600  type: "SDEI stack pointer"
crash: seek error: kernel virtual address: ffff80008050d600  type: "SDEI stack pointer"
crash: seek error: kernel virtual address: ffff80008052f600  type: "SDEI stack pointer"
crash: seek error: kernel virtual address: ffff800080551600  type: "SDEI stack pointer"
crash: seek error: kernel virtual address: ffff800080573600  type: "SDEI stack pointer"
crash: seek error: kernel virtual address: ffff800080595600  type: "SDEI stack pointer"
crash: seek error: kernel virtual address: ffff8000805b7600  type: "SDEI stack pointer"
crash: seek error: kernel virtual address: ffff8000805d9600  type: "SDEI stack pointer"
crash: seek error: kernel virtual address: ffff8000805fb600  type: "SDEI stack pointer"
crash: seek error: kernel virtual address: ffff80008061d600  type: "SDEI stack pointer"
crash: seek error: kernel virtual address: ffff80008063f600  type: "SDEI stack pointer"
crash: seek error: kernel virtual address: ffff800080661600  type: "SDEI stack pointer"
crash: seek error: kernel virtual address: ffff800080683600  type: "SDEI stack pointer"
crash: seek error: kernel virtual address: ffff8000806a5600  type: "SDEI stack pointer"
crash: seek error: kernel virtual address: ffff8000806c7600  type: "SDEI stack pointer"
crash: seek error: kernel virtual address: ffff8000806e9600  type: "SDEI stack pointer"
crash: seek error: kernel virtual address: ffff80008070b600  type: "SDEI stack pointer"
crash: seek error: kernel virtual address: ffff80008072d600  type: "SDEI stack pointer"
crash: seek error: kernel virtual address: ffff80008074f600  type: "SDEI stack pointer"
crash: seek error: kernel virtual address: ffff800080771600  type: "SDEI stack pointer"
crash: seek error: kernel virtual address: ffff800080793600  type: "SDEI stack pointer"
crash: seek error: kernel virtual address: ffff8000807b5600  type: "SDEI stack pointer"
crash: seek error: kernel virtual address: ffff8000807d7600  type: "SDEI stack pointer"
crash: seek error: kernel virtual address: ffff8000807f9600  type: "SDEI stack pointer"
crash: seek error: kernel virtual address: ffff80008081b600  type: "SDEI stack pointer"
crash: seek error: kernel virtual address: ffff80008083d600  type: "SDEI stack pointer"
crash: seek error: kernel virtual address: ffff80008085f600  type: "SDEI stack pointer"
crash: seek error: kernel virtual address: ffff800080881600  type: "SDEI stack pointer"
crash: seek error: kernel virtual address: ffff8000808a3600  type: "SDEI stack pointer"
crash: seek error: kernel virtual address: ffff8000808c5600  type: "SDEI stack pointer"
crash: seek error: kernel virtual address: ffff8000808e7600  type: "SDEI stack pointer"
crash: seek error: kernel virtual address: ffff800080909600  type: "SDEI stack pointer"
crash: seek error: kernel virtual address: ffff80008092b600  type: "SDEI stack pointer"
crash: seek error: kernel virtual address: ffff80008094d600  type: "SDEI stack pointer"
crash: seek error: kernel virtual address: ffff80008096f600  type: "SDEI stack pointer"
crash: seek error: kernel virtual address: ffff800080991600  type: "SDEI stack pointer"
crash: seek error: kernel virtual address: ffff8000809b3600  type: "SDEI stack pointer"
crash: seek error: kernel virtual address: ffff8000809d5600  type: "SDEI stack pointer"
crash: seek error: kernel virtual address: ffff8000809f7600  type: "SDEI stack pointer"
crash: seek error: kernel virtual address: ffff800080a19600  type: "SDEI stack pointer"
crash: seek error: kernel virtual address: ffff800080a3b600  type: "SDEI stack pointer"
crash: seek error: kernel virtual address: ffff800080a5d600  type: "SDEI stack pointer"
crash: seek error: kernel virtual address: ffff800080a7f600  type: "SDEI stack pointer"
crash: seek error: kernel virtual address: ffff800080aa1600  type: "SDEI stack pointer"
crash: seek error: kernel virtual address: ffff800080ac3600  type: "SDEI stack pointer"
crash: seek error: kernel virtual address: ffff800080ae5600  type: "SDEI stack pointer"
crash: seek error: kernel virtual address: ffff800080b07600  type: "SDEI stack pointer"
crash: seek error: kernel virtual address: ffff800080b29600  type: "SDEI stack pointer"
crash: seek error: kernel virtual address: ffff800080b4b600  type: "SDEI stack pointer"
crash: seek error: kernel virtual address: ffff800080b6d600  type: "SDEI stack pointer"
crash: seek error: kernel virtual address: ffff800080b8f600  type: "SDEI stack pointer"
crash: seek error: kernel virtual address: ffff800080bb1600  type: "SDEI stack pointer"
crash: seek error: kernel virtual address: ffff800080bd3600  type: "SDEI stack pointer"
crash: seek error: kernel virtual address: ffff800080bf5600  type: "SDEI stack pointer"
crash: seek error: kernel virtual address: ffff800080c17600  type: "SDEI stack pointer"
crash: seek error: kernel virtual address: ffff800080c39600  type: "SDEI stack pointer"
crash: seek error: kernel virtual address: ffff800080c5b600  type: "SDEI stack pointer"
crash: seek error: kernel virtual address: ffff800080c7d600  type: "SDEI stack pointer"
crash: seek error: kernel virtual address: ffff800080c9f600  type: "SDEI stack pointer"
crash: seek error: kernel virtual address: ffff800080cc1600  type: "SDEI stack pointer"
crash: seek error: kernel virtual address: ffff800080ce3600  type: "SDEI stack pointer"
crash: seek error: kernel virtual address: ffff800080d05600  type: "SDEI stack pointer"
crash: seek error: kernel virtual address: ffff800080d27600  type: "SDEI stack pointer"
crash: seek error: kernel virtual address: ffff800080d49600  type: "SDEI stack pointer"
crash: seek error: kernel virtual address: ffff800080d6b600  type: "SDEI stack pointer"
crash: seek error: kernel virtual address: ffff800080d8d600  type: "SDEI stack pointer"
crash: seek error: kernel virtual address: ffff800080daf600  type: "SDEI stack pointer"
crash: seek error: kernel virtual address: ffff800080dd1600  type: "SDEI stack pointer"
crash: seek error: kernel virtual address: ffff800080df3600  type: "SDEI stack pointer"
crash: seek error: kernel virtual address: ffff800080e15600  type: "SDEI stack pointer"
crash: seek error: kernel virtual address: ffff800080e37600  type: "SDEI stack pointer"
crash: seek error: kernel virtual address: ffff800080e59600  type: "SDEI stack pointer"
crash: seek error: kernel virtual address: ffff800080e7b600  type: "SDEI stack pointer"
crash: seek error: kernel virtual address: ffff800080e9d600  type: "SDEI stack pointer"
crash: seek error: kernel virtual address: ffff800080ebf600  type: "SDEI stack pointer"
crash: seek error: kernel virtual address: ffff800080ee1600  type: "SDEI stack pointer"
crash: seek error: kernel virtual address: ffff800080f03600  type: "SDEI stack pointer"
crash: seek error: kernel virtual address: ffff800080f25600  type: "SDEI stack pointer"
crash: seek error: kernel virtual address: ffff800080f47600  type: "SDEI stack pointer"
crash: seek error: kernel virtual address: ffff800080f69600  type: "SDEI stack pointer"
crash: seek error: kernel virtual address: ffff800080f8b600  type: "SDEI stack pointer"
crash: seek error: kernel virtual address: ffff800080fad600  type: "SDEI stack pointer"
crash: seek error: kernel virtual address: ffff800080fcf600  type: "SDEI stack pointer"
crash: seek error: kernel virtual address: ffff800080ff1600  type: "SDEI stack pointer"
crash: seek error: kernel virtual address: ffff800081013600  type: "SDEI stack pointer"
crash: seek error: kernel virtual address: ffff800081035600  type: "SDEI stack pointer"
crash: seek error: kernel virtual address: ffff800081057600  type: "SDEI stack pointer"
crash: seek error: kernel virtual address: ffff800081079600  type: "SDEI stack pointer"
crash: seek error: kernel virtual address: ffff80008109b600  type: "SDEI stack pointer"
crash: seek error: kernel virtual address: ffff8000810bd600  type: "SDEI stack pointer"
crash: seek error: kernel virtual address: ffff8000810df600  type: "SDEI stack pointer"
crash: seek error: kernel virtual address: ffff800081101600  type: "SDEI stack pointer"
crash: seek error: kernel virtual address: ffff800081123600  type: "SDEI stack pointer"
crash: seek error: kernel virtual address: ffff800081145600  type: "SDEI stack pointer"
crash: seek error: kernel virtual address: ffff800081167600  type: "SDEI stack pointer"
crash: seek error: kernel virtual address: ffff800081189600  type: "SDEI stack pointer"
crash: seek error: kernel virtual address: ffff8000811ab600  type: "SDEI stack pointer"
crash: seek error: kernel virtual address: ffff8000811cd600  type: "SDEI stack pointer"
crash: seek error: kernel virtual address: ffff8000811ef600  type: "SDEI stack pointer"
crash: seek error: kernel virtual address: ffff800081211600  type: "SDEI stack pointer"
crash: seek error: kernel virtual address: ffff800081233600  type: "SDEI stack pointer"
crash: seek error: kernel virtual address: ffff800081255600  type: "SDEI stack pointer"
crash: seek error: kernel virtual address: ffff800081277600  type: "SDEI stack pointer"
crash: seek error: kernel virtual address: ffff800081299600  type: "SDEI stack pointer"
crash: seek error: kernel virtual address: ffff8000812bb600  type: "SDEI stack pointer"
crash: seek error: kernel virtual address: ffff8000812dd600  type: "SDEI stack pointer"
crash: seek error: kernel virtual address: ffff8000812ff600  type: "SDEI stack pointer"
crash: seek error: kernel virtual address: ffff800081321600  type: "SDEI stack pointer"
crash: seek error: kernel virtual address: ffff800081343600  type: "SDEI stack pointer"
crash: seek error: kernel virtual address: ffff800081365600  type: "SDEI stack pointer"
crash: seek error: kernel virtual address: ffff800081387600  type: "SDEI stack pointer"
crash: seek error: kernel virtual address: ffff8000813a9600  type: "SDEI stack pointer"
crash: seek error: kernel virtual address: ffff8000813cb600  type: "SDEI stack pointer"
crash: seek error: kernel virtual address: ffff8000813ed600  type: "SDEI stack pointer"
crash: seek error: kernel virtual address: ffff80008140f600  type: "SDEI stack pointer"
crash: seek error: kernel virtual address: ffff800081431600  type: "SDEI stack pointer"
crash: seek error: kernel virtual address: ffff800081453600  type: "SDEI stack pointer"
crash: seek error: kernel virtual address: ffff800081475600  type: "SDEI stack pointer"
crash: seek error: kernel virtual address: ffff800081497600  type: "SDEI stack pointer"
crash: seek error: kernel virtual address: ffff8000814b9600  type: "SDEI stack pointer"
crash: seek error: kernel virtual address: ffff8000814db600  type: "SDEI stack pointer"
crash: seek error: kernel virtual address: ffff8000814fd600  type: "SDEI stack pointer"
crash: seek error: kernel virtual address: ffff80008151f600  type: "SDEI stack pointer"
crash: seek error: kernel virtual address: ffff800081541600  type: "SDEI stack pointer"
crash: seek error: kernel virtual address: ffff800081563600  type: "SDEI stack pointer"
crash: seek error: kernel virtual address: ffff800081585600  type: "SDEI stack pointer"
crash: seek error: kernel virtual address: ffff8000815a7600  type: "SDEI stack pointer"
crash: seek error: kernel virtual address: ffff8000815c9600  type: "SDEI stack pointer"
crash: seek error: kernel virtual address: ffff8000815eb600  type: "SDEI stack pointer"
crash: seek error: kernel virtual address: ffff80008160d600  type: "SDEI stack pointer"
crash: seek error: kernel virtual address: ffff80008162f600  type: "SDEI stack pointer"
crash: seek error: kernel virtual address: ffff800081651600  type: "SDEI stack pointer"
crash: seek error: kernel virtual address: ffff800081673600  type: "SDEI stack pointer"
crash: seek error: kernel virtual address: ffff800081695600  type: "SDEI stack pointer"
crash: seek error: kernel virtual address: ffff8000816b7600  type: "SDEI stack pointer"
crash: seek error: kernel virtual address: ffff8000816d9600  type: "SDEI stack pointer"
crash: seek error: kernel virtual address: ffff8000816fb600  type: "SDEI stack pointer"
crash: seek error: kernel virtual address: ffff80008171d600  type: "SDEI stack pointer"
crash: seek error: kernel virtual address: ffff80008173f600  type: "SDEI stack pointer"
crash: seek error: kernel virtual address: ffff800081761600  type: "SDEI stack pointer"
crash: seek error: kernel virtual address: ffff800081783600  type: "SDEI stack pointer"
crash: seek error: kernel virtual address: ffff8000817a5600  type: "SDEI stack pointer"
crash: seek error: kernel virtual address: ffff8000817c7600  type: "SDEI stack pointer"
crash: seek error: kernel virtual address: ffff8000817e9600  type: "SDEI stack pointer"
crash: seek error: kernel virtual address: ffff80008180b600  type: "SDEI stack pointer"
crash: seek error: kernel virtual address: ffff80008182d600  type: "SDEI stack pointer"
crash: seek error: kernel virtual address: ffff80008184f600  type: "SDEI stack pointer"
crash: seek error: kernel virtual address: ffff800081871600  type: "SDEI stack pointer"
crash: seek error: kernel virtual address: ffff800081893600  type: "SDEI stack pointer"
crash: seek error: kernel virtual address: ffff8000818b5600  type: "SDEI stack pointer"
crash: seek error: kernel virtual address: ffff8000818d7600  type: "SDEI stack pointer"
crash: seek error: kernel virtual address: ffff8000818f9600  type: "SDEI stack pointer"
crash: seek error: kernel virtual address: ffff80008191b600  type: "SDEI stack pointer"
crash: seek error: kernel virtual address: ffff80008193d600  type: "SDEI stack pointer"
crash: seek error: kernel virtual address: ffff80008195f600  type: "SDEI stack pointer"
scroll: off (none)
=== SESSION 23: struct rq field at offset 288 + env struct ===n
struct rq {
     [0] raw_spinlock_t __lock;
     [4] unsigned int nr_running;
     [8] unsigned int nr_numa_running;
    [12] unsigned int nr_preferred_running;
    [16] unsigned int numa_migrate_on;
    [24] unsigned long last_blocked_load_update_tick;
    [32] unsigned int has_blocked_load;
    [64] call_single_data_t nohz_csd;
    [96] unsigned int nohz_tick_stopped;
   [100] atomic_t nohz_flags;
   [104] unsigned int ttwu_pending;
   [112] u64 nr_switches;
   [128] struct cfs_rq cfs;
   [704] struct rt_rq rt;
  [2432] struct dl_rq dl;
  [2536] struct sparsemask *cfs_overload_cpus;
  [2544] struct list_head leaf_cfs_rq_list;
  [2560] struct list_head *tmp_alone_branch;
  [2568] unsigned int nr_uninterruptible;
  [2576] struct task_struct *curr;
  [2584] struct task_struct *idle;
  [2592] struct task_struct *stop;
  [2600] unsigned long next_balance;
  [2608] struct mm_struct *prev_mm;
  [2616] unsigned int clock_update_flags;
  [2624] u64 clock;
  [2688] u64 clock_task;
  [2696] u64 clock_pelt;
  [2704] unsigned long lost_idle_time;
  [2712] u64 clock_pelt_idle;
  [2720] u64 clock_idle;
  [2728] atomic_t nr_iowait;
  [2736] u64 last_seen_need_resched_ns;
  [2744] int ticks_without_resched;
  [2748] int membarrier_state;
  [2752] struct root_domain *rd;
  [2760] struct sched_domain *sd;
  [2768] unsigned long cpu_capacity;
  [2776] unsigned long cpu_capacity_orig;
  [2784] struct balance_callback *balance_callback;
  [2792] unsigned char nohz_idle_balance;
  [2793] unsigned char idle_balance;
  [2800] unsigned long misfit_task_load;
  [2808] int active_balance;
  [2812] int push_cpu;
  [2816] struct cpu_stop_work active_balance_work;
  [2880] int cpu;
  [2884] int online;
  [2888] struct list_head cfs_tasks;
  [2904] struct list_head cfs_offline_tasks;
  [2944] struct sched_avg avg_rt;
  [3008] struct sched_avg avg_dl;
  [3072] struct sched_avg avg_irq;
  [3136] struct sched_avg avg_thermal;
  [3200] u64 idle_stamp;
  [3208] u64 avg_idle;
  [3216] unsigned long wake_stamp;
  [3224] u64 wake_avg_idle;
  [3232] u64 max_idle_balance_cost;
  [3240] struct rcuwait hotplug_wait;
  [3248] u64 prev_irq_time;
  [3256] u64 prev_steal_time;
  [3264] u64 prev_steal_time_rq;
  [3272] unsigned long calc_load_update;
  [3280] long calc_load_active;
  [3296] call_single_data_t hrtick_csd;
  [3328] struct hrtimer hrtick_timer;
  [3408] ktime_t hrtick_time;
  [3416] struct sched_info rq_sched_info;
  [3464] unsigned long long rq_cpu_time;
  [3472] unsigned int yld_count;
  [3476] unsigned int sched_count;
  [3480] unsigned int sched_goidle;
  [3484] unsigned int ttwu_count;
  [3488] unsigned int ttwu_local;
  [3492] unsigned int found_idle_cpu_capacity;
  [3496] unsigned int found_idle_cpu;
  [3500] unsigned int found_idle_cpu_easy;
  [3504] unsigned int nofound_idle_cpu;
  [3512] unsigned long find_time;
  [3520] unsigned int steal;
  [3524] unsigned int steal_fail;
  [3528] struct cpuidle_state *idle_state;
  [3536] unsigned int nr_pinned;
  [3540] unsigned int push_busy;
  [3544] struct cpu_stop_work push_work;
  [3608] cpumask_var_t scratch_mask;
  [4128] call_single_data_t cfsb_csd;
  [4160] struct list_head cfsb_csd_list;
  [4176] u64 kabi_reserved1;
  [4184] u64 kabi_reserved2;
  [4192] u64 kabi_reserved3;
  [4200] u64 kabi_reserved4;
  [4208] u64 kabi_reserved5;
  [4216] u64 kabi_reserved6;
  [4224] u64 kabi_reserved7;
  [4232] u64 kabi_reserved8;
  [4240] struct scx_rq scx;
}
SIZE: 7232
