
crash 8.0.4-17.oe2403sp4
Copyright (C) 2002-2022  Red Hat, Inc.
Copyright (C) 2004, 2005, 2006, 2010  IBM Corporation
Copyright (C) 1999-2006  Hewlett-Packard Co
Copyright (C) 2005, 2006, 2011, 2012  Fujitsu Limited
Copyright (C) 2006, 2007  VA Linux Systems Japan K.K.
Copyright (C) 2005, 2011, 2020-2022  NEC Corporation
Copyright (C) 1999, 2002, 2007  Silicon Graphics, Inc.
Copyright (C) 1999, 2000, 2001, 2002  Mission Critical Linux, Inc.
Copyright (C) 2015, 2021  VMware, Inc.
This program is free software, covered by the GNU General Public License,
and you are welcome to change it and/or distribute copies of it under
certain conditions.  Enter "help copying" to see the conditions.
This program has absolutely no warranty.  Enter "help warranty" for details.
 
NOTE: stdin: not a tty

GNU gdb (GDB) 10.2
Copyright (C) 2021 Free Software Foundation, Inc.
License GPLv3+: GNU GPL version 3 or later <http://gnu.org/licenses/gpl.html>
This is free software: you are free to change and redistribute it.
There is NO WARRANTY, to the extent permitted by law.
Type "show copying" and "show warranty" for details.
This GDB was configured as "aarch64-unknown-linux-gnu".
Type "show configuration" for configuration details.
Find the GDB manual and other documentation resources online at:
    <http://www.gnu.org/software/gdb/documentation/>.

For help, type "help".
Type "apropos word" to search for commands related to "word"...

    DUMPFILE: /home/sdc/wangxu/vmcore0102/127.0.0.1-2026-09-04-21:53:28/vmcore  [PARTIAL DUMP]
        CPUS: 192
        DATE: Fri Sep  4 21:52:44 CST 2026
      UPTIME: 09:14:32
LOAD AVERAGE: 42.73, 9.68, 3.24
       TASKS: 2212
    NODENAME: localhost0102
     RELEASE: 6.6.0-145.3.23.154.oe2403sp3.aarch64
     VERSION: #1 SMP Mon Jul 27 19:00:34 CST 2026
     MACHINE: aarch64  (unknown Mhz)
      MEMORY: 767.8 GB
       PANIC: "Unable to handle kernel paging request at virtual address 73b8474cc98297a5"
         PID: 581185
     COMMAND: "mi-scavenger"
        TASK: ffff60201da03f00  [THREAD_INFO: ffff60201da03f00]
         CPU: 179
       STATE: TASK_INTERRUPTIBLE (PANIC)

crash> rd 0xffff8000cb18b8d0 12
ffff8000cb18b8d0:  ffff8000817dd6c0 ffff6040043a3200   ..}......2:.@`..
ffff8000cb18b8e0:  ffff8000cb18b9a8 00000000000000b3   ................
ffff8000cb18b8f0:  0000000000000002 ffffba8cc88296c0   ................
ffff8000cb18b900:  ffffba8cc8c1fb10 ffff6040043a3200   .........2:.@`..
ffff8000cb18b910:  00000001007dc72d 0000000000000000   -.}.............
ffff8000cb18b920:  ffff6040043a3200 ffff800000000002   .2:.@`..........
crash> rd ffff6040043a3200 16
ffff6040043a3200:  ffff6040043a0000 ffff60400439de00   ..:.@`....9.@`..
ffff6040043a3210:  ffff604003e5fea0 0000000000000078   ....@`..x.......
ffff6040043a3220:  00000000000000f0 0000007500000010   ............u...
ffff6040043a3230:  0000000600000002 0000641700000000   .............d..
ffff6040043a3240:  0000000000000006 00000001007dc720   ........ .}.....
ffff6040043a3250:  0000000000000078 000000000000e998   x...............
ffff6040043a3260:  00000001007dc6ce 0000000000000000   ..}.............
ffff6040043a3270:  0000000000000000 0000000000000000   ................
crash> rd ffff6040043a0000 16
ffff6040043a0000:  0000000000000000 ffff6040043a3200   .........2:.@`..
ffff6040043a0010:  ffff604003e5f180 00000000000000c0   ....@`..........
ffff6040043a0020:  0000000000000180 0000007500000010   ............u...
ffff6040043a0030:  0000000c00000002 0000640100000000   .............d..
ffff6040043a0040:  0000000000000007 00000001007dc710   ..........}.....
ffff6040043a0050:  00000000000000c0 000000000004094b   ........K.......
ffff6040043a0060:  00000001007dc6e4 0000000000000000   ..}.............
ffff6040043a0070:  0000000000000000 0000000000000000   ................
crash> rd ffffba8cc8c17000 16
ffffba8cc8c17000:  0000000000000000 ffffba8cc8c17008   .........p......
ffffba8cc8c17010:  ffffba8cc8c17008 0000000000000000   .p..............
ffffba8cc8c17020:  ffffba8cc8c17020 ffffba8cc8c17020    p...... p......
ffffba8cc8c17030:  0000000000000000 ffffba8cc8c17038   ........8p......
ffffba8cc8c17040:  ffffba8cc8c17038 0000000000000000   8p..............
ffffba8cc8c17050:  ffffba8cc8c17050 ffffba8cc8c17050   Pp......Pp......
ffffba8cc8c17060:  0000000000000000 ffffba8cc8c17068   ........hp......
ffffba8cc8c17070:  ffffba8cc8c17068 0000000000000000   hp..............
crash> rd ffffba8cc8c1fb10 8
ffffba8cc8c1fb10:  000000000007a120 00000000000012a7    ...............
ffffba8cc8c1fb20:  0000000000000000 0000000000000000   ................
ffffba8cc8c1fb30:  0000000000000000 0000000000000000   ................
ffffba8cc8c1fb40:  0000000000000000 0000000000004e20   ........ N......
crash> rd ffff604003e5fea0 8
ffff604003e5fea0:  ffff604003e5f300 0000003000000001   ....@`......0...
ffff604003e5feb0:  0000000000000030 ffff604003e586c0   0...........@`..
ffff604003e5fec0:  0000641700000000 0000000000000000   .....d..........
ffff604003e5fed0:  0000000000000000 0000000000000000   ................
crash> rd ffff604003e586f0 8
ffff604003e586f0:  0000000000000000 0000000000000000   ................
ffff604003e58700:  ffffff0000000000 0000000000000000   ................
ffff604003e58710:  0000000000000000 0000000000000000   ................
ffff604003e58720:  ffff604003e58cc0 0000000000000000   ....@`..........
crash> rd ffff6040043a0000 24
ffff6040043a0000:  0000000000000000 ffff6040043a3200   .........2:.@`..
ffff6040043a0010:  ffff604003e5f180 00000000000000c0   ....@`..........
ffff6040043a0020:  0000000000000180 0000007500000010   ............u...
ffff6040043a0030:  0000000c00000002 0000640100000000   .............d..
ffff6040043a0040:  0000000000000007 00000001007dc710   ..........}.....
ffff6040043a0050:  00000000000000c0 000000000004094b   ........K.......
ffff6040043a0060:  00000001007dc6e4 0000000000000000   ..}.............
ffff6040043a0070:  0000000000000000 0000000000000000   ................
ffff6040043a0080:  0000000000000000 0000000000000000   ................
ffff6040043a0090:  0000000000000000 0000000000000000   ................
ffff6040043a00a0:  0000000000000000 0000000000000000   ................
ffff6040043a00b0:  0000000000000000 0000000000000000   ................
crash> rd ffff604003e5fed8 8
ffff604003e5fed8:  0000000000000000 0000000000000000   ................
ffff604003e5fee8:  ffffffffffff0000 0000000000000000   ................
ffff604003e5fef8:  0000000000000000 ffff604003e5f2a0   ............@`..
ffff604003e5ff08:  0000001800000001 0000000000000018   ................
crash> rd ffffba8cc8c255d0 8
ffffba8cc8c255d0:  ffffc573b77ee000 ffffc573b7810000   ..~.s.......s...
ffffba8cc8c255e0:  ffffc573b7832000 ffffc573b7854000   . ..s....@..s...
ffffba8cc8c255f0:  ffffc573b7876000 ffffc573b7898000   .`..s.......s...
ffffba8cc8c25600:  ffffc573b78ba000 ffffc573b78dc000   ....s.......s...
