
crash 8.0.4-17.oe2403sp4
Copyright (C) 2002-2022  Red Hat, Inc.
Copyright (C) 2004, 2005, 2006, 2010  IBM Corporation
Copyright (C) 1999-2006  Hewlett-Packard Co
Copyright (C) 2005, 2006, 2011, 2012  Fujitsu Limited
Copyright (C) 2006, 2007  VA Linux Systems Japan K.K.
Copyright (C) 2005, 2011, 2020-2022  NEC Corporation
Copyright (C) 1999, 2002, 2007  Silicon Graphics, Inc.
Copyright (C) 1999, 2000, 2001, 2002  Mission Critical Linux, Inc.
Copyright (C) 2015, 2021  VMware, Inc.
This program is free software, covered by the GNU General Public License,
and you are welcome to change it and/or distribute copies of it under
certain conditions.  Enter "help copying" to see the conditions.
This program has absolutely no warranty.  Enter "help warranty" for details.
 
NOTE: stdin: not a tty

GNU gdb (GDB) 10.2
Copyright (C) 2021 Free Software Foundation, Inc.
License GPLv3+: GNU GPL version 3 or later <http://gnu.org/licenses/gpl.html>
This is free software: you are free to change and redistribute it.
There is NO WARRANTY, to the extent permitted by law.
Type "show copying" and "show warranty" for details.
This GDB was configured as "aarch64-unknown-linux-gnu".
Type "show configuration" for configuration details.
Find the GDB manual and other documentation resources online at:
    <http://www.gnu.org/software/gdb/documentation/>.

For help, type "help".
Type "apropos word" to search for commands related to "word"...

    DUMPFILE: /home/sdc/wangxu/vmcore0102/127.0.0.1-2026-09-04-21:53:28/vmcore  [PARTIAL DUMP]
        CPUS: 192
        DATE: Fri Sep  4 21:52:44 CST 2026
      UPTIME: 09:14:32
LOAD AVERAGE: 42.73, 9.68, 3.24
       TASKS: 2212
    NODENAME: localhost0102
     RELEASE: 6.6.0-145.3.23.154.oe2403sp3.aarch64
     VERSION: #1 SMP Mon Jul 27 19:00:34 CST 2026
     MACHINE: aarch64  (unknown Mhz)
      MEMORY: 767.8 GB
       PANIC: "Unable to handle kernel paging request at virtual address 73b8474cc98297a5"
         PID: 581185
     COMMAND: "mi-scavenger"
        TASK: ffff60201da03f00  [THREAD_INFO: ffff60201da03f00]
         CPU: 179
       STATE: TASK_INTERRUPTIBLE (PANIC)

crash> sym ffffba8cc8c1fcb0
ffffba8cc8c1fcb0 (D) nr_cpu_ids
crash> sym ffffba8cc8c1fc80
ffffba8cc8c1fc80 (d) hrtimer_hres_enabled
crash> sym ffffba8cc8c20000
ffffba8cc8c20000 (D) watchdog_cpumask+184
crash> sym ffffba8cc8c24dd0
ffffba8cc8c24dd0 (D) node_data
crash> rd ffffba8cc8c1fcb0 4
ffffba8cc8c1fcb0:  00510000000000c0 0000080108000018   ......Q.........
ffffba8cc8c1fcc0:  0000000000000000 ffff404003fb9a40   ........@...@@..
crash> p nr_cpu_ids
nr_cpu_ids = $1 = 192
crash> p nr_cpus
p: gdb request failed: p nr_cpus
crash> set cpu 179
set: invalid task or pid value: cpu
    PID: 179
COMMAND: "cpuhp/33"
   TASK: ffff004003342a00  [THREAD_INFO: ffff004003342a00]
    CPU: 33
  STATE: TASK_INTERRUPTIBLE 
crash> help set

NAME
  set - set a process context or internal crash variable

SYNOPSIS
  set [[-a] [pid | taskp] | [-c cpu] | -p] | [crash_variable [setting]] | -v

DESCRIPTION
  This command either sets a new context, or gets the current context for
  display.  The context can be set by the use of:

      pid  a process PID.
    taskp  a hexadecimal task_struct pointer.
       -a  sets the pid or task as the active task on its cpu (dumpfiles only).
   -c cpu  sets the context to the active task on a cpu (dumpfiles only).
       -p  sets the context to the panic task, or back to the crash task on
           a live system.
       -v  display the current state of internal crash variables.

  If no argument is entered, the current context is displayed.  The context
  consists of the PID, the task pointer, the CPU, and task state.  The task
  state shows the bits found in both the task_struct state and exit_state
  fields.
  
  This command may also be used to set internal crash variables.  If no value
  argument is entered, the current value of the crash variable is shown.  These
  are the crash variables, acceptable arguments, and purpose:

          scroll  on | off     controls output scrolling.
          scroll  less         /usr/bin/less as the output scrolling program.
          scroll  more         /bin/more as the output scrolling program.
          scroll  CRASHPAGER   use CRASHPAGER environment variable as the
                               output scrolling program.
           radix  10 | 16      sets output radix to 10 or 16.
         refresh  on | off     controls internal task list refresh.
       print_max  number       set maximum number of array elements to print.
     print_array  on | off     if on, set gdb's printing of arrays to "pretty"
                               format, with one line per element.
         console  device-name  sets debug console device.
           debug  number       sets crash debug level.
            core  on | off     if on, drops core when the next error message
                               is displayed.
            hash  on | off     controls internal list verification.
          silent  on | off     turns off initialization messages; turns off
                               crash prompt during input file execution. 
                               (scrolling is turned off if silent is on)
            edit  vi | emacs   set line editing mode (from .crashrc file only).
        namelist  filename     name of kernel (from .crashrc file only).
   zero_excluded  on | off     controls whether excluded pages, or pages that
                               are missing from an incomplete dumpfile, should
                               return zero-filled memory when read.
       null-stop  on | off     if on, gdb's printing of character arrays will
                               stop at the first NULL encountered.
             gdb  on | off     if on, the crash session will be run in a mode
                               where all commands will be passed directly to
                               gdb, and the command prompt will change to 
                               "gdb>"; when running in this mode, native crash
                               commands may be executed by preceding them with
                               the "crash" directive.
           scope  text-addr    sets the text scope for viewing the definition
                               of data structures; the "text-addr" argument
                               must be a kernel or module text address, which
                               may be expressed symbolically or as a hexadecimal
                               value; set scope 0 to un-set.
         offline  show | hide  show or hide command output that is associated
                               with offline cpus.
         redzone  on | off     if on, CONFIG_SLUB object addresses displayed by
                               the kmem command will point to the SLAB_RED_ZONE
                               padding inserted at the beginning of the object.
   error  default | redirect | filename   set the destination of error messages.
                               "default": error messages are always displayed
                                 on the console; if the output of a command is
                                 piped to an external command or redirected
                                 to a file, the error messages are also sent
                                 to the pipe or file.
                               "redirect": if the output of a command is piped
                                 to an external command or redirected to a file,
                                 error messages are only sent to the pipe or
                                 file; otherwise they are displayed on the
                                 console.
                               "filename": error messages are only sent to the
                                 specified filename; they are not displayed on
                                 the console and are not sent to a pipe or file.
 
  Internal variables may be set in four manners:

    1. entering the set command in $HOME/.crashrc.
    2. entering the set command in .crashrc in the current directory.
    3. executing an input file containing the set command.
    4. during runtime with this command.

  During initialization, $HOME/.crashrc is read first, followed by the
  .crashrc file in the current directory.  Set commands in the .crashrc file
  in the current directory override those in $HOME/.crashrc.  Set commands 
  entered with this command or by runtime input file override those
  defined in either .crashrc file.  Multiple set command arguments or argument
  pairs may be entered in one command line.

EXAMPLES
  Set the current context to task c2fe8000:

    crash> set c2fe8000
         PID: 15917
     COMMAND: "bash"
        TASK: c2fe8000  
         CPU: 0
       STATE: TASK_INTERRUPTIBLE

  Set the context back to the panicking task:

    crash> set -p
         PID: 698
     COMMAND: "gen12"
        TASK: f9d78000
         CPU: 2
       STATE: TASK_RUNNING (PANIC)

  Turn off output scrolling:

    crash> set scroll off
    scroll: off (/usr/bin/less)
 
  Show the current state of crash internal variables:

    crash> set -v
            scroll: on (/usr/bin/less)
             radix: 10 (decimal)
           refresh: on
         print_max: 256
       print_array: off
           console: /dev/pts/2
             debug: 0
              core: off
              hash: on
            silent: off
              edit: vi
          namelist: vmlinux
     zero_excluded: off
         null-stop: on
               gdb: off
             scope: (not set)
           offline: show
           redzone: on
             error: default
 
  Show the current context:

    crash> set
         PID: 1525
     COMMAND: "bash"
        TASK: c1ede000
         CPU: 0
       STATE: TASK_INTERRUPTIBLE


crash> p sched_domains_numa_levels
sched_domains_numa_levels = $2 = 5
crash> p *sysctl_sched_domain_flags_enabled
p: gdb request failed: p *sysctl_sched_domain_flags_enabled
