
crash 8.0.4-17.oe2403sp4
Copyright (C) 2002-2022  Red Hat, Inc.
Copyright (C) 2004, 2005, 2006, 2010  IBM Corporation
Copyright (C) 1999-2006  Hewlett-Packard Co
Copyright (C) 2005, 2006, 2011, 2012  Fujitsu Limited
Copyright (C) 2006, 2007  VA Linux Systems Japan K.K.
Copyright (C) 2005, 2011, 2020-2022  NEC Corporation
Copyright (C) 1999, 2002, 2007  Silicon Graphics, Inc.
Copyright (C) 1999, 2000, 2001, 2002  Mission Critical Linux, Inc.
Copyright (C) 2015, 2021  VMware, Inc.
This program is free software, covered by the GNU General Public License,
and you are welcome to change it and/or distribute copies of it under
certain conditions.  Enter "help copying" to see the conditions.
This program has absolutely no warranty.  Enter "help warranty" for details.
 
NOTE: stdin: not a tty

GNU gdb (GDB) 10.2
Copyright (C) 2021 Free Software Foundation, Inc.
License GPLv3+: GNU GPL version 3 or later <http://gnu.org/licenses/gpl.html>
This is free software: you are free to change and redistribute it.
There is NO WARRANTY, to the extent permitted by law.
Type "show copying" and "show warranty" for details.
This GDB was configured as "aarch64-unknown-linux-gnu".
Type "show configuration" for configuration details.
Find the GDB manual and other documentation resources online at:
    <http://www.gnu.org/software/gdb/documentation/>.

For help, type "help".
Type "apropos word" to search for commands related to "word"...

crash: seek error: kernel virtual address: ffff800080000058  type: "IRQ stack pointer"
crash: seek error: kernel virtual address: ffff800080022058  type: "IRQ stack pointer"
crash: seek error: kernel virtual address: ffff800080044058  type: "IRQ stack pointer"
crash: seek error: kernel virtual address: ffff800080066058  type: "IRQ stack pointer"
crash: seek error: kernel virtual address: ffff800080088058  type: "IRQ stack pointer"
crash: seek error: kernel virtual address: ffff8000800aa058  type: "IRQ stack pointer"
crash: seek error: kernel virtual address: ffff8000800cc058  type: "IRQ stack pointer"
crash: seek error: kernel virtual address: ffff8000800ee058  type: "IRQ stack pointer"
crash: seek error: kernel virtual address: ffff800080110058  type: "IRQ stack pointer"
crash: seek error: kernel virtual address: ffff800080132058  type: "IRQ stack pointer"
crash: seek error: kernel virtual address: ffff800080154058  type: "IRQ stack pointer"
crash: seek error: kernel virtual address: ffff800080176058  type: "IRQ stack pointer"
crash: seek error: kernel virtual address: ffff800080198058  type: "IRQ stack pointer"
crash: seek error: kernel virtual address: ffff8000801ba058  type: "IRQ stack pointer"
crash: seek error: kernel virtual address: ffff8000801dc058  type: "IRQ stack pointer"
crash: seek error: kernel virtual address: ffff8000801fe058  type: "IRQ stack pointer"
crash: seek error: kernel virtual address: ffff800080220058  type: "IRQ stack pointer"
crash: seek error: kernel virtual address: ffff800080242058  type: "IRQ stack pointer"
crash: seek error: kernel virtual address: ffff800080264058  type: "IRQ stack pointer"
crash: seek error: kernel virtual address: ffff800080286058  type: "IRQ stack pointer"
crash: seek error: kernel virtual address: ffff8000802a8058  type: "IRQ stack pointer"
crash: seek error: kernel virtual address: ffff8000802ca058  type: "IRQ stack pointer"
crash: seek error: kernel virtual address: ffff8000802ec058  type: "IRQ stack pointer"
crash: seek error: kernel virtual address: ffff80008030e058  type: "IRQ stack pointer"
crash: seek error: kernel virtual address: ffff800080330058  type: "IRQ stack pointer"
crash: seek error: kernel virtual address: ffff800080352058  type: "IRQ stack pointer"
crash: seek error: kernel virtual address: ffff800080374058  type: "IRQ stack pointer"
crash: seek error: kernel virtual address: ffff800080396058  type: "IRQ stack pointer"
crash: seek error: kernel virtual address: ffff8000803b8058  type: "IRQ stack pointer"
crash: seek error: kernel virtual address: ffff8000803da058  type: "IRQ stack pointer"
crash: seek error: kernel virtual address: ffff8000803fc058  type: "IRQ stack pointer"
crash: seek error: kernel virtual address: ffff80008041e058  type: "IRQ stack pointer"
crash: seek error: kernel virtual address: ffff800080440058  type: "IRQ stack pointer"
crash: seek error: kernel virtual address: ffff800080462058  type: "IRQ stack pointer"
crash: seek error: kernel virtual address: ffff800080484058  type: "IRQ stack pointer"
crash: seek error: kernel virtual address: ffff8000804a6058  type: "IRQ stack pointer"
crash: seek error: kernel virtual address: ffff8000804c8058  type: "IRQ stack pointer"
crash: seek error: kernel virtual address: ffff8000804ea058  type: "IRQ stack pointer"
crash: seek error: kernel virtual address: ffff80008050c058  type: "IRQ stack pointer"
crash: seek error: kernel virtual address: ffff80008052e058  type: "IRQ stack pointer"
crash: seek error: kernel virtual address: ffff800080550058  type: "IRQ stack pointer"
crash: seek error: kernel virtual address: ffff800080572058  type: "IRQ stack pointer"
crash: seek error: kernel virtual address: ffff800080594058  type: "IRQ stack pointer"
crash: seek error: kernel virtual address: ffff8000805b6058  type: "IRQ stack pointer"
crash: seek error: kernel virtual address: ffff8000805d8058  type: "IRQ stack pointer"
crash: seek error: kernel virtual address: ffff8000805fa058  type: "IRQ stack pointer"
crash: seek error: kernel virtual address: ffff80008061c058  type: "IRQ stack pointer"
crash: seek error: kernel virtual address: ffff80008063e058  type: "IRQ stack pointer"
crash: seek error: kernel virtual address: ffff800080660058  type: "IRQ stack pointer"
crash: seek error: kernel virtual address: ffff800080682058  type: "IRQ stack pointer"
crash: seek error: kernel virtual address: ffff8000806a4058  type: "IRQ stack pointer"
crash: seek error: kernel virtual address: ffff8000806c6058  type: "IRQ stack pointer"
crash: seek error: kernel virtual address: ffff8000806e8058  type: "IRQ stack pointer"
crash: seek error: kernel virtual address: ffff80008070a058  type: "IRQ stack pointer"
crash: seek error: kernel virtual address: ffff80008072c058  type: "IRQ stack pointer"
crash: seek error: kernel virtual address: ffff80008074e058  type: "IRQ stack pointer"
crash: seek error: kernel virtual address: ffff800080770058  type: "IRQ stack pointer"
crash: seek error: kernel virtual address: ffff800080792058  type: "IRQ stack pointer"
crash: seek error: kernel virtual address: ffff8000807b4058  type: "IRQ stack pointer"
crash: seek error: kernel virtual address: ffff8000807d6058  type: "IRQ stack pointer"
crash: seek error: kernel virtual address: ffff8000807f8058  type: "IRQ stack pointer"
crash: seek error: kernel virtual address: ffff80008081a058  type: "IRQ stack pointer"
crash: seek error: kernel virtual address: ffff80008083c058  type: "IRQ stack pointer"
crash: seek error: kernel virtual address: ffff80008085e058  type: "IRQ stack pointer"
crash: seek error: kernel virtual address: ffff800080880058  type: "IRQ stack pointer"
crash: seek error: kernel virtual address: ffff8000808a2058  type: "IRQ stack pointer"
crash: seek error: kernel virtual address: ffff8000808c4058  type: "IRQ stack pointer"
crash: seek error: kernel virtual address: ffff8000808e6058  type: "IRQ stack pointer"
crash: seek error: kernel virtual address: ffff800080908058  type: "IRQ stack pointer"
crash: seek error: kernel virtual address: ffff80008092a058  type: "IRQ stack pointer"
crash: seek error: kernel virtual address: ffff80008094c058  type: "IRQ stack pointer"
crash: seek error: kernel virtual address: ffff80008096e058  type: "IRQ stack pointer"
crash: seek error: kernel virtual address: ffff800080990058  type: "IRQ stack pointer"
crash: seek error: kernel virtual address: ffff8000809b2058  type: "IRQ stack pointer"
crash: seek error: kernel virtual address: ffff8000809d4058  type: "IRQ stack pointer"
crash: seek error: kernel virtual address: ffff8000809f6058  type: "IRQ stack pointer"
crash: seek error: kernel virtual address: ffff800080a18058  type: "IRQ stack pointer"
crash: seek error: kernel virtual address: ffff800080a3a058  type: "IRQ stack pointer"
crash: seek error: kernel virtual address: ffff800080a5c058  type: "IRQ stack pointer"
crash: seek error: kernel virtual address: ffff800080a7e058  type: "IRQ stack pointer"
crash: seek error: kernel virtual address: ffff800080aa0058  type: "IRQ stack pointer"
crash: seek error: kernel virtual address: ffff800080ac2058  type: "IRQ stack pointer"
crash: seek error: kernel virtual address: ffff800080ae4058  type: "IRQ stack pointer"
crash: seek error: kernel virtual address: ffff800080b06058  type: "IRQ stack pointer"
crash: seek error: kernel virtual address: ffff800080b28058  type: "IRQ stack pointer"
crash: seek error: kernel virtual address: ffff800080b4a058  type: "IRQ stack pointer"
crash: seek error: kernel virtual address: ffff800080b6c058  type: "IRQ stack pointer"
crash: seek error: kernel virtual address: ffff800080b8e058  type: "IRQ stack pointer"
crash: seek error: kernel virtual address: ffff800080bb0058  type: "IRQ stack pointer"
crash: seek error: kernel virtual address: ffff800080bd2058  type: "IRQ stack pointer"
crash: seek error: kernel virtual address: ffff800080bf4058  type: "IRQ stack pointer"
crash: seek error: kernel virtual address: ffff800080c16058  type: "IRQ stack pointer"
crash: seek error: kernel virtual address: ffff800080c38058  type: "IRQ stack pointer"
crash: seek error: kernel virtual address: ffff800080c5a058  type: "IRQ stack pointer"
crash: seek error: kernel virtual address: ffff800080c7c058  type: "IRQ stack pointer"
crash: seek error: kernel virtual address: ffff800080c9e058  type: "IRQ stack pointer"
crash: seek error: kernel virtual address: ffff800080cc0058  type: "IRQ stack pointer"
crash: seek error: kernel virtual address: ffff800080ce2058  type: "IRQ stack pointer"
crash: seek error: kernel virtual address: ffff800080d04058  type: "IRQ stack pointer"
crash: seek error: kernel virtual address: ffff800080d26058  type: "IRQ stack pointer"
crash: seek error: kernel virtual address: ffff800080d48058  type: "IRQ stack pointer"
crash: seek error: kernel virtual address: ffff800080d6a058  type: "IRQ stack pointer"
crash: seek error: kernel virtual address: ffff800080d8c058  type: "IRQ stack pointer"
crash: seek error: kernel virtual address: ffff800080dae058  type: "IRQ stack pointer"
crash: seek error: kernel virtual address: ffff800080dd0058  type: "IRQ stack pointer"
crash: seek error: kernel virtual address: ffff800080df2058  type: "IRQ stack pointer"
crash: seek error: kernel virtual address: ffff800080e14058  type: "IRQ stack pointer"
crash: seek error: kernel virtual address: ffff800080e36058  type: "IRQ stack pointer"
crash: seek error: kernel virtual address: ffff800080e58058  type: "IRQ stack pointer"
crash: seek error: kernel virtual address: ffff800080e7a058  type: "IRQ stack pointer"
crash: seek error: kernel virtual address: ffff800080e9c058  type: "IRQ stack pointer"
crash: seek error: kernel virtual address: ffff800080ebe058  type: "IRQ stack pointer"
crash: seek error: kernel virtual address: ffff800080ee0058  type: "IRQ stack pointer"
crash: seek error: kernel virtual address: ffff800080f02058  type: "IRQ stack pointer"
crash: seek error: kernel virtual address: ffff800080f24058  type: "IRQ stack pointer"
crash: seek error: kernel virtual address: ffff800080f46058  type: "IRQ stack pointer"
crash: seek error: kernel virtual address: ffff800080f68058  type: "IRQ stack pointer"
crash: seek error: kernel virtual address: ffff800080f8a058  type: "IRQ stack pointer"
crash: seek error: kernel virtual address: ffff800080fac058  type: "IRQ stack pointer"
crash: seek error: kernel virtual address: ffff800080fce058  type: "IRQ stack pointer"
crash: seek error: kernel virtual address: ffff800080ff0058  type: "IRQ stack pointer"
crash: seek error: kernel virtual address: ffff800081012058  type: "IRQ stack pointer"
crash: seek error: kernel virtual address: ffff800081034058  type: "IRQ stack pointer"
crash: seek error: kernel virtual address: ffff800081056058  type: "IRQ stack pointer"
crash: seek error: kernel virtual address: ffff800081078058  type: "IRQ stack pointer"
crash: seek error: kernel virtual address: ffff80008109a058  type: "IRQ stack pointer"
crash: seek error: kernel virtual address: ffff8000810bc058  type: "IRQ stack pointer"
crash: seek error: kernel virtual address: ffff8000810de058  type: "IRQ stack pointer"
crash: seek error: kernel virtual address: ffff800081100058  type: "IRQ stack pointer"
crash: seek error: kernel virtual address: ffff800081122058  type: "IRQ stack pointer"
crash: seek error: kernel virtual address: ffff800081144058  type: "IRQ stack pointer"
crash: seek error: kernel virtual address: ffff800081166058  type: "IRQ stack pointer"
crash: seek error: kernel virtual address: ffff800081188058  type: "IRQ stack pointer"
crash: seek error: kernel virtual address: ffff8000811aa058  type: "IRQ stack pointer"
crash: seek error: kernel virtual address: ffff8000811cc058  type: "IRQ stack pointer"
crash: seek error: kernel virtual address: ffff8000811ee058  type: "IRQ stack pointer"
crash: seek error: kernel virtual address: ffff800081210058  type: "IRQ stack pointer"
crash: seek error: kernel virtual address: ffff800081232058  type: "IRQ stack pointer"
crash: seek error: kernel virtual address: ffff800081254058  type: "IRQ stack pointer"
crash: seek error: kernel virtual address: ffff800081276058  type: "IRQ stack pointer"
crash: seek error: kernel virtual address: ffff800081298058  type: "IRQ stack pointer"
crash: seek error: kernel virtual address: ffff8000812ba058  type: "IRQ stack pointer"
crash: seek error: kernel virtual address: ffff8000812dc058  type: "IRQ stack pointer"
crash: seek error: kernel virtual address: ffff8000812fe058  type: "IRQ stack pointer"
crash: seek error: kernel virtual address: ffff800081320058  type: "IRQ stack pointer"
crash: seek error: kernel virtual address: ffff800081342058  type: "IRQ stack pointer"
crash: seek error: kernel virtual address: ffff800081364058  type: "IRQ stack pointer"
crash: seek error: kernel virtual address: ffff800081386058  type: "IRQ stack pointer"
crash: seek error: kernel virtual address: ffff8000813a8058  type: "IRQ stack pointer"
crash: seek error: kernel virtual address: ffff8000813ca058  type: "IRQ stack pointer"
crash: seek error: kernel virtual address: ffff8000813ec058  type: "IRQ stack pointer"
crash: seek error: kernel virtual address: ffff80008140e058  type: "IRQ stack pointer"
crash: seek error: kernel virtual address: ffff800081430058  type: "IRQ stack pointer"
crash: seek error: kernel virtual address: ffff800081452058  type: "IRQ stack pointer"
crash: seek error: kernel virtual address: ffff800081474058  type: "IRQ stack pointer"
crash: seek error: kernel virtual address: ffff800081496058  type: "IRQ stack pointer"
crash: seek error: kernel virtual address: ffff8000814b8058  type: "IRQ stack pointer"
crash: seek error: kernel virtual address: ffff8000814da058  type: "IRQ stack pointer"
crash: seek error: kernel virtual address: ffff8000814fc058  type: "IRQ stack pointer"
crash: seek error: kernel virtual address: ffff80008151e058  type: "IRQ stack pointer"
crash: seek error: kernel virtual address: ffff800081540058  type: "IRQ stack pointer"
crash: seek error: kernel virtual address: ffff800081562058  type: "IRQ stack pointer"
crash: seek error: kernel virtual address: ffff800081584058  type: "IRQ stack pointer"
crash: seek error: kernel virtual address: ffff8000815a6058  type: "IRQ stack pointer"
crash: seek error: kernel virtual address: ffff8000815c8058  type: "IRQ stack pointer"
crash: seek error: kernel virtual address: ffff8000815ea058  type: "IRQ stack pointer"
crash: seek error: kernel virtual address: ffff80008160c058  type: "IRQ stack pointer"
crash: seek error: kernel virtual address: ffff80008162e058  type: "IRQ stack pointer"
crash: seek error: kernel virtual address: ffff800081650058  type: "IRQ stack pointer"
crash: seek error: kernel virtual address: ffff800081672058  type: "IRQ stack pointer"
crash: seek error: kernel virtual address: ffff800081694058  type: "IRQ stack pointer"
crash: seek error: kernel virtual address: ffff8000816b6058  type: "IRQ stack pointer"
crash: seek error: kernel virtual address: ffff8000816d8058  type: "IRQ stack pointer"
crash: seek error: kernel virtual address: ffff8000816fa058  type: "IRQ stack pointer"
crash: seek error: kernel virtual address: ffff80008171c058  type: "IRQ stack pointer"
crash: seek error: kernel virtual address: ffff80008173e058  type: "IRQ stack pointer"
crash: seek error: kernel virtual address: ffff800081760058  type: "IRQ stack pointer"
crash: seek error: kernel virtual address: ffff800081782058  type: "IRQ stack pointer"
crash: seek error: kernel virtual address: ffff8000817a4058  type: "IRQ stack pointer"
crash: seek error: kernel virtual address: ffff8000817c6058  type: "IRQ stack pointer"
crash: seek error: kernel virtual address: ffff8000817e8058  type: "IRQ stack pointer"
crash: seek error: kernel virtual address: ffff80008180a058  type: "IRQ stack pointer"
crash: seek error: kernel virtual address: ffff80008182c058  type: "IRQ stack pointer"
crash: seek error: kernel virtual address: ffff80008184e058  type: "IRQ stack pointer"
crash: seek error: kernel virtual address: ffff800081870058  type: "IRQ stack pointer"
crash: seek error: kernel virtual address: ffff800081892058  type: "IRQ stack pointer"
crash: seek error: kernel virtual address: ffff8000818b4058  type: "IRQ stack pointer"
crash: seek error: kernel virtual address: ffff8000818d6058  type: "IRQ stack pointer"
crash: seek error: kernel virtual address: ffff8000818f8058  type: "IRQ stack pointer"
crash: seek error: kernel virtual address: ffff80008191a058  type: "IRQ stack pointer"
crash: seek error: kernel virtual address: ffff80008193c058  type: "IRQ stack pointer"
crash: seek error: kernel virtual address: ffff80008195e058  type: "IRQ stack pointer"
crash: seek error: kernel virtual address: ffff800080001600  type: "SDEI stack pointer"
crash: seek error: kernel virtual address: ffff800080023600  type: "SDEI stack pointer"
crash: seek error: kernel virtual address: ffff800080045600  type: "SDEI stack pointer"
crash: seek error: kernel virtual address: ffff800080067600  type: "SDEI stack pointer"
crash: seek error: kernel virtual address: ffff800080089600  type: "SDEI stack pointer"
crash: seek error: kernel virtual address: ffff8000800ab600  type: "SDEI stack pointer"
crash: seek error: kernel virtual address: ffff8000800cd600  type: "SDEI stack pointer"
crash: seek error: kernel virtual address: ffff8000800ef600  type: "SDEI stack pointer"
crash: seek error: kernel virtual address: ffff800080111600  type: "SDEI stack pointer"
crash: seek error: kernel virtual address: ffff800080133600  type: "SDEI stack pointer"
crash: seek error: kernel virtual address: ffff800080155600  type: "SDEI stack pointer"
crash: seek error: kernel virtual address: ffff800080177600  type: "SDEI stack pointer"
crash: seek error: kernel virtual address: ffff800080199600  type: "SDEI stack pointer"
crash: seek error: kernel virtual address: ffff8000801bb600  type: "SDEI stack pointer"
crash: seek error: kernel virtual address: ffff8000801dd600  type: "SDEI stack pointer"
crash: seek error: kernel virtual address: ffff8000801ff600  type: "SDEI stack pointer"
crash: seek error: kernel virtual address: ffff800080221600  type: "SDEI stack pointer"
crash: seek error: kernel virtual address: ffff800080243600  type: "SDEI stack pointer"
crash: seek error: kernel virtual address: ffff800080265600  type: "SDEI stack pointer"
crash: seek error: kernel virtual address: ffff800080287600  type: "SDEI stack pointer"
crash: seek error: kernel virtual address: ffff8000802a9600  type: "SDEI stack pointer"
crash: seek error: kernel virtual address: ffff8000802cb600  type: "SDEI stack pointer"
crash: seek error: kernel virtual address: ffff8000802ed600  type: "SDEI stack pointer"
crash: seek error: kernel virtual address: ffff80008030f600  type: "SDEI stack pointer"
crash: seek error: kernel virtual address: ffff800080331600  type: "SDEI stack pointer"
crash: seek error: kernel virtual address: ffff800080353600  type: "SDEI stack pointer"
crash: seek error: kernel virtual address: ffff800080375600  type: "SDEI stack pointer"
crash: seek error: kernel virtual address: ffff800080397600  type: "SDEI stack pointer"
crash: seek error: kernel virtual address: ffff8000803b9600  type: "SDEI stack pointer"
crash: seek error: kernel virtual address: ffff8000803db600  type: "SDEI stack pointer"
crash: seek error: kernel virtual address: ffff8000803fd600  type: "SDEI stack pointer"
crash: seek error: kernel virtual address: ffff80008041f600  type: "SDEI stack pointer"
crash: seek error: kernel virtual address: ffff800080441600  type: "SDEI stack pointer"
crash: seek error: kernel virtual address: ffff800080463600  type: "SDEI stack pointer"
crash: seek error: kernel virtual address: ffff800080485600  type: "SDEI stack pointer"
crash: seek error: kernel virtual address: ffff8000804a7600  type: "SDEI stack pointer"
crash: seek error: kernel virtual address: ffff8000804c9600  type: "SDEI stack pointer"
crash: seek error: kernel virtual address: ffff8000804eb600  type: "SDEI stack pointer"
crash: seek error: kernel virtual address: ffff80008050d600  type: "SDEI stack pointer"
crash: seek error: kernel virtual address: ffff80008052f600  type: "SDEI stack pointer"
crash: seek error: kernel virtual address: ffff800080551600  type: "SDEI stack pointer"
crash: seek error: kernel virtual address: ffff800080573600  type: "SDEI stack pointer"
crash: seek error: kernel virtual address: ffff800080595600  type: "SDEI stack pointer"
crash: seek error: kernel virtual address: ffff8000805b7600  type: "SDEI stack pointer"
crash: seek error: kernel virtual address: ffff8000805d9600  type: "SDEI stack pointer"
crash: seek error: kernel virtual address: ffff8000805fb600  type: "SDEI stack pointer"
crash: seek error: kernel virtual address: ffff80008061d600  type: "SDEI stack pointer"
crash: seek error: kernel virtual address: ffff80008063f600  type: "SDEI stack pointer"
crash: seek error: kernel virtual address: ffff800080661600  type: "SDEI stack pointer"
crash: seek error: kernel virtual address: ffff800080683600  type: "SDEI stack pointer"
crash: seek error: kernel virtual address: ffff8000806a5600  type: "SDEI stack pointer"
crash: seek error: kernel virtual address: ffff8000806c7600  type: "SDEI stack pointer"
crash: seek error: kernel virtual address: ffff8000806e9600  type: "SDEI stack pointer"
crash: seek error: kernel virtual address: ffff80008070b600  type: "SDEI stack pointer"
crash: seek error: kernel virtual address: ffff80008072d600  type: "SDEI stack pointer"
crash: seek error: kernel virtual address: ffff80008074f600  type: "SDEI stack pointer"
crash: seek error: kernel virtual address: ffff800080771600  type: "SDEI stack pointer"
crash: seek error: kernel virtual address: ffff800080793600  type: "SDEI stack pointer"
crash: seek error: kernel virtual address: ffff8000807b5600  type: "SDEI stack pointer"
crash: seek error: kernel virtual address: ffff8000807d7600  type: "SDEI stack pointer"
crash: seek error: kernel virtual address: ffff8000807f9600  type: "SDEI stack pointer"
crash: seek error: kernel virtual address: ffff80008081b600  type: "SDEI stack pointer"
crash: seek error: kernel virtual address: ffff80008083d600  type: "SDEI stack pointer"
crash: seek error: kernel virtual address: ffff80008085f600  type: "SDEI stack pointer"
crash: seek error: kernel virtual address: ffff800080881600  type: "SDEI stack pointer"
crash: seek error: kernel virtual address: ffff8000808a3600  type: "SDEI stack pointer"
crash: seek error: kernel virtual address: ffff8000808c5600  type: "SDEI stack pointer"
crash: seek error: kernel virtual address: ffff8000808e7600  type: "SDEI stack pointer"
crash: seek error: kernel virtual address: ffff800080909600  type: "SDEI stack pointer"
crash: seek error: kernel virtual address: ffff80008092b600  type: "SDEI stack pointer"
crash: seek error: kernel virtual address: ffff80008094d600  type: "SDEI stack pointer"
crash: seek error: kernel virtual address: ffff80008096f600  type: "SDEI stack pointer"
crash: seek error: kernel virtual address: ffff800080991600  type: "SDEI stack pointer"
crash: seek error: kernel virtual address: ffff8000809b3600  type: "SDEI stack pointer"
crash: seek error: kernel virtual address: ffff8000809d5600  type: "SDEI stack pointer"
crash: seek error: kernel virtual address: ffff8000809f7600  type: "SDEI stack pointer"
crash: seek error: kernel virtual address: ffff800080a19600  type: "SDEI stack pointer"
crash: seek error: kernel virtual address: ffff800080a3b600  type: "SDEI stack pointer"
crash: seek error: kernel virtual address: ffff800080a5d600  type: "SDEI stack pointer"
crash: seek error: kernel virtual address: ffff800080a7f600  type: "SDEI stack pointer"
crash: seek error: kernel virtual address: ffff800080aa1600  type: "SDEI stack pointer"
crash: seek error: kernel virtual address: ffff800080ac3600  type: "SDEI stack pointer"
crash: seek error: kernel virtual address: ffff800080ae5600  type: "SDEI stack pointer"
crash: seek error: kernel virtual address: ffff800080b07600  type: "SDEI stack pointer"
crash: seek error: kernel virtual address: ffff800080b29600  type: "SDEI stack pointer"
crash: seek error: kernel virtual address: ffff800080b4b600  type: "SDEI stack pointer"
crash: seek error: kernel virtual address: ffff800080b6d600  type: "SDEI stack pointer"
crash: seek error: kernel virtual address: ffff800080b8f600  type: "SDEI stack pointer"
crash: seek error: kernel virtual address: ffff800080bb1600  type: "SDEI stack pointer"
crash: seek error: kernel virtual address: ffff800080bd3600  type: "SDEI stack pointer"
crash: seek error: kernel virtual address: ffff800080bf5600  type: "SDEI stack pointer"
crash: seek error: kernel virtual address: ffff800080c17600  type: "SDEI stack pointer"
crash: seek error: kernel virtual address: ffff800080c39600  type: "SDEI stack pointer"
crash: seek error: kernel virtual address: ffff800080c5b600  type: "SDEI stack pointer"
crash: seek error: kernel virtual address: ffff800080c7d600  type: "SDEI stack pointer"
crash: seek error: kernel virtual address: ffff800080c9f600  type: "SDEI stack pointer"
crash: seek error: kernel virtual address: ffff800080cc1600  type: "SDEI stack pointer"
crash: seek error: kernel virtual address: ffff800080ce3600  type: "SDEI stack pointer"
crash: seek error: kernel virtual address: ffff800080d05600  type: "SDEI stack pointer"
crash: seek error: kernel virtual address: ffff800080d27600  type: "SDEI stack pointer"
crash: seek error: kernel virtual address: ffff800080d49600  type: "SDEI stack pointer"
crash: seek error: kernel virtual address: ffff800080d6b600  type: "SDEI stack pointer"
crash: seek error: kernel virtual address: ffff800080d8d600  type: "SDEI stack pointer"
crash: seek error: kernel virtual address: ffff800080daf600  type: "SDEI stack pointer"
crash: seek error: kernel virtual address: ffff800080dd1600  type: "SDEI stack pointer"
crash: seek error: kernel virtual address: ffff800080df3600  type: "SDEI stack pointer"
crash: seek error: kernel virtual address: ffff800080e15600  type: "SDEI stack pointer"
crash: seek error: kernel virtual address: ffff800080e37600  type: "SDEI stack pointer"
crash: seek error: kernel virtual address: ffff800080e59600  type: "SDEI stack pointer"
crash: seek error: kernel virtual address: ffff800080e7b600  type: "SDEI stack pointer"
crash: seek error: kernel virtual address: ffff800080e9d600  type: "SDEI stack pointer"
crash: seek error: kernel virtual address: ffff800080ebf600  type: "SDEI stack pointer"
crash: seek error: kernel virtual address: ffff800080ee1600  type: "SDEI stack pointer"
crash: seek error: kernel virtual address: ffff800080f03600  type: "SDEI stack pointer"
crash: seek error: kernel virtual address: ffff800080f25600  type: "SDEI stack pointer"
crash: seek error: kernel virtual address: ffff800080f47600  type: "SDEI stack pointer"
crash: seek error: kernel virtual address: ffff800080f69600  type: "SDEI stack pointer"
crash: seek error: kernel virtual address: ffff800080f8b600  type: "SDEI stack pointer"
crash: seek error: kernel virtual address: ffff800080fad600  type: "SDEI stack pointer"
crash: seek error: kernel virtual address: ffff800080fcf600  type: "SDEI stack pointer"
crash: seek error: kernel virtual address: ffff800080ff1600  type: "SDEI stack pointer"
crash: seek error: kernel virtual address: ffff800081013600  type: "SDEI stack pointer"
crash: seek error: kernel virtual address: ffff800081035600  type: "SDEI stack pointer"
crash: seek error: kernel virtual address: ffff800081057600  type: "SDEI stack pointer"
crash: seek error: kernel virtual address: ffff800081079600  type: "SDEI stack pointer"
crash: seek error: kernel virtual address: ffff80008109b600  type: "SDEI stack pointer"
crash: seek error: kernel virtual address: ffff8000810bd600  type: "SDEI stack pointer"
crash: seek error: kernel virtual address: ffff8000810df600  type: "SDEI stack pointer"
crash: seek error: kernel virtual address: ffff800081101600  type: "SDEI stack pointer"
crash: seek error: kernel virtual address: ffff800081123600  type: "SDEI stack pointer"
crash: seek error: kernel virtual address: ffff800081145600  type: "SDEI stack pointer"
crash: seek error: kernel virtual address: ffff800081167600  type: "SDEI stack pointer"
crash: seek error: kernel virtual address: ffff800081189600  type: "SDEI stack pointer"
crash: seek error: kernel virtual address: ffff8000811ab600  type: "SDEI stack pointer"
crash: seek error: kernel virtual address: ffff8000811cd600  type: "SDEI stack pointer"
crash: seek error: kernel virtual address: ffff8000811ef600  type: "SDEI stack pointer"
crash: seek error: kernel virtual address: ffff800081211600  type: "SDEI stack pointer"
crash: seek error: kernel virtual address: ffff800081233600  type: "SDEI stack pointer"
crash: seek error: kernel virtual address: ffff800081255600  type: "SDEI stack pointer"
crash: seek error: kernel virtual address: ffff800081277600  type: "SDEI stack pointer"
crash: seek error: kernel virtual address: ffff800081299600  type: "SDEI stack pointer"
crash: seek error: kernel virtual address: ffff8000812bb600  type: "SDEI stack pointer"
crash: seek error: kernel virtual address: ffff8000812dd600  type: "SDEI stack pointer"
crash: seek error: kernel virtual address: ffff8000812ff600  type: "SDEI stack pointer"
crash: seek error: kernel virtual address: ffff800081321600  type: "SDEI stack pointer"
crash: seek error: kernel virtual address: ffff800081343600  type: "SDEI stack pointer"
crash: seek error: kernel virtual address: ffff800081365600  type: "SDEI stack pointer"
crash: seek error: kernel virtual address: ffff800081387600  type: "SDEI stack pointer"
crash: seek error: kernel virtual address: ffff8000813a9600  type: "SDEI stack pointer"
crash: seek error: kernel virtual address: ffff8000813cb600  type: "SDEI stack pointer"
crash: seek error: kernel virtual address: ffff8000813ed600  type: "SDEI stack pointer"
crash: seek error: kernel virtual address: ffff80008140f600  type: "SDEI stack pointer"
crash: seek error: kernel virtual address: ffff800081431600  type: "SDEI stack pointer"
crash: seek error: kernel virtual address: ffff800081453600  type: "SDEI stack pointer"
crash: seek error: kernel virtual address: ffff800081475600  type: "SDEI stack pointer"
crash: seek error: kernel virtual address: ffff800081497600  type: "SDEI stack pointer"
crash: seek error: kernel virtual address: ffff8000814b9600  type: "SDEI stack pointer"
crash: seek error: kernel virtual address: ffff8000814db600  type: "SDEI stack pointer"
crash: seek error: kernel virtual address: ffff8000814fd600  type: "SDEI stack pointer"
crash: seek error: kernel virtual address: ffff80008151f600  type: "SDEI stack pointer"
crash: seek error: kernel virtual address: ffff800081541600  type: "SDEI stack pointer"
crash: seek error: kernel virtual address: ffff800081563600  type: "SDEI stack pointer"
crash: seek error: kernel virtual address: ffff800081585600  type: "SDEI stack pointer"
crash: seek error: kernel virtual address: ffff8000815a7600  type: "SDEI stack pointer"
crash: seek error: kernel virtual address: ffff8000815c9600  type: "SDEI stack pointer"
crash: seek error: kernel virtual address: ffff8000815eb600  type: "SDEI stack pointer"
crash: seek error: kernel virtual address: ffff80008160d600  type: "SDEI stack pointer"
crash: seek error: kernel virtual address: ffff80008162f600  type: "SDEI stack pointer"
crash: seek error: kernel virtual address: ffff800081651600  type: "SDEI stack pointer"
crash: seek error: kernel virtual address: ffff800081673600  type: "SDEI stack pointer"
crash: seek error: kernel virtual address: ffff800081695600  type: "SDEI stack pointer"
crash: seek error: kernel virtual address: ffff8000816b7600  type: "SDEI stack pointer"
crash: seek error: kernel virtual address: ffff8000816d9600  type: "SDEI stack pointer"
crash: seek error: kernel virtual address: ffff8000816fb600  type: "SDEI stack pointer"
crash: seek error: kernel virtual address: ffff80008171d600  type: "SDEI stack pointer"
crash: seek error: kernel virtual address: ffff80008173f600  type: "SDEI stack pointer"
crash: seek error: kernel virtual address: ffff800081761600  type: "SDEI stack pointer"
crash: seek error: kernel virtual address: ffff800081783600  type: "SDEI stack pointer"
crash: seek error: kernel virtual address: ffff8000817a5600  type: "SDEI stack pointer"
crash: seek error: kernel virtual address: ffff8000817c7600  type: "SDEI stack pointer"
crash: seek error: kernel virtual address: ffff8000817e9600  type: "SDEI stack pointer"
crash: seek error: kernel virtual address: ffff80008180b600  type: "SDEI stack pointer"
crash: seek error: kernel virtual address: ffff80008182d600  type: "SDEI stack pointer"
crash: seek error: kernel virtual address: ffff80008184f600  type: "SDEI stack pointer"
crash: seek error: kernel virtual address: ffff800081871600  type: "SDEI stack pointer"
crash: seek error: kernel virtual address: ffff800081893600  type: "SDEI stack pointer"
crash: seek error: kernel virtual address: ffff8000818b5600  type: "SDEI stack pointer"
crash: seek error: kernel virtual address: ffff8000818d7600  type: "SDEI stack pointer"
crash: seek error: kernel virtual address: ffff8000818f9600  type: "SDEI stack pointer"
crash: seek error: kernel virtual address: ffff80008191b600  type: "SDEI stack pointer"
crash: seek error: kernel virtual address: ffff80008193d600  type: "SDEI stack pointer"
crash: seek error: kernel virtual address: ffff80008195f600  type: "SDEI stack pointer"
please wait... (gathering kmem slab cache data)                                                please wait... (gathering module symbol data)                                              please wait... (gathering task table data)                                           please wait... (determining panic task)                                              KERNEL: /tmp/vmlinux-0102  [TAINTED]
    DUMPFILE: /home/sdc/wangxu/vmcore0102/127.0.0.1-2026-09-04-22:39:38/vmcore  [PARTIAL DUMP]
        CPUS: 192
        DATE: Fri Sep  4 22:38:54 CST 2026
      UPTIME: 00:05:47
LOAD AVERAGE: 146.92, 64.02, 24.63
       TASKS: 2177
    NODENAME: localhost0102
     RELEASE: 6.6.0-145.3.23.154.oe2403sp3.aarch64
     VERSION: #1 SMP Mon Jul 27 19:00:34 CST 2026
     MACHINE: aarch64  (unknown Mhz)
      MEMORY: 767.8 GB
       PANIC: "Unable to handle kernel paging request at virtual address ffffbda5543597e0"
         PID: 9703
     COMMAND: "NetworkManager"
        TASK: ffff40400bcbd400  [THREAD_INFO: ffff40400bcbd400]
         CPU: 179
       STATE: TASK_WAKING (PANIC)

crash> set scroll off
scroll: on (none)
crash> dis find_busiest_group
0xffffbda55292ad08 <find_busiest_group>:	mov	x9, x30
0xffffbda55292ad0c <find_busiest_group+4>:	nop
0xffffbda55292ad10 <find_busiest_group+8>:	paciasp
0xffffbda55292ad14 <find_busiest_group+12>:	sub	sp, sp, #0x1e0
0xffffbda55292ad18 <find_busiest_group+16>:	mrs	x1, sp_el0
0xffffbda55292ad1c <find_busiest_group+20>:	mov	x2, #0xf0                  	// #240
0xffffbda55292ad20 <find_busiest_group+24>:	stp	x29, x30, [sp, #384]
0xffffbda55292ad24 <find_busiest_group+28>:	add	x29, sp, #0x180
0xffffbda55292ad28 <find_busiest_group+32>:	stp	x19, x20, [sp, #400]
0xffffbda55292ad2c <find_busiest_group+36>:	mov	x19, x0
0xffffbda55292ad30 <find_busiest_group+40>:	add	x0, x1, #0x828
0xffffbda55292ad34 <find_busiest_group+44>:	stp	x21, x22, [sp, #416]
0xffffbda55292ad38 <find_busiest_group+48>:	adrp	x21, 0xffffbda55474f000 <__cpu_online_mask+360>
0xffffbda55292ad3c <find_busiest_group+52>:	add	x21, x21, #0xcb0
0xffffbda55292ad40 <find_busiest_group+56>:	stp	x23, x24, [sp, #432]
0xffffbda55292ad44 <find_busiest_group+60>:	stp	x25, x26, [sp, #448]
0xffffbda55292ad48 <find_busiest_group+64>:	stp	x27, x28, [sp, #464]
0xffffbda55292ad4c <find_busiest_group+68>:	ldr	x1, [x0]
0xffffbda55292ad50 <find_busiest_group+72>:	str	x1, [sp, #376]
0xffffbda55292ad54 <find_busiest_group+76>:	mov	x1, #0x0                   	// #0
0xffffbda55292ad58 <find_busiest_group+80>:	add	x0, sp, #0x88
0xffffbda55292ad5c <find_busiest_group+84>:	bl	0xffffbda55368de80 <__memset>
0xffffbda55292ad60 <find_busiest_group+88>:	str	xzr, [sp, #24]
0xffffbda55292ad64 <find_busiest_group+92>:	ldr	x0, [x19]
0xffffbda55292ad68 <find_busiest_group+96>:	mov	w1, #0xffffffff            	// #-1
0xffffbda55292ad6c <find_busiest_group+100>:	str	w1, [sp, #232]
0xffffbda55292ad70 <find_busiest_group+104>:	adrp	x1, 0xffffbda554359000 <cpu_worker_pools>
0xffffbda55292ad74 <find_busiest_group+108>:	add	x1, x1, #0x6c0
0xffffbda55292ad78 <find_busiest_group+112>:	str	wzr, [sp, #32]
0xffffbda55292ad7c <find_busiest_group+116>:	ldr	x22, [x0, #16]
0xffffbda55292ad80 <find_busiest_group+120>:	str	x1, [sp, #40]
0xffffbda55292ad84 <find_busiest_group+124>:	str	x1, [sp, #16]
0xffffbda55292ad88 <find_busiest_group+128>:	ldr	w1, [x19, #20]
0xffffbda55292ad8c <find_busiest_group+132>:	add	x2, x22, #0x38
0xffffbda55292ad90 <find_busiest_group+136>:	mov	x3, x2
0xffffbda55292ad94 <find_busiest_group+140>:	str	x3, [sp]
0xffffbda55292ad98 <find_busiest_group+144>:	add	x28, sp, #0x30
0xffffbda55292ad9c <find_busiest_group+148>:	lsr	w2, w1, #6
0xffffbda55292ada0 <find_busiest_group+152>:	ldr	x2, [x3, x2, lsl #3]
0xffffbda55292ada4 <find_busiest_group+156>:	lsr	x2, x2, x1
0xffffbda55292ada8 <find_busiest_group+160>:	and	w3, w2, #0x1
0xffffbda55292adac <find_busiest_group+164>:	str	w3, [sp, #36]
0xffffbda55292adb0 <find_busiest_group+168>:	tbz	w2, #0, 0xffffbda55292ade8 <find_busiest_group+224>
0xffffbda55292adb4 <find_busiest_group+172>:	ldr	w2, [x19, #44]
0xffffbda55292adb8 <find_busiest_group+176>:	str	x22, [sp, #144]
0xffffbda55292adbc <find_busiest_group+180>:	cmp	w2, #0x2
0xffffbda55292adc0 <find_busiest_group+184>:	b.ne	0xffffbda55292addc <find_busiest_group+212>  // b.any
0xffffbda55292adc4 <find_busiest_group+188>:	ldr	x2, [x22, #24]
0xffffbda55292adc8 <find_busiest_group+192>:	adrp	x3, 0xffffbda554747000 <bit_wait_table+2688>
0xffffbda55292adcc <find_busiest_group+196>:	ldr	x3, [x3, #3520]
0xffffbda55292add0 <find_busiest_group+200>:	ldr	x2, [x2, #32]
0xffffbda55292add4 <find_busiest_group+204>:	cmp	x3, x2
0xffffbda55292add8 <find_busiest_group+208>:	b.mi	0xffffbda55292ade0 <find_busiest_group+216>  // b.first
0xffffbda55292addc <find_busiest_group+212>:	bl	0xffffbda55292aaf8 <update_group_capacity>
0xffffbda55292ade0 <find_busiest_group+216>:	add	x28, sp, #0x110
0xffffbda55292ade4 <find_busiest_group+220>:	nop
0xffffbda55292ade8 <find_busiest_group+224>:	mov	x0, x28
0xffffbda55292adec <find_busiest_group+228>:	mov	x2, #0x58                  	// #88
0xffffbda55292adf0 <find_busiest_group+232>:	mov	w1, #0x0                   	// #0
0xffffbda55292adf4 <find_busiest_group+236>:	bl	0xffffbda55368de80 <__memset>
0xffffbda55292adf8 <find_busiest_group+240>:	ldr	x26, [sp, #144]
0xffffbda55292adfc <find_busiest_group+244>:	adrp	x24, 0xffffbda554755000 <node_data+560>
0xffffbda55292ae00 <find_busiest_group+248>:	mov	w3, #0x0                   	// #0
0xffffbda55292ae04 <find_busiest_group+252>:	add	x0, x24, #0x5d0
0xffffbda55292ae08 <find_busiest_group+256>:	str	x0, [sp, #8]
0xffffbda55292ae0c <find_busiest_group+260>:	nop
0xffffbda55292ae10 <find_busiest_group+264>:	ldr	x0, [sp]
0xffffbda55292ae14 <find_busiest_group+268>:	sxtw	x3, w3
0xffffbda55292ae18 <find_busiest_group+272>:	ldr	x1, [x19, #56]
0xffffbda55292ae1c <find_busiest_group+276>:	ldr	w2, [x21]
0xffffbda55292ae20 <find_busiest_group+280>:	bl	0xffffbda552f359d0 <_find_next_and_bit>
0xffffbda55292ae24 <find_busiest_group+284>:	mov	x25, x0
0xffffbda55292ae28 <find_busiest_group+288>:	ldr	w1, [x21]
0xffffbda55292ae2c <find_busiest_group+292>:	cmp	w1, w0
0xffffbda55292ae30 <find_busiest_group+296>:	b.ls	0xffffbda55292afe8 <find_busiest_group+736>  // b.plast
0xffffbda55292ae34 <find_busiest_group+300>:	ldp	x0, x1, [sp, #8]
0xffffbda55292ae38 <find_busiest_group+304>:	ldr	x2, [x28, #8]
0xffffbda55292ae3c <find_busiest_group+308>:	ldr	x20, [x0, w25, sxtw #3]
0xffffbda55292ae40 <find_busiest_group+312>:	mov	w0, w25
0xffffbda55292ae44 <find_busiest_group+316>:	add	x27, x1, x20
0xffffbda55292ae48 <find_busiest_group+320>:	ldr	x23, [x27, #288]
0xffffbda55292ae4c <find_busiest_group+324>:	add	x2, x2, x23
0xffffbda55292ae50 <find_busiest_group+328>:	str	x2, [x28, #8]
0xffffbda55292ae54 <find_busiest_group+332>:	bl	0xffffbda552927ef0 <cpu_util_cfs>
0xffffbda55292ae58 <find_busiest_group+336>:	ldp	x5, x2, [x28, #24]
0xffffbda55292ae5c <find_busiest_group+340>:	add	x5, x5, x0
0xffffbda55292ae60 <find_busiest_group+344>:	str	x5, [x28, #24]
0xffffbda55292ae64 <find_busiest_group+348>:	ldr	w0, [x28, #44]
0xffffbda55292ae68 <find_busiest_group+352>:	ldr	x5, [x27, #296]
0xffffbda55292ae6c <find_busiest_group+356>:	add	x2, x2, x5
0xffffbda55292ae70 <find_busiest_group+360>:	str	x2, [x28, #32]
0xffffbda55292ae74 <find_busiest_group+364>:	ldr	w2, [x27, #148]
0xffffbda55292ae78 <find_busiest_group+368>:	add	w0, w0, w2
0xffffbda55292ae7c <find_busiest_group+372>:	str	w0, [x28, #44]
0xffffbda55292ae80 <find_busiest_group+376>:	b	0xffffbda55292ae88 <find_busiest_group+384>
0xffffbda55292ae84 <find_busiest_group+380>:	nop
0xffffbda55292ae88 <find_busiest_group+384>:	ldr	w2, [x27, #4]
0xffffbda55292ae8c <find_busiest_group+388>:	ldr	w0, [x28, #40]
0xffffbda55292ae90 <find_busiest_group+392>:	add	w0, w0, w2
0xffffbda55292ae94 <find_busiest_group+396>:	str	w0, [x28, #40]
0xffffbda55292ae98 <find_busiest_group+400>:	cmp	w2, #0x1
0xffffbda55292ae9c <find_busiest_group+404>:	b.le	0xffffbda55292af58 <find_busiest_group+592>
0xffffbda55292aea0 <find_busiest_group+408>:	ldr	w5, [x27, #8]
0xffffbda55292aea4 <find_busiest_group+412>:	mov	w0, #0x1                   	// #1
0xffffbda55292aea8 <find_busiest_group+416>:	ldr	w2, [x28, #80]
0xffffbda55292aeac <find_busiest_group+420>:	str	w0, [sp, #32]
0xffffbda55292aeb0 <find_busiest_group+424>:	add	w2, w2, w5
0xffffbda55292aeb4 <find_busiest_group+428>:	str	w2, [x28, #80]
0xffffbda55292aeb8 <find_busiest_group+432>:	ldr	w0, [x28, #84]
0xffffbda55292aebc <find_busiest_group+436>:	ldr	w2, [x27, #12]
0xffffbda55292aec0 <find_busiest_group+440>:	add	w0, w0, w2
0xffffbda55292aec4 <find_busiest_group+444>:	str	w0, [x28, #84]
0xffffbda55292aec8 <find_busiest_group+448>:	cmp	x22, x26
0xffffbda55292aecc <find_busiest_group+452>:	b.eq	0xffffbda55292aef8 <find_busiest_group+496>  // b.none
0xffffbda55292aed0 <find_busiest_group+456>:	ldr	x0, [x19]
0xffffbda55292aed4 <find_busiest_group+460>:	ldr	w2, [x0, #60]
0xffffbda55292aed8 <find_busiest_group+464>:	tbz	w2, #5, 0xffffbda55292af98 <find_busiest_group+656>
0xffffbda55292aedc <find_busiest_group+468>:	ldr	x2, [x28, #72]
0xffffbda55292aee0 <find_busiest_group+472>:	ldr	x0, [x27, #2800]
0xffffbda55292aee4 <find_busiest_group+476>:	cmp	x2, x0
0xffffbda55292aee8 <find_busiest_group+480>:	b.cs	0xffffbda55292aef8 <find_busiest_group+496>  // b.hs, b.nlast
0xffffbda55292aeec <find_busiest_group+484>:	mov	w1, #0x1                   	// #1
0xffffbda55292aef0 <find_busiest_group+488>:	str	w1, [sp, #32]
0xffffbda55292aef4 <find_busiest_group+492>:	str	x0, [x28, #72]
0xffffbda55292aef8 <find_busiest_group+496>:	add	w3, w25, #0x1
0xffffbda55292aefc <find_busiest_group+500>:	b	0xffffbda55292ae10 <find_busiest_group+264>
0xffffbda55292af00 <find_busiest_group+504>:	lsr	w2, w25, #6
0xffffbda55292af04 <find_busiest_group+508>:	adrp	x0, 0xffffbda554d12000 <ucounts_lock>
0xffffbda55292af08 <find_busiest_group+512>:	add	x0, x0, #0x9e8
0xffffbda55292af0c <find_busiest_group+516>:	ldr	x0, [x0, x2, lsl #3]
0xffffbda55292af10 <find_busiest_group+520>:	lsr	x0, x0, x25
0xffffbda55292af14 <find_busiest_group+524>:	tbnz	w0, #0, 0xffffbda55292ae88 <find_busiest_group+384>
0xffffbda55292af18 <find_busiest_group+528>:	mov	w0, w25
0xffffbda55292af1c <find_busiest_group+532>:	bl	0xffffbda552927ef0 <cpu_util_cfs>
0xffffbda55292af20 <find_busiest_group+536>:	ldr	x2, [sp, #40]
0xffffbda55292af24 <find_busiest_group+540>:	ldr	x5, [sp, #360]
0xffffbda55292af28 <find_busiest_group+544>:	add	x20, x20, x2
0xffffbda55292af2c <find_busiest_group+548>:	ldr	x2, [sp, #368]
0xffffbda55292af30 <find_busiest_group+552>:	add	x5, x5, x0
0xffffbda55292af34 <find_busiest_group+556>:	ldr	x0, [x20, #2776]
0xffffbda55292af38 <find_busiest_group+560>:	add	x2, x2, x0
0xffffbda55292af3c <find_busiest_group+564>:	stp	x5, x2, [sp, #360]
0xffffbda55292af40 <find_busiest_group+568>:	ldr	w2, [x27, #4]
0xffffbda55292af44 <find_busiest_group+572>:	ldr	w0, [x28, #40]
0xffffbda55292af48 <find_busiest_group+576>:	add	w0, w0, w2
0xffffbda55292af4c <find_busiest_group+580>:	str	w0, [x28, #40]
0xffffbda55292af50 <find_busiest_group+584>:	cmp	w2, #0x1
0xffffbda55292af54 <find_busiest_group+588>:	b.gt	0xffffbda55292aea0 <find_busiest_group+408>
0xffffbda55292af58 <find_busiest_group+592>:	ldp	w5, w0, [x28, #80]
0xffffbda55292af5c <find_busiest_group+596>:	ldr	w6, [x27, #8]
0xffffbda55292af60 <find_busiest_group+600>:	add	w5, w5, w6
0xffffbda55292af64 <find_busiest_group+604>:	str	w5, [x28, #80]
0xffffbda55292af68 <find_busiest_group+608>:	ldr	w5, [x27, #12]
0xffffbda55292af6c <find_busiest_group+612>:	add	w0, w0, w5
0xffffbda55292af70 <find_busiest_group+616>:	str	w0, [x28, #84]
0xffffbda55292af74 <find_busiest_group+620>:	cbnz	w2, 0xffffbda55292aec8 <find_busiest_group+448>
0xffffbda55292af78 <find_busiest_group+624>:	mov	w0, w25
0xffffbda55292af7c <find_busiest_group+628>:	bl	0xffffbda55294d3b8 <idle_cpu>
0xffffbda55292af80 <find_busiest_group+632>:	cbz	w0, 0xffffbda55292aec8 <find_busiest_group+448>
0xffffbda55292af84 <find_busiest_group+636>:	ldr	w0, [x28, #48]
0xffffbda55292af88 <find_busiest_group+640>:	add	w3, w25, #0x1
0xffffbda55292af8c <find_busiest_group+644>:	add	w0, w0, #0x1
0xffffbda55292af90 <find_busiest_group+648>:	str	w0, [x28, #48]
0xffffbda55292af94 <find_busiest_group+652>:	b	0xffffbda55292ae10 <find_busiest_group+264>
0xffffbda55292af98 <find_busiest_group+656>:	ldr	w2, [x19, #44]
0xffffbda55292af9c <find_busiest_group+660>:	cmp	w2, #0x1
0xffffbda55292afa0 <find_busiest_group+664>:	b.eq	0xffffbda55292aef8 <find_busiest_group+496>  // b.none
0xffffbda55292afa4 <find_busiest_group+668>:	ldr	w2, [x27, #148]
0xffffbda55292afa8 <find_busiest_group+672>:	cmp	w2, #0x1
0xffffbda55292afac <find_busiest_group+676>:	b.ne	0xffffbda55292aef8 <find_busiest_group+496>  // b.any
0xffffbda55292afb0 <find_busiest_group+680>:	ldr	x2, [x27, #2776]
0xffffbda55292afb4 <find_busiest_group+684>:	ldr	x5, [x27, #2768]
0xffffbda55292afb8 <find_busiest_group+688>:	ldr	w0, [x0, #44]
0xffffbda55292afbc <find_busiest_group+692>:	add	x1, x2, x2, lsl #1
0xffffbda55292afc0 <find_busiest_group+696>:	add	x1, x2, x1, lsl #3
0xffffbda55292afc4 <find_busiest_group+700>:	mul	x0, x0, x5
0xffffbda55292afc8 <find_busiest_group+704>:	cmp	x0, x1, lsl #2
0xffffbda55292afcc <find_busiest_group+708>:	b.cs	0xffffbda55292aef8 <find_busiest_group+496>  // b.hs, b.nlast
0xffffbda55292afd0 <find_busiest_group+712>:	ldr	x0, [x28, #72]
0xffffbda55292afd4 <find_busiest_group+716>:	cmp	x0, x23
0xffffbda55292afd8 <find_busiest_group+720>:	b.cs	0xffffbda55292aef8 <find_busiest_group+496>  // b.hs, b.nlast
0xffffbda55292afdc <find_busiest_group+724>:	add	w3, w25, #0x1
0xffffbda55292afe0 <find_busiest_group+728>:	str	x23, [x28, #72]
0xffffbda55292afe4 <find_busiest_group+732>:	b	0xffffbda55292ae10 <find_busiest_group+264>
0xffffbda55292afe8 <find_busiest_group+736>:	ldr	x1, [x22, #24]
0xffffbda55292afec <find_busiest_group+740>:	ldr	x0, [x19]
0xffffbda55292aff0 <find_busiest_group+744>:	ldr	x1, [x1, #8]
0xffffbda55292aff4 <find_busiest_group+748>:	str	x1, [x28, #16]
0xffffbda55292aff8 <find_busiest_group+752>:	mov	x8, x0
0xffffbda55292affc <find_busiest_group+756>:	ldr	w1, [x22, #12]
0xffffbda55292b000 <find_busiest_group+760>:	str	w1, [x28, #52]
0xffffbda55292b004 <find_busiest_group+764>:	cmp	x22, x26
0xffffbda55292b008 <find_busiest_group+768>:	b.eq	0xffffbda55292b040 <find_busiest_group+824>  // b.none
0xffffbda55292b00c <find_busiest_group+772>:	ldr	w3, [x0, #60]
0xffffbda55292b010 <find_busiest_group+776>:	ldr	w2, [x19, #44]
0xffffbda55292b014 <find_busiest_group+780>:	tbz	w3, #11, 0xffffbda55292b370 <find_busiest_group+1640>
0xffffbda55292b018 <find_busiest_group+784>:	cmp	w2, #0x1
0xffffbda55292b01c <find_busiest_group+788>:	b.eq	0xffffbda55292b040 <find_busiest_group+824>  // b.none
0xffffbda55292b020 <find_busiest_group+792>:	ldr	w2, [x28, #44]
0xffffbda55292b024 <find_busiest_group+796>:	cbnz	w2, 0xffffbda55292b438 <find_busiest_group+1840>
0xffffbda55292b028 <find_busiest_group+800>:	ldr	w2, [x22, #36]
0xffffbda55292b02c <find_busiest_group+804>:	tbz	w2, #7, 0xffffbda55292b3c0 <find_busiest_group+1720>
0xffffbda55292b030 <find_busiest_group+808>:	mov	w2, w1
0xffffbda55292b034 <find_busiest_group+812>:	mov	w1, w2
0xffffbda55292b038 <find_busiest_group+816>:	mov	x8, x0
0xffffbda55292b03c <find_busiest_group+820>:	nop
0xffffbda55292b040 <find_busiest_group+824>:	ldr	w9, [x28, #40]
0xffffbda55292b044 <find_busiest_group+828>:	ldr	w7, [x0, #44]
0xffffbda55292b048 <find_busiest_group+832>:	cmp	w9, w1
0xffffbda55292b04c <find_busiest_group+836>:	b.ls	0xffffbda55292b084 <find_busiest_group+892>  // b.plast
0xffffbda55292b050 <find_busiest_group+840>:	ldp	x2, x3, [x28, #16]
0xffffbda55292b054 <find_busiest_group+844>:	mov	w6, w7
0xffffbda55292b058 <find_busiest_group+848>:	add	x5, x2, x2, lsl #1
0xffffbda55292b05c <find_busiest_group+852>:	mul	x3, x6, x3
0xffffbda55292b060 <find_busiest_group+856>:	add	x5, x2, x5, lsl #3
0xffffbda55292b064 <find_busiest_group+860>:	cmp	x3, x5, lsl #2
0xffffbda55292b068 <find_busiest_group+864>:	b.hi	0xffffbda55292b3a4 <find_busiest_group+1692>  // b.pmore
0xffffbda55292b06c <find_busiest_group+868>:	ldr	x5, [x28, #32]
0xffffbda55292b070 <find_busiest_group+872>:	mul	x6, x2, x6
0xffffbda55292b074 <find_busiest_group+876>:	add	x3, x5, x5, lsl #1
0xffffbda55292b078 <find_busiest_group+880>:	add	x3, x5, x3, lsl #3
0xffffbda55292b07c <find_busiest_group+884>:	cmp	x6, x3, lsl #2
0xffffbda55292b080 <find_busiest_group+888>:	b.cc	0xffffbda55292b3a4 <find_busiest_group+1692>  // b.lo, b.ul, b.last
0xffffbda55292b084 <find_busiest_group+892>:	ldr	x2, [x22, #24]
0xffffbda55292b088 <find_busiest_group+896>:	ldr	w2, [x2, #40]
0xffffbda55292b08c <find_busiest_group+900>:	cbnz	w2, 0xffffbda55292b40c <find_busiest_group+1796>
0xffffbda55292b090 <find_busiest_group+904>:	ldr	w2, [x28, #60]
0xffffbda55292b094 <find_busiest_group+908>:	cbnz	w2, 0xffffbda55292b420 <find_busiest_group+1816>
0xffffbda55292b098 <find_busiest_group+912>:	ldr	w2, [x28, #64]
0xffffbda55292b09c <find_busiest_group+916>:	cbnz	w2, 0xffffbda55292b42c <find_busiest_group+1828>
0xffffbda55292b0a0 <find_busiest_group+920>:	ldr	x2, [x28, #72]
0xffffbda55292b0a4 <find_busiest_group+924>:	cbnz	x2, 0xffffbda55292b4ac <find_busiest_group+1956>
0xffffbda55292b0a8 <find_busiest_group+928>:	cmp	w9, w1
0xffffbda55292b0ac <find_busiest_group+932>:	b.cc	0xffffbda55292b418 <find_busiest_group+1808>  // b.lo, b.ul, b.last
0xffffbda55292b0b0 <find_busiest_group+936>:	ldr	x2, [x28, #32]
0xffffbda55292b0b4 <find_busiest_group+940>:	mov	w7, w7
0xffffbda55292b0b8 <find_busiest_group+944>:	ldr	x3, [x28, #16]
0xffffbda55292b0bc <find_busiest_group+948>:	add	x1, x2, x2, lsl #1
0xffffbda55292b0c0 <find_busiest_group+952>:	mul	x5, x3, x7
0xffffbda55292b0c4 <find_busiest_group+956>:	add	x1, x2, x1, lsl #3
0xffffbda55292b0c8 <find_busiest_group+960>:	cmp	x5, x1, lsl #2
0xffffbda55292b0cc <find_busiest_group+964>:	b.cc	0xffffbda55292b0e8 <find_busiest_group+992>  // b.lo, b.ul, b.last
0xffffbda55292b0d0 <find_busiest_group+968>:	ldr	x2, [x28, #24]
0xffffbda55292b0d4 <find_busiest_group+972>:	add	x1, x3, x3, lsl #1
0xffffbda55292b0d8 <find_busiest_group+976>:	add	x1, x3, x1, lsl #3
0xffffbda55292b0dc <find_busiest_group+980>:	mul	x7, x7, x2
0xffffbda55292b0e0 <find_busiest_group+984>:	cmp	x7, x1, lsl #2
0xffffbda55292b0e4 <find_busiest_group+988>:	b.cc	0xffffbda55292b418 <find_busiest_group+1808>  // b.lo, b.ul, b.last
0xffffbda55292b0e8 <find_busiest_group+992>:	mov	w1, #0x1                   	// #1
0xffffbda55292b0ec <find_busiest_group+996>:	str	w1, [x28, #56]
0xffffbda55292b0f0 <find_busiest_group+1000>:	ldr	w1, [sp, #36]
0xffffbda55292b0f4 <find_busiest_group+1004>:	cbnz	w1, 0xffffbda55292b118 <find_busiest_group+1040>
0xffffbda55292b0f8 <find_busiest_group+1008>:	mov	x3, x28
0xffffbda55292b0fc <find_busiest_group+1012>:	mov	x2, x22
0xffffbda55292b100 <find_busiest_group+1016>:	add	x1, sp, #0x88
0xffffbda55292b104 <find_busiest_group+1020>:	mov	x0, x19
0xffffbda55292b108 <find_busiest_group+1024>:	bl	0xffffbda55291d2b8 <update_sd_pick_busiest>
0xffffbda55292b10c <find_busiest_group+1028>:	tbnz	w0, #0, 0xffffbda55292b3cc <find_busiest_group+1732>
0xffffbda55292b110 <find_busiest_group+1032>:	ldr	x0, [x19]
0xffffbda55292b114 <find_busiest_group+1036>:	mov	x8, x0
0xffffbda55292b118 <find_busiest_group+1040>:	ldp	x2, x1, [sp, #152]
0xffffbda55292b11c <find_busiest_group+1044>:	ldr	x3, [x28, #8]
0xffffbda55292b120 <find_busiest_group+1048>:	add	x2, x2, x3
0xffffbda55292b124 <find_busiest_group+1052>:	str	x2, [sp, #152]
0xffffbda55292b128 <find_busiest_group+1056>:	ldr	x3, [sp, #24]
0xffffbda55292b12c <find_busiest_group+1060>:	ldr	x2, [x28, #16]
0xffffbda55292b130 <find_busiest_group+1064>:	add	x1, x1, x2
0xffffbda55292b134 <find_busiest_group+1068>:	str	x1, [sp, #160]
0xffffbda55292b138 <find_busiest_group+1072>:	ldr	x2, [x28, #24]
0xffffbda55292b13c <find_busiest_group+1076>:	ldr	x22, [x22]
0xffffbda55292b140 <find_busiest_group+1080>:	add	x2, x3, x2
0xffffbda55292b144 <find_busiest_group+1084>:	ldr	x1, [x0, #16]
0xffffbda55292b148 <find_busiest_group+1088>:	str	x2, [sp, #24]
0xffffbda55292b14c <find_busiest_group+1092>:	cmp	x22, x1
0xffffbda55292b150 <find_busiest_group+1096>:	b.ne	0xffffbda55292ad88 <find_busiest_group+128>  // b.any
0xffffbda55292b154 <find_busiest_group+1100>:	ldr	x1, [sp, #136]
0xffffbda55292b158 <find_busiest_group+1104>:	cbz	x1, 0xffffbda55292b168 <find_busiest_group+1120>
0xffffbda55292b15c <find_busiest_group+1108>:	ldr	w1, [x1, #36]
0xffffbda55292b160 <find_busiest_group+1112>:	ubfx	x1, x1, #12, #1
0xffffbda55292b164 <find_busiest_group+1116>:	str	w1, [sp, #176]
0xffffbda55292b168 <find_busiest_group+1120>:	ldr	w1, [x0, #60]
0xffffbda55292b16c <find_busiest_group+1124>:	tbz	w1, #14, 0xffffbda55292b198 <find_busiest_group+1168>
0xffffbda55292b170 <find_busiest_group+1128>:	ldr	w2, [sp, #228]
0xffffbda55292b174 <find_busiest_group+1132>:	mov	w1, #0x0                   	// #0
0xffffbda55292b178 <find_busiest_group+1136>:	ldr	w3, [sp, #264]
0xffffbda55292b17c <find_busiest_group+1140>:	cmp	w2, w3
0xffffbda55292b180 <find_busiest_group+1144>:	b.hi	0xffffbda55292b194 <find_busiest_group+1164>  // b.pmore
0xffffbda55292b184 <find_busiest_group+1148>:	ldr	w1, [sp, #268]
0xffffbda55292b188 <find_busiest_group+1152>:	cmp	w2, w1
0xffffbda55292b18c <find_busiest_group+1156>:	cset	w1, ls  // ls = plast
0xffffbda55292b190 <find_busiest_group+1160>:	add	w1, w1, #0x1
0xffffbda55292b194 <find_busiest_group+1164>:	str	w1, [x19, #80]
0xffffbda55292b198 <find_busiest_group+1168>:	ldr	x0, [x0]
0xffffbda55292b19c <find_busiest_group+1172>:	cbz	x0, 0xffffbda55292b4b8 <find_busiest_group+1968>
0xffffbda55292b1a0 <find_busiest_group+1176>:	nop
0xffffbda55292b1a4 <find_busiest_group+1180>:	ldr	w0, [x19, #44]
0xffffbda55292b1a8 <find_busiest_group+1184>:	ldr	w1, [x19, #20]
0xffffbda55292b1ac <find_busiest_group+1188>:	cmp	w0, #0x2
0xffffbda55292b1b0 <find_busiest_group+1192>:	b.eq	0xffffbda55292b24c <find_busiest_group+1348>  // b.none
0xffffbda55292b1b4 <find_busiest_group+1196>:	adrp	x3, 0xffffbda554755000 <node_data+560>
0xffffbda55292b1b8 <find_busiest_group+1200>:	add	x3, x3, #0x5d0
0xffffbda55292b1bc <find_busiest_group+1204>:	adrp	x0, 0xffffbda554345000 <select_rq_mask+472>
0xffffbda55292b1c0 <find_busiest_group+1208>:	ldr	w2, [x8, #288]
0xffffbda55292b1c4 <find_busiest_group+1212>:	add	x0, x0, #0xad0
0xffffbda55292b1c8 <find_busiest_group+1216>:	ldr	x3, [x3, w1, sxtw #3]
0xffffbda55292b1cc <find_busiest_group+1220>:	ldr	w0, [x0, x3]
0xffffbda55292b1d0 <find_busiest_group+1224>:	cmp	w2, w0
0xffffbda55292b1d4 <find_busiest_group+1228>:	b.ne	0xffffbda55292b24c <find_busiest_group+1348>  // b.any
0xffffbda55292b1d8 <find_busiest_group+1232>:	adrp	x0, 0xffffbda554345000 <select_rq_mask+472>
0xffffbda55292b1dc <find_busiest_group+1236>:	add	x0, x0, #0xad8
0xffffbda55292b1e0 <find_busiest_group+1240>:	ldr	x4, [x3, x0]
0xffffbda55292b1e4 <find_busiest_group+1244>:	cbz	x4, 0xffffbda55292b24c <find_busiest_group+1348>
0xffffbda55292b1e8 <find_busiest_group+1248>:	ldr	x9, [sp, #24]
0xffffbda55292b1ec <find_busiest_group+1252>:	mov	w0, w2
0xffffbda55292b1f0 <find_busiest_group+1256>:	ldrsw	x7, [x8, #44]
0xffffbda55292b1f4 <find_busiest_group+1260>:	mov	x6, #0x594b                	// #22859
0xffffbda55292b1f8 <find_busiest_group+1264>:	movk	x6, #0x3886, lsl #16
0xffffbda55292b1fc <find_busiest_group+1268>:	mov	x3, #0x400                 	// #1024
0xffffbda55292b200 <find_busiest_group+1272>:	udiv	x0, x9, x0
0xffffbda55292b204 <find_busiest_group+1276>:	movk	x6, #0xc5d6, lsl #32
0xffffbda55292b208 <find_busiest_group+1280>:	movk	x6, #0x346d, lsl #48
0xffffbda55292b20c <find_busiest_group+1284>:	sxtw	x2, w2
0xffffbda55292b210 <find_busiest_group+1288>:	ldr	w5, [x4, #12]
0xffffbda55292b214 <find_busiest_group+1292>:	mul	x0, x0, x7
0xffffbda55292b218 <find_busiest_group+1296>:	mul	x0, x0, x0
0xffffbda55292b21c <find_busiest_group+1300>:	umulh	x0, x0, x6
0xffffbda55292b220 <find_busiest_group+1304>:	lsr	x0, x0, #21
0xffffbda55292b224 <find_busiest_group+1308>:	cmp	x0, x3
0xffffbda55292b228 <find_busiest_group+1312>:	csel	x0, x0, x3, le
0xffffbda55292b22c <find_busiest_group+1316>:	sub	x3, x3, x0
0xffffbda55292b230 <find_busiest_group+1320>:	mul	x0, x2, x3
0xffffbda55292b234 <find_busiest_group+1324>:	lsr	x0, x0, #10
0xffffbda55292b238 <find_busiest_group+1328>:	cmp	w0, w5
0xffffbda55292b23c <find_busiest_group+1332>:	b.eq	0xffffbda55292b24c <find_busiest_group+1348>  // b.none
0xffffbda55292b240 <find_busiest_group+1336>:	str	w0, [x4, #12]
0xffffbda55292b244 <find_busiest_group+1340>:	ldr	x8, [x19]
0xffffbda55292b248 <find_busiest_group+1344>:	ldr	w1, [x19, #20]
0xffffbda55292b24c <find_busiest_group+1348>:	ldp	x3, x2, [sp, #360]
0xffffbda55292b250 <find_busiest_group+1352>:	mov	x0, x8
0xffffbda55292b254 <find_busiest_group+1356>:	bl	0xffffbda552950830 <update_sd_ld_qos_stats>
0xffffbda55292b258 <find_busiest_group+1360>:	ldr	x3, [sp, #136]
0xffffbda55292b25c <find_busiest_group+1364>:	cbz	x3, 0xffffbda55292b608 <find_busiest_group+2304>
0xffffbda55292b260 <find_busiest_group+1368>:	ldr	w2, [sp, #240]
0xffffbda55292b264 <find_busiest_group+1372>:	cmp	w2, #0x2
0xffffbda55292b268 <find_busiest_group+1376>:	b.eq	0xffffbda55292b614 <find_busiest_group+2316>  // b.none
0xffffbda55292b26c <find_busiest_group+1380>:	cmp	w2, #0x4
0xffffbda55292b270 <find_busiest_group+1384>:	b.eq	0xffffbda55292b6b0 <find_busiest_group+2472>  // b.none
0xffffbda55292b274 <find_busiest_group+1388>:	cmp	w2, #0x5
0xffffbda55292b278 <find_busiest_group+1392>:	b.eq	0xffffbda55292b544 <find_busiest_group+2108>  // b.none
0xffffbda55292b27c <find_busiest_group+1396>:	ldr	w4, [sp, #328]
0xffffbda55292b280 <find_busiest_group+1400>:	cmp	w2, w4
0xffffbda55292b284 <find_busiest_group+1404>:	b.cc	0xffffbda55292b608 <find_busiest_group+2304>  // b.lo, b.ul, b.last
0xffffbda55292b288 <find_busiest_group+1408>:	cmp	w4, #0x6
0xffffbda55292b28c <find_busiest_group+1412>:	b.eq	0xffffbda55292b6c8 <find_busiest_group+2496>  // b.none
0xffffbda55292b290 <find_busiest_group+1416>:	ldr	w0, [sp, #176]
0xffffbda55292b294 <find_busiest_group+1420>:	cmp	w0, #0x0
0xffffbda55292b298 <find_busiest_group+1424>:	ccmp	w4, #0x0, #0x0, ne  // ne = any
0xffffbda55292b29c <find_busiest_group+1428>:	b.eq	0xffffbda55292b4dc <find_busiest_group+2004>  // b.none
0xffffbda55292b2a0 <find_busiest_group+1432>:	cmp	w2, #0x6
0xffffbda55292b2a4 <find_busiest_group+1436>:	b.eq	0xffffbda55292b720 <find_busiest_group+2584>  // b.none
0xffffbda55292b2a8 <find_busiest_group+1440>:	ldr	w0, [x19, #44]
0xffffbda55292b2ac <find_busiest_group+1444>:	cmp	w0, #0x1
0xffffbda55292b2b0 <find_busiest_group+1448>:	b.eq	0xffffbda55292b608 <find_busiest_group+2304>  // b.none
0xffffbda55292b2b4 <find_busiest_group+1452>:	cmp	w2, #0x3
0xffffbda55292b2b8 <find_busiest_group+1456>:	b.eq	0xffffbda55292b76c <find_busiest_group+2660>  // b.none
0xffffbda55292b2bc <find_busiest_group+1460>:	ldr	w0, [sp, #236]
0xffffbda55292b2c0 <find_busiest_group+1464>:	cmp	w0, #0x1
0xffffbda55292b2c4 <find_busiest_group+1468>:	b.ls	0xffffbda55292b7c0 <find_busiest_group+2744>  // b.plast
0xffffbda55292b2c8 <find_busiest_group+1472>:	ldr	w0, [sp, #232]
0xffffbda55292b2cc <find_busiest_group+1476>:	ldr	w1, [sp, #320]
0xffffbda55292b2d0 <find_busiest_group+1480>:	add	w0, w0, #0x1
0xffffbda55292b2d4 <find_busiest_group+1484>:	cmp	w1, w0
0xffffbda55292b2d8 <find_busiest_group+1488>:	b.ls	0xffffbda55292b608 <find_busiest_group+2304>  // b.plast
0xffffbda55292b2dc <find_busiest_group+1492>:	ldr	w0, [sp, #228]
0xffffbda55292b2e0 <find_busiest_group+1496>:	cmp	w0, #0x1
0xffffbda55292b2e4 <find_busiest_group+1500>:	b.eq	0xffffbda55292b608 <find_busiest_group+2304>  // b.none
0xffffbda55292b2e8 <find_busiest_group+1504>:	cmp	w2, #0x3
0xffffbda55292b2ec <find_busiest_group+1508>:	b.eq	0xffffbda55292b544 <find_busiest_group+2108>  // b.none
0xffffbda55292b2f0 <find_busiest_group+1512>:	cbz	w4, 0xffffbda55292b594 <find_busiest_group+2188>
0xffffbda55292b2f4 <find_busiest_group+1516>:	ldr	x1, [sp, #184]
0xffffbda55292b2f8 <find_busiest_group+1520>:	ldr	x5, [sp, #288]
0xffffbda55292b2fc <find_busiest_group+1524>:	cmp	w4, #0x5
0xffffbda55292b300 <find_busiest_group+1528>:	b.hi	0xffffbda55292b7d4 <find_busiest_group+2764>  // b.pmore
0xffffbda55292b304 <find_busiest_group+1532>:	ldr	x0, [sp, #280]
0xffffbda55292b308 <find_busiest_group+1536>:	lsl	x0, x0, #10
0xffffbda55292b30c <find_busiest_group+1540>:	udiv	x0, x0, x5
0xffffbda55292b310 <find_busiest_group+1544>:	str	x0, [sp, #272]
0xffffbda55292b314 <find_busiest_group+1548>:	cmp	x0, x1
0xffffbda55292b318 <find_busiest_group+1552>:	b.cs	0xffffbda55292b608 <find_busiest_group+2304>  // b.hs, b.nlast
0xffffbda55292b31c <find_busiest_group+1556>:	ldp	x2, x4, [sp, #152]
0xffffbda55292b320 <find_busiest_group+1560>:	lsl	x2, x2, #10
0xffffbda55292b324 <find_busiest_group+1564>:	udiv	x2, x2, x4
0xffffbda55292b328 <find_busiest_group+1568>:	str	x2, [sp, #168]
0xffffbda55292b32c <find_busiest_group+1572>:	cmp	x0, x2
0xffffbda55292b330 <find_busiest_group+1576>:	b.cs	0xffffbda55292b608 <find_busiest_group+2304>  // b.hs, b.nlast
0xffffbda55292b334 <find_busiest_group+1580>:	ldr	x4, [sp, #200]
0xffffbda55292b338 <find_busiest_group+1584>:	sub	x1, x1, x2
0xffffbda55292b33c <find_busiest_group+1588>:	sub	x0, x2, x0
0xffffbda55292b340 <find_busiest_group+1592>:	str	wzr, [x19, #84]
0xffffbda55292b344 <find_busiest_group+1596>:	mul	x1, x1, x4
0xffffbda55292b348 <find_busiest_group+1600>:	mul	x0, x0, x5
0xffffbda55292b34c <find_busiest_group+1604>:	cmp	x1, x0
0xffffbda55292b350 <find_busiest_group+1608>:	csel	x1, x1, x0, ls  // ls = plast
0xffffbda55292b354 <find_busiest_group+1612>:	lsr	x1, x1, #10
0xffffbda55292b358 <find_busiest_group+1616>:	str	x1, [x19, #48]
0xffffbda55292b35c <find_busiest_group+1620>:	cbnz	x1, 0xffffbda55292b554 <find_busiest_group+2124>
0xffffbda55292b360 <find_busiest_group+1624>:	mov	x3, #0x0                   	// #0
0xffffbda55292b364 <find_busiest_group+1628>:	b	0xffffbda55292b554 <find_busiest_group+2124>
0xffffbda55292b368 <find_busiest_group+1632>:	ldr	x0, [x19]
0xffffbda55292b36c <find_busiest_group+1636>:	ldr	w2, [x19, #44]
0xffffbda55292b370 <find_busiest_group+1640>:	cmp	w2, #0x1
0xffffbda55292b374 <find_busiest_group+1644>:	b.eq	0xffffbda55292b3c0 <find_busiest_group+1720>  // b.none
0xffffbda55292b378 <find_busiest_group+1648>:	ldr	w1, [x22, #36]
0xffffbda55292b37c <find_busiest_group+1652>:	tbz	w1, #7, 0xffffbda55292b3c0 <find_busiest_group+1720>
0xffffbda55292b380 <find_busiest_group+1656>:	ldr	w2, [x28, #52]
0xffffbda55292b384 <find_busiest_group+1660>:	ldr	w1, [x28, #44]
0xffffbda55292b388 <find_busiest_group+1664>:	cmp	w1, #0x1
0xffffbda55292b38c <find_busiest_group+1668>:	b.ls	0xffffbda55292b034 <find_busiest_group+812>  // b.plast
0xffffbda55292b390 <find_busiest_group+1672>:	mov	w1, w2
0xffffbda55292b394 <find_busiest_group+1676>:	mov	x8, x0
0xffffbda55292b398 <find_busiest_group+1680>:	mov	w2, #0x1                   	// #1
0xffffbda55292b39c <find_busiest_group+1684>:	str	w2, [x28, #64]
0xffffbda55292b3a0 <find_busiest_group+1688>:	b	0xffffbda55292b040 <find_busiest_group+824>
0xffffbda55292b3a4 <find_busiest_group+1692>:	ldr	x1, [x28, #8]
0xffffbda55292b3a8 <find_busiest_group+1696>:	mov	w3, #0x6                   	// #6
0xffffbda55292b3ac <find_busiest_group+1700>:	str	w3, [x28, #56]
0xffffbda55292b3b0 <find_busiest_group+1704>:	lsl	x1, x1, #10
0xffffbda55292b3b4 <find_busiest_group+1708>:	udiv	x1, x1, x2
0xffffbda55292b3b8 <find_busiest_group+1712>:	str	x1, [x28]
0xffffbda55292b3bc <find_busiest_group+1716>:	b	0xffffbda55292b0f0 <find_busiest_group+1000>
0xffffbda55292b3c0 <find_busiest_group+1720>:	ldr	w1, [x28, #52]
0xffffbda55292b3c4 <find_busiest_group+1724>:	mov	x8, x0
0xffffbda55292b3c8 <find_busiest_group+1728>:	b	0xffffbda55292b040 <find_busiest_group+824>
0xffffbda55292b3cc <find_busiest_group+1732>:	str	x22, [sp, #136]
0xffffbda55292b3d0 <find_busiest_group+1736>:	ldr	x0, [x19]
0xffffbda55292b3d4 <find_busiest_group+1740>:	ldp	x2, x3, [x28]
0xffffbda55292b3d8 <find_busiest_group+1744>:	stp	x2, x3, [sp, #184]
0xffffbda55292b3dc <find_busiest_group+1748>:	mov	x8, x0
0xffffbda55292b3e0 <find_busiest_group+1752>:	ldp	x2, x3, [x28, #16]
0xffffbda55292b3e4 <find_busiest_group+1756>:	stp	x2, x3, [sp, #200]
0xffffbda55292b3e8 <find_busiest_group+1760>:	ldp	x2, x3, [x28, #32]
0xffffbda55292b3ec <find_busiest_group+1764>:	stp	x2, x3, [sp, #216]
0xffffbda55292b3f0 <find_busiest_group+1768>:	ldp	x2, x3, [x28, #48]
0xffffbda55292b3f4 <find_busiest_group+1772>:	stp	x2, x3, [sp, #232]
0xffffbda55292b3f8 <find_busiest_group+1776>:	ldp	x2, x3, [x28, #64]
0xffffbda55292b3fc <find_busiest_group+1780>:	stp	x2, x3, [sp, #248]
0xffffbda55292b400 <find_busiest_group+1784>:	ldr	x2, [x28, #80]
0xffffbda55292b404 <find_busiest_group+1788>:	str	x2, [sp, #264]
0xffffbda55292b408 <find_busiest_group+1792>:	b	0xffffbda55292b118 <find_busiest_group+1040>
0xffffbda55292b40c <find_busiest_group+1796>:	mov	w1, #0x5                   	// #5
0xffffbda55292b410 <find_busiest_group+1800>:	str	w1, [x28, #56]
0xffffbda55292b414 <find_busiest_group+1804>:	b	0xffffbda55292b0f0 <find_busiest_group+1000>
0xffffbda55292b418 <find_busiest_group+1808>:	str	wzr, [x28, #56]
0xffffbda55292b41c <find_busiest_group+1812>:	b	0xffffbda55292b0f0 <find_busiest_group+1000>
0xffffbda55292b420 <find_busiest_group+1816>:	mov	w1, #0x4                   	// #4
0xffffbda55292b424 <find_busiest_group+1820>:	str	w1, [x28, #56]
0xffffbda55292b428 <find_busiest_group+1824>:	b	0xffffbda55292b0f0 <find_busiest_group+1000>
0xffffbda55292b42c <find_busiest_group+1828>:	mov	w1, #0x3                   	// #3
0xffffbda55292b430 <find_busiest_group+1832>:	str	w1, [x28, #56]
0xffffbda55292b434 <find_busiest_group+1836>:	b	0xffffbda55292b0f0 <find_busiest_group+1000>
0xffffbda55292b438 <find_busiest_group+1840>:	ldr	w1, [x19, #20]
0xffffbda55292b43c <find_busiest_group+1844>:	bl	0xffffbda5529160f0 <sched_use_asym_prio>
0xffffbda55292b440 <find_busiest_group+1848>:	tbz	w0, #0, 0xffffbda55292b368 <find_busiest_group+1632>
0xffffbda55292b444 <find_busiest_group+1852>:	ldr	w0, [x22, #36]
0xffffbda55292b448 <find_busiest_group+1856>:	tbz	w0, #7, 0xffffbda55292b478 <find_busiest_group+1904>
0xffffbda55292b44c <find_busiest_group+1860>:	ldp	w0, w1, [x28, #48]
0xffffbda55292b450 <find_busiest_group+1864>:	sub	w0, w1, w0
0xffffbda55292b454 <find_busiest_group+1868>:	mov	w2, w1
0xffffbda55292b458 <find_busiest_group+1872>:	cmp	w0, #0x1
0xffffbda55292b45c <find_busiest_group+1876>:	b.eq	0xffffbda55292b478 <find_busiest_group+1904>  // b.none
0xffffbda55292b460 <find_busiest_group+1880>:	ldr	w0, [x19, #44]
0xffffbda55292b464 <find_busiest_group+1884>:	cmp	w0, #0x1
0xffffbda55292b468 <find_busiest_group+1888>:	ldr	x0, [x19]
0xffffbda55292b46c <find_busiest_group+1892>:	mov	x8, x0
0xffffbda55292b470 <find_busiest_group+1896>:	b.ne	0xffffbda55292b384 <find_busiest_group+1660>  // b.any
0xffffbda55292b474 <find_busiest_group+1900>:	b	0xffffbda55292b040 <find_busiest_group+824>
0xffffbda55292b478 <find_busiest_group+1904>:	ldr	w0, [x19, #20]
0xffffbda55292b47c <find_busiest_group+1908>:	ldr	w20, [x22, #32]
0xffffbda55292b480 <find_busiest_group+1912>:	bl	0xffffbda55291d2a0 <arch_asym_cpu_priority>
0xffffbda55292b484 <find_busiest_group+1916>:	mov	w23, w0
0xffffbda55292b488 <find_busiest_group+1920>:	mov	w0, w20
0xffffbda55292b48c <find_busiest_group+1924>:	bl	0xffffbda55291d2a0 <arch_asym_cpu_priority>
0xffffbda55292b490 <find_busiest_group+1928>:	cmp	w23, w0
0xffffbda55292b494 <find_busiest_group+1932>:	ldr	x0, [x19]
0xffffbda55292b498 <find_busiest_group+1936>:	b.le	0xffffbda55292b4d4 <find_busiest_group+1996>
0xffffbda55292b49c <find_busiest_group+1940>:	mov	w1, #0x1                   	// #1
0xffffbda55292b4a0 <find_busiest_group+1944>:	ldr	w2, [x19, #44]
0xffffbda55292b4a4 <find_busiest_group+1948>:	str	w1, [x28, #60]
0xffffbda55292b4a8 <find_busiest_group+1952>:	b	0xffffbda55292b370 <find_busiest_group+1640>
0xffffbda55292b4ac <find_busiest_group+1956>:	mov	w1, #0x2                   	// #2
0xffffbda55292b4b0 <find_busiest_group+1960>:	str	w1, [x28, #56]
0xffffbda55292b4b4 <find_busiest_group+1964>:	b	0xffffbda55292b0f0 <find_busiest_group+1000>
0xffffbda55292b4b8 <find_busiest_group+1968>:	ldr	x0, [x19, #24]
0xffffbda55292b4bc <find_busiest_group+1972>:	ldr	w1, [sp, #32]
0xffffbda55292b4c0 <find_busiest_group+1976>:	ldr	x0, [x0, #2752]
0xffffbda55292b4c4 <find_busiest_group+1980>:	str	w1, [x0, #1048]
0xffffbda55292b4c8 <find_busiest_group+1984>:	ldr	x8, [x19]
0xffffbda55292b4cc <find_busiest_group+1988>:	nop
0xffffbda55292b4d0 <find_busiest_group+1992>:	b	0xffffbda55292b1a4 <find_busiest_group+1180>
0xffffbda55292b4d4 <find_busiest_group+1996>:	ldr	w2, [x19, #44]
0xffffbda55292b4d8 <find_busiest_group+2000>:	b	0xffffbda55292b370 <find_busiest_group+1640>
0xffffbda55292b4dc <find_busiest_group+2004>:	ldr	w0, [x19, #44]
0xffffbda55292b4e0 <find_busiest_group+2008>:	cmp	w0, #0x1
0xffffbda55292b4e4 <find_busiest_group+2012>:	b.eq	0xffffbda55292b800 <find_busiest_group+2808>  // b.none
0xffffbda55292b4e8 <find_busiest_group+2016>:	ldr	w0, [sp, #224]
0xffffbda55292b4ec <find_busiest_group+2020>:	cbz	w0, 0xffffbda55292b7b0 <find_busiest_group+2728>
0xffffbda55292b4f0 <find_busiest_group+2024>:	ldr	x1, [sp, #144]
0xffffbda55292b4f4 <find_busiest_group+2028>:	ldr	w5, [x3, #16]
0xffffbda55292b4f8 <find_busiest_group+2032>:	ldr	w6, [sp, #312]
0xffffbda55292b4fc <find_busiest_group+2036>:	ldr	w7, [x1, #16]
0xffffbda55292b500 <find_busiest_group+2040>:	cmp	w5, w7
0xffffbda55292b504 <find_busiest_group+2044>:	b.eq	0xffffbda55292b7e0 <find_busiest_group+2776>  // b.none
0xffffbda55292b508 <find_busiest_group+2048>:	mul	w1, w0, w7
0xffffbda55292b50c <find_busiest_group+2052>:	sxtw	x9, w5
0xffffbda55292b510 <find_busiest_group+2056>:	mul	w8, w5, w6
0xffffbda55292b514 <find_busiest_group+2060>:	add	w5, w5, w7
0xffffbda55292b518 <find_busiest_group+2064>:	add	x7, x9, w7, sxtw
0xffffbda55292b51c <find_busiest_group+2068>:	cmp	x8, x1
0xffffbda55292b520 <find_busiest_group+2072>:	sxtw	x5, w5
0xffffbda55292b524 <find_busiest_group+2076>:	csel	x8, x8, x1, le
0xffffbda55292b528 <find_busiest_group+2080>:	sub	x1, x1, x8
0xffffbda55292b52c <find_busiest_group+2084>:	add	x1, x7, x1, lsl #1
0xffffbda55292b530 <find_busiest_group+2088>:	sdiv	x1, x1, x5
0xffffbda55292b534 <find_busiest_group+2092>:	cmp	x1, #0x1
0xffffbda55292b538 <find_busiest_group+2096>:	b.le	0xffffbda55292b7a4 <find_busiest_group+2716>
0xffffbda55292b53c <find_busiest_group+2100>:	cmp	w2, #0x3
0xffffbda55292b540 <find_busiest_group+2104>:	b.ne	0xffffbda55292b594 <find_busiest_group+2188>  // b.any
0xffffbda55292b544 <find_busiest_group+2108>:	mov	w0, #0x2                   	// #2
0xffffbda55292b548 <find_busiest_group+2112>:	mov	x1, #0x1                   	// #1
0xffffbda55292b54c <find_busiest_group+2116>:	str	x1, [x19, #48]
0xffffbda55292b550 <find_busiest_group+2120>:	str	w0, [x19, #84]
0xffffbda55292b554 <find_busiest_group+2124>:	mrs	x0, sp_el0
0xffffbda55292b558 <find_busiest_group+2128>:	ldr	x2, [sp, #376]
0xffffbda55292b55c <find_busiest_group+2132>:	ldr	x1, [x0, #2088]
0xffffbda55292b560 <find_busiest_group+2136>:	subs	x2, x2, x1
0xffffbda55292b564 <find_busiest_group+2140>:	mov	x1, #0x0                   	// #0
0xffffbda55292b568 <find_busiest_group+2144>:	b.ne	0xffffbda55292b85c <find_busiest_group+2900>  // b.any
0xffffbda55292b56c <find_busiest_group+2148>:	ldp	x29, x30, [sp, #384]
0xffffbda55292b570 <find_busiest_group+2152>:	mov	x0, x3
0xffffbda55292b574 <find_busiest_group+2156>:	ldp	x19, x20, [sp, #400]
0xffffbda55292b578 <find_busiest_group+2160>:	ldp	x21, x22, [sp, #416]
0xffffbda55292b57c <find_busiest_group+2164>:	ldp	x23, x24, [sp, #432]
0xffffbda55292b580 <find_busiest_group+2168>:	ldp	x25, x26, [sp, #448]
0xffffbda55292b584 <find_busiest_group+2172>:	ldp	x27, x28, [sp, #464]
0xffffbda55292b588 <find_busiest_group+2176>:	add	sp, sp, #0x1e0
0xffffbda55292b58c <find_busiest_group+2180>:	autiasp
0xffffbda55292b590 <find_busiest_group+2184>:	ret
0xffffbda55292b594 <find_busiest_group+2188>:	ldr	x0, [x19]
0xffffbda55292b598 <find_busiest_group+2192>:	mov	x5, x0
0xffffbda55292b59c <find_busiest_group+2196>:	cmp	w2, #0x1
0xffffbda55292b5a0 <find_busiest_group+2200>:	b.hi	0xffffbda55292b728 <find_busiest_group+2592>  // b.pmore
0xffffbda55292b5a4 <find_busiest_group+2204>:	ldr	w1, [sp, #236]
0xffffbda55292b5a8 <find_busiest_group+2208>:	cmp	w1, #0x1
0xffffbda55292b5ac <find_busiest_group+2212>:	b.eq	0xffffbda55292b634 <find_busiest_group+2348>  // b.none
0xffffbda55292b5b0 <find_busiest_group+2216>:	ldr	w0, [sp, #176]
0xffffbda55292b5b4 <find_busiest_group+2220>:	cbnz	w0, 0xffffbda55292b634 <find_busiest_group+2348>
0xffffbda55292b5b8 <find_busiest_group+2224>:	ldr	w2, [sp, #324]
0xffffbda55292b5bc <find_busiest_group+2228>:	mov	w4, #0x2                   	// #2
0xffffbda55292b5c0 <find_busiest_group+2232>:	ldr	w0, [sp, #232]
0xffffbda55292b5c4 <find_busiest_group+2236>:	ldr	w6, [sp, #320]
0xffffbda55292b5c8 <find_busiest_group+2240>:	add	w0, w0, w2
0xffffbda55292b5cc <find_busiest_group+2244>:	str	w4, [x19, #84]
0xffffbda55292b5d0 <find_busiest_group+2248>:	add	w1, w1, w6
0xffffbda55292b5d4 <find_busiest_group+2252>:	sub	w2, w1, w0
0xffffbda55292b5d8 <find_busiest_group+2256>:	str	x2, [x19, #48]
0xffffbda55292b5dc <find_busiest_group+2260>:	asr	x1, x2, #1
0xffffbda55292b5e0 <find_busiest_group+2264>:	ldr	w0, [x5, #60]
0xffffbda55292b5e4 <find_busiest_group+2268>:	tbz	w0, #14, 0xffffbda55292b358 <find_busiest_group+1616>
0xffffbda55292b5e8 <find_busiest_group+2272>:	ldr	w0, [x5, #52]
0xffffbda55292b5ec <find_busiest_group+2276>:	mov	w1, w2
0xffffbda55292b5f0 <find_busiest_group+2280>:	ldr	w4, [sp, #224]
0xffffbda55292b5f4 <find_busiest_group+2284>:	cmp	w4, w0
0xffffbda55292b5f8 <find_busiest_group+2288>:	b.gt	0xffffbda55292b838 <find_busiest_group+2864>
0xffffbda55292b5fc <find_busiest_group+2292>:	sbfx	x1, x1, #1, #31
0xffffbda55292b600 <find_busiest_group+2296>:	cmp	w2, w0
0xffffbda55292b604 <find_busiest_group+2300>:	b.gt	0xffffbda55292b358 <find_busiest_group+1616>
0xffffbda55292b608 <find_busiest_group+2304>:	str	xzr, [x19, #48]
0xffffbda55292b60c <find_busiest_group+2308>:	mov	x3, #0x0                   	// #0
0xffffbda55292b610 <find_busiest_group+2312>:	b	0xffffbda55292b554 <find_busiest_group+2124>
0xffffbda55292b614 <find_busiest_group+2316>:	ldr	x0, [x19]
0xffffbda55292b618 <find_busiest_group+2320>:	ldr	w0, [x0, #60]
0xffffbda55292b61c <find_busiest_group+2324>:	tbnz	w0, #5, 0xffffbda55292b764 <find_busiest_group+2652>
0xffffbda55292b620 <find_busiest_group+2328>:	ldr	x1, [sp, #256]
0xffffbda55292b624 <find_busiest_group+2332>:	str	x1, [x19, #48]
0xffffbda55292b628 <find_busiest_group+2336>:	str	wzr, [x19, #84]
0xffffbda55292b62c <find_busiest_group+2340>:	cbnz	x1, 0xffffbda55292b554 <find_busiest_group+2124>
0xffffbda55292b630 <find_busiest_group+2344>:	b	0xffffbda55292b360 <find_busiest_group+1624>
0xffffbda55292b634 <find_busiest_group+2348>:	ldr	w0, [x19, #44]
0xffffbda55292b638 <find_busiest_group+2352>:	mov	w1, #0x2                   	// #2
0xffffbda55292b63c <find_busiest_group+2356>:	str	w1, [x19, #84]
0xffffbda55292b640 <find_busiest_group+2360>:	mov	x2, #0x0                   	// #0
0xffffbda55292b644 <find_busiest_group+2364>:	cmp	w0, #0x1
0xffffbda55292b648 <find_busiest_group+2368>:	b.eq	0xffffbda55292b5d8 <find_busiest_group+2256>  // b.none
0xffffbda55292b64c <find_busiest_group+2372>:	ldr	w4, [sp, #224]
0xffffbda55292b650 <find_busiest_group+2376>:	cbz	w4, 0xffffbda55292b5d8 <find_busiest_group+2256>
0xffffbda55292b654 <find_busiest_group+2380>:	ldr	x1, [sp, #144]
0xffffbda55292b658 <find_busiest_group+2384>:	ldr	w0, [x3, #16]
0xffffbda55292b65c <find_busiest_group+2388>:	ldr	w2, [sp, #312]
0xffffbda55292b660 <find_busiest_group+2392>:	ldr	w6, [x1, #16]
0xffffbda55292b664 <find_busiest_group+2396>:	cmp	w0, w6
0xffffbda55292b668 <find_busiest_group+2400>:	b.eq	0xffffbda55292b844 <find_busiest_group+2876>  // b.none
0xffffbda55292b66c <find_busiest_group+2404>:	mul	w1, w4, w6
0xffffbda55292b670 <find_busiest_group+2408>:	sxtw	x8, w0
0xffffbda55292b674 <find_busiest_group+2412>:	mul	w7, w0, w2
0xffffbda55292b678 <find_busiest_group+2416>:	add	w0, w0, w6
0xffffbda55292b67c <find_busiest_group+2420>:	add	x6, x8, w6, sxtw
0xffffbda55292b680 <find_busiest_group+2424>:	mov	x8, #0x2                   	// #2
0xffffbda55292b684 <find_busiest_group+2428>:	cmp	x7, x1
0xffffbda55292b688 <find_busiest_group+2432>:	sxtw	x0, w0
0xffffbda55292b68c <find_busiest_group+2436>:	csel	x7, x7, x1, le
0xffffbda55292b690 <find_busiest_group+2440>:	cmp	w2, #0x0
0xffffbda55292b694 <find_busiest_group+2444>:	sub	x2, x1, x7
0xffffbda55292b698 <find_busiest_group+2448>:	ccmp	w4, #0x1, #0x4, eq  // eq = none
0xffffbda55292b69c <find_busiest_group+2452>:	add	x2, x6, x2, lsl #1
0xffffbda55292b6a0 <find_busiest_group+2456>:	sdiv	x2, x2, x0
0xffffbda55292b6a4 <find_busiest_group+2460>:	ccmp	x2, #0x1, #0x0, ne  // ne = any
0xffffbda55292b6a8 <find_busiest_group+2464>:	csel	x2, x2, x8, gt
0xffffbda55292b6ac <find_busiest_group+2468>:	b	0xffffbda55292b5d8 <find_busiest_group+2256>
0xffffbda55292b6b0 <find_busiest_group+2472>:	ldr	w1, [sp, #228]
0xffffbda55292b6b4 <find_busiest_group+2476>:	mov	w0, #0x2                   	// #2
0xffffbda55292b6b8 <find_busiest_group+2480>:	str	x1, [x19, #48]
0xffffbda55292b6bc <find_busiest_group+2484>:	str	w0, [x19, #84]
0xffffbda55292b6c0 <find_busiest_group+2488>:	cbnz	x1, 0xffffbda55292b554 <find_busiest_group+2124>
0xffffbda55292b6c4 <find_busiest_group+2492>:	b	0xffffbda55292b360 <find_busiest_group+1624>
0xffffbda55292b6c8 <find_busiest_group+2496>:	ldr	x1, [sp, #184]
0xffffbda55292b6cc <find_busiest_group+2500>:	ldr	x0, [sp, #272]
0xffffbda55292b6d0 <find_busiest_group+2504>:	cmp	x0, x1
0xffffbda55292b6d4 <find_busiest_group+2508>:	b.cs	0xffffbda55292b608 <find_busiest_group+2304>  // b.hs, b.nlast
0xffffbda55292b6d8 <find_busiest_group+2512>:	ldp	x5, x6, [sp, #152]
0xffffbda55292b6dc <find_busiest_group+2516>:	lsl	x5, x5, #10
0xffffbda55292b6e0 <find_busiest_group+2520>:	udiv	x5, x5, x6
0xffffbda55292b6e4 <find_busiest_group+2524>:	str	x5, [sp, #168]
0xffffbda55292b6e8 <find_busiest_group+2528>:	cmp	x0, x5
0xffffbda55292b6ec <find_busiest_group+2532>:	b.cs	0xffffbda55292b608 <find_busiest_group+2304>  // b.hs, b.nlast
0xffffbda55292b6f0 <find_busiest_group+2536>:	ldr	x5, [x19]
0xffffbda55292b6f4 <find_busiest_group+2540>:	add	x6, x1, x1, lsl #1
0xffffbda55292b6f8 <find_busiest_group+2544>:	add	x6, x1, x6, lsl #3
0xffffbda55292b6fc <find_busiest_group+2548>:	ldr	w5, [x5, #44]
0xffffbda55292b700 <find_busiest_group+2552>:	mul	x5, x5, x0
0xffffbda55292b704 <find_busiest_group+2556>:	cmp	x5, x6, lsl #2
0xffffbda55292b708 <find_busiest_group+2560>:	b.cs	0xffffbda55292b608 <find_busiest_group+2304>  // b.hs, b.nlast
0xffffbda55292b70c <find_busiest_group+2564>:	cmp	w2, #0x6
0xffffbda55292b710 <find_busiest_group+2568>:	b.ne	0xffffbda55292b2a8 <find_busiest_group+1440>  // b.any
0xffffbda55292b714 <find_busiest_group+2572>:	ldr	x2, [sp, #168]
0xffffbda55292b718 <find_busiest_group+2576>:	ldr	x5, [sp, #288]
0xffffbda55292b71c <find_busiest_group+2580>:	b	0xffffbda55292b334 <find_busiest_group+1580>
0xffffbda55292b720 <find_busiest_group+2584>:	cbnz	w4, 0xffffbda55292b2f4 <find_busiest_group+1516>
0xffffbda55292b724 <find_busiest_group+2588>:	ldr	x0, [x19]
0xffffbda55292b728 <find_busiest_group+2592>:	mov	x5, x0
0xffffbda55292b72c <find_busiest_group+2596>:	ldr	w0, [x0, #60]
0xffffbda55292b730 <find_busiest_group+2600>:	tbnz	w0, #9, 0xffffbda55292b5a4 <find_busiest_group+2204>
0xffffbda55292b734 <find_busiest_group+2604>:	ldp	x1, x0, [sp, #288]
0xffffbda55292b738 <find_busiest_group+2608>:	mov	w2, #0x1                   	// #1
0xffffbda55292b73c <find_busiest_group+2612>:	str	w2, [x19, #84]
0xffffbda55292b740 <find_busiest_group+2616>:	ldr	w2, [x19, #44]
0xffffbda55292b744 <find_busiest_group+2620>:	cmp	x1, x0
0xffffbda55292b748 <find_busiest_group+2624>:	csel	x1, x1, x0, cs  // cs = hs, nlast
0xffffbda55292b74c <find_busiest_group+2628>:	subs	x1, x1, x0
0xffffbda55292b750 <find_busiest_group+2632>:	str	x1, [x19, #48]
0xffffbda55292b754 <find_busiest_group+2636>:	ccmp	w2, #0x1, #0x4, eq  // eq = none
0xffffbda55292b758 <find_busiest_group+2640>:	b.ne	0xffffbda55292b544 <find_busiest_group+2108>  // b.any
0xffffbda55292b75c <find_busiest_group+2644>:	cbnz	x1, 0xffffbda55292b554 <find_busiest_group+2124>
0xffffbda55292b760 <find_busiest_group+2648>:	b	0xffffbda55292b360 <find_busiest_group+1624>
0xffffbda55292b764 <find_busiest_group+2652>:	mov	w0, #0x3                   	// #3
0xffffbda55292b768 <find_busiest_group+2656>:	b	0xffffbda55292b548 <find_busiest_group+2112>
0xffffbda55292b76c <find_busiest_group+2660>:	ldr	x0, [sp, #144]
0xffffbda55292b770 <find_busiest_group+2664>:	cbz	x0, 0xffffbda55292b784 <find_busiest_group+2684>
0xffffbda55292b774 <find_busiest_group+2668>:	ldr	w0, [x0, #36]
0xffffbda55292b778 <find_busiest_group+2672>:	ldr	w1, [x3, #36]
0xffffbda55292b77c <find_busiest_group+2676>:	eor	w0, w0, w1
0xffffbda55292b780 <find_busiest_group+2680>:	tbnz	w0, #7, 0xffffbda55292b544 <find_busiest_group+2108>
0xffffbda55292b784 <find_busiest_group+2684>:	ldr	w0, [sp, #236]
0xffffbda55292b788 <find_busiest_group+2688>:	cmp	w0, #0x1
0xffffbda55292b78c <find_busiest_group+2692>:	b.hi	0xffffbda55292b2c8 <find_busiest_group+1472>  // b.pmore
0xffffbda55292b790 <find_busiest_group+2696>:	ldr	w0, [sp, #228]
0xffffbda55292b794 <find_busiest_group+2700>:	cmp	w0, #0x1
0xffffbda55292b798 <find_busiest_group+2704>:	b.ne	0xffffbda55292b544 <find_busiest_group+2108>  // b.any
0xffffbda55292b79c <find_busiest_group+2708>:	str	xzr, [x19, #48]
0xffffbda55292b7a0 <find_busiest_group+2712>:	b	0xffffbda55292b60c <find_busiest_group+2308>
0xffffbda55292b7a4 <find_busiest_group+2716>:	cmp	w6, #0x0
0xffffbda55292b7a8 <find_busiest_group+2720>:	ccmp	w0, #0x1, #0x4, eq  // eq = none
0xffffbda55292b7ac <find_busiest_group+2724>:	b.ne	0xffffbda55292b53c <find_busiest_group+2100>  // b.any
0xffffbda55292b7b0 <find_busiest_group+2728>:	cmp	w2, #0x6
0xffffbda55292b7b4 <find_busiest_group+2732>:	b.ne	0xffffbda55292b2b4 <find_busiest_group+1452>  // b.any
0xffffbda55292b7b8 <find_busiest_group+2736>:	ldr	x0, [x19]
0xffffbda55292b7bc <find_busiest_group+2740>:	b	0xffffbda55292b728 <find_busiest_group+2592>
0xffffbda55292b7c0 <find_busiest_group+2744>:	ldr	w0, [sp, #228]
0xffffbda55292b7c4 <find_busiest_group+2748>:	cmp	w0, #0x1
0xffffbda55292b7c8 <find_busiest_group+2752>:	b.ne	0xffffbda55292b2f0 <find_busiest_group+1512>  // b.any
0xffffbda55292b7cc <find_busiest_group+2756>:	str	xzr, [x19, #48]
0xffffbda55292b7d0 <find_busiest_group+2760>:	b	0xffffbda55292b60c <find_busiest_group+2308>
0xffffbda55292b7d4 <find_busiest_group+2764>:	ldr	x2, [sp, #168]
0xffffbda55292b7d8 <find_busiest_group+2768>:	ldr	x0, [sp, #272]
0xffffbda55292b7dc <find_busiest_group+2772>:	b	0xffffbda55292b334 <find_busiest_group+1580>
0xffffbda55292b7e0 <find_busiest_group+2776>:	mov	w0, w0
0xffffbda55292b7e4 <find_busiest_group+2780>:	mov	w6, w6
0xffffbda55292b7e8 <find_busiest_group+2784>:	cmp	x6, x0
0xffffbda55292b7ec <find_busiest_group+2788>:	csel	x6, x6, x0, le
0xffffbda55292b7f0 <find_busiest_group+2792>:	sub	x0, x0, x6
0xffffbda55292b7f4 <find_busiest_group+2796>:	cmp	x0, #0x1
0xffffbda55292b7f8 <find_busiest_group+2800>:	b.gt	0xffffbda55292b53c <find_busiest_group+2100>
0xffffbda55292b7fc <find_busiest_group+2804>:	b	0xffffbda55292b7b0 <find_busiest_group+2728>
0xffffbda55292b800 <find_busiest_group+2808>:	cmp	w2, #0x6
0xffffbda55292b804 <find_busiest_group+2812>:	b.ne	0xffffbda55292b608 <find_busiest_group+2304>  // b.any
0xffffbda55292b808 <find_busiest_group+2816>:	ldr	x5, [x19]
0xffffbda55292b80c <find_busiest_group+2820>:	ldr	w0, [x5, #60]
0xffffbda55292b810 <find_busiest_group+2824>:	tbnz	w0, #9, 0xffffbda55292b5a4 <find_busiest_group+2204>
0xffffbda55292b814 <find_busiest_group+2828>:	ldp	x1, x0, [sp, #288]
0xffffbda55292b818 <find_busiest_group+2832>:	mov	w2, #0x1                   	// #1
0xffffbda55292b81c <find_busiest_group+2836>:	str	w2, [x19, #84]
0xffffbda55292b820 <find_busiest_group+2840>:	cmp	x1, x0
0xffffbda55292b824 <find_busiest_group+2844>:	csel	x1, x1, x0, cs  // cs = hs, nlast
0xffffbda55292b828 <find_busiest_group+2848>:	sub	x1, x1, x0
0xffffbda55292b82c <find_busiest_group+2852>:	str	x1, [x19, #48]
0xffffbda55292b830 <find_busiest_group+2856>:	cbnz	x1, 0xffffbda55292b554 <find_busiest_group+2124>
0xffffbda55292b834 <find_busiest_group+2860>:	b	0xffffbda55292b360 <find_busiest_group+1624>
0xffffbda55292b838 <find_busiest_group+2864>:	sbfx	x1, x2, #1, #31
0xffffbda55292b83c <find_busiest_group+2868>:	str	x1, [x19, #48]
0xffffbda55292b840 <find_busiest_group+2872>:	b	0xffffbda55292b35c <find_busiest_group+1620>
0xffffbda55292b844 <find_busiest_group+2876>:	mov	w4, w4
0xffffbda55292b848 <find_busiest_group+2880>:	mov	w2, w2
0xffffbda55292b84c <find_busiest_group+2884>:	cmp	x2, x4
0xffffbda55292b850 <find_busiest_group+2888>:	csel	x2, x2, x4, le
0xffffbda55292b854 <find_busiest_group+2892>:	sub	x2, x4, x2
0xffffbda55292b858 <find_busiest_group+2896>:	b	0xffffbda55292b5d8 <find_busiest_group+2256>
0xffffbda55292b85c <find_busiest_group+2900>:	bl	0xffffbda5536d6da0 <__stack_chk_fail>
crash> quit
