
crash 8.0.4-17.oe2403sp4
Copyright (C) 2002-2022  Red Hat, Inc.
Copyright (C) 2004, 2005, 2006, 2010  IBM Corporation
Copyright (C) 1999-2006  Hewlett-Packard Co
Copyright (C) 2005, 2006, 2011, 2012  Fujitsu Limited
Copyright (C) 2006, 2007  VA Linux Systems Japan K.K.
Copyright (C) 2005, 2011, 2020-2022  NEC Corporation
Copyright (C) 1999, 2002, 2007  Silicon Graphics, Inc.
Copyright (C) 1999, 2000, 2001, 2002  Mission Critical Linux, Inc.
Copyright (C) 2015, 2021  VMware, Inc.
This program is free software, covered by the GNU General Public License,
and you are welcome to change it and/or distribute copies of it under
certain conditions.  Enter "help copying" to see the conditions.
This program has absolutely no warranty.  Enter "help warranty" for details.
 
NOTE: stdin: not a tty

GNU gdb (GDB) 10.2
Copyright (C) 2021 Free Software Foundation, Inc.
License GPLv3+: GNU GPL version 3 or later <http://gnu.org/licenses/gpl.html>
This is free software: you are free to change and redistribute it.
There is NO WARRANTY, to the extent permitted by law.
Type "show copying" and "show warranty" for details.
This GDB was configured as "aarch64-unknown-linux-gnu".
Type "show configuration" for configuration details.
Find the GDB manual and other documentation resources online at:
    <http://www.gnu.org/software/gdb/documentation/>.

For help, type "help".
Type "apropos word" to search for commands related to "word"...

crash: seek error: kernel virtual address: ffff800080000058  type: "IRQ stack pointer"
crash: seek error: kernel virtual address: ffff800080022058  type: "IRQ stack pointer"
crash: seek error: kernel virtual address: ffff800080044058  type: "IRQ stack pointer"
crash: seek error: kernel virtual address: ffff800080066058  type: "IRQ stack pointer"
crash: seek error: kernel virtual address: ffff800080088058  type: "IRQ stack pointer"
crash: seek error: kernel virtual address: ffff8000800aa058  type: "IRQ stack pointer"
crash: seek error: kernel virtual address: ffff8000800cc058  type: "IRQ stack pointer"
crash: seek error: kernel virtual address: ffff8000800ee058  type: "IRQ stack pointer"
crash: seek error: kernel virtual address: ffff800080110058  type: "IRQ stack pointer"
crash: seek error: kernel virtual address: ffff800080132058  type: "IRQ stack pointer"
crash: seek error: kernel virtual address: ffff800080154058  type: "IRQ stack pointer"
crash: seek error: kernel virtual address: ffff800080176058  type: "IRQ stack pointer"
crash: seek error: kernel virtual address: ffff800080198058  type: "IRQ stack pointer"
crash: seek error: kernel virtual address: ffff8000801ba058  type: "IRQ stack pointer"
crash: seek error: kernel virtual address: ffff8000801dc058  type: "IRQ stack pointer"
crash: seek error: kernel virtual address: ffff8000801fe058  type: "IRQ stack pointer"
crash: seek error: kernel virtual address: ffff800080220058  type: "IRQ stack pointer"
crash: seek error: kernel virtual address: ffff800080242058  type: "IRQ stack pointer"
crash: seek error: kernel virtual address: ffff800080264058  type: "IRQ stack pointer"
crash: seek error: kernel virtual address: ffff800080286058  type: "IRQ stack pointer"
crash: seek error: kernel virtual address: ffff8000802a8058  type: "IRQ stack pointer"
crash: seek error: kernel virtual address: ffff8000802ca058  type: "IRQ stack pointer"
crash: seek error: kernel virtual address: ffff8000802ec058  type: "IRQ stack pointer"
crash: seek error: kernel virtual address: ffff80008030e058  type: "IRQ stack pointer"
crash: seek error: kernel virtual address: ffff800080330058  type: "IRQ stack pointer"
crash: seek error: kernel virtual address: ffff800080352058  type: "IRQ stack pointer"
crash: seek error: kernel virtual address: ffff800080374058  type: "IRQ stack pointer"
crash: seek error: kernel virtual address: ffff800080396058  type: "IRQ stack pointer"
crash: seek error: kernel virtual address: ffff8000803b8058  type: "IRQ stack pointer"
crash: seek error: kernel virtual address: ffff8000803da058  type: "IRQ stack pointer"
crash: seek error: kernel virtual address: ffff8000803fc058  type: "IRQ stack pointer"
crash: seek error: kernel virtual address: ffff80008041e058  type: "IRQ stack pointer"
crash: seek error: kernel virtual address: ffff800080440058  type: "IRQ stack pointer"
crash: seek error: kernel virtual address: ffff800080462058  type: "IRQ stack pointer"
crash: seek error: kernel virtual address: ffff800080484058  type: "IRQ stack pointer"
crash: seek error: kernel virtual address: ffff8000804a6058  type: "IRQ stack pointer"
crash: seek error: kernel virtual address: ffff8000804c8058  type: "IRQ stack pointer"
crash: seek error: kernel virtual address: ffff8000804ea058  type: "IRQ stack pointer"
crash: seek error: kernel virtual address: ffff80008050c058  type: "IRQ stack pointer"
crash: seek error: kernel virtual address: ffff80008052e058  type: "IRQ stack pointer"
crash: seek error: kernel virtual address: ffff800080550058  type: "IRQ stack pointer"
crash: seek error: kernel virtual address: ffff800080572058  type: "IRQ stack pointer"
crash: seek error: kernel virtual address: ffff800080594058  type: "IRQ stack pointer"
crash: seek error: kernel virtual address: ffff8000805b6058  type: "IRQ stack pointer"
crash: seek error: kernel virtual address: ffff8000805d8058  type: "IRQ stack pointer"
crash: seek error: kernel virtual address: ffff8000805fa058  type: "IRQ stack pointer"
crash: seek error: kernel virtual address: ffff80008061c058  type: "IRQ stack pointer"
crash: seek error: kernel virtual address: ffff80008063e058  type: "IRQ stack pointer"
crash: seek error: kernel virtual address: ffff800080660058  type: "IRQ stack pointer"
crash: seek error: kernel virtual address: ffff800080682058  type: "IRQ stack pointer"
crash: seek error: kernel virtual address: ffff8000806a4058  type: "IRQ stack pointer"
crash: seek error: kernel virtual address: ffff8000806c6058  type: "IRQ stack pointer"
crash: seek error: kernel virtual address: ffff8000806e8058  type: "IRQ stack pointer"
crash: seek error: kernel virtual address: ffff80008070a058  type: "IRQ stack pointer"
crash: seek error: kernel virtual address: ffff80008072c058  type: "IRQ stack pointer"
